docker.exe : #0 building with "desktop-linux" instance using docker driver
At line:1 char:1
+ & "C:\Program Files\Docker\Docker\resources\bin\docker.exe" build -f  ...
+ ~~~~~~~~~~~~~~~~~~~~~~~~~~~~~~~~~~~~~~~~~~~~~~~~~~~~~~~~~~~~~~~~~~~~~
    + CategoryInfo          : NotSpecified: (#0 building wit...g docker driver:String) [], RemoteException
    + FullyQualifiedErrorId : NativeCommandError
 

#1 [internal] load build definition from Dockerfile
#1 transferring dockerfile: 662B done
#1 DONE 0.0s

#2 [internal] load metadata for docker.io/library/python:3.11-slim
#2 DONE 0.0s

#3 [internal] load .dockerignore
#3 transferring context: 2B done
#3 DONE 0.0s

#4 [internal] load build context
#4 transferring context: 6.98kB done
#4 DONE 0.0s

#5 [1/6] FROM docker.io/library/python:3.11-slim@sha256:ae52c5bef62a6bdd42cd1e8dffef86b9cd284bde9427da79839de7a4b983e7ca
#5 resolve docker.io/library/python:3.11-slim@sha256:ae52c5bef62a6bdd42cd1e8dffef86b9cd284bde9427da79839de7a4b983e7ca 0.0s done
#5 DONE 0.0s

#6 [2/6] WORKDIR /app
#6 CACHED

#7 [3/6] RUN apt-get update     && apt-get install -y --no-install-recommends         build-essential         cmake         
libopenblas-dev         liblapack-dev         libatlas3-base         libx11-dev         libgtk-3-dev         libsm6         libxrender1 
        libjpeg-dev         libpng-dev         libtiff-dev         git     && rm -rf /var/lib/apt/lists/*
#7 0.315 Hit:1 http://deb.debian.org/debian trixie InRelease
#7 0.368 Get:2 http://deb.debian.org/debian trixie-updates InRelease [47.3 kB]
#7 0.500 Get:3 http://deb.debian.org/debian-security trixie-security InRelease [43.4 kB]
#7 0.576 Get:4 http://deb.debian.org/debian trixie/main amd64 Packages [9671 kB]
#7 1.468 Get:5 http://deb.debian.org/debian trixie-updates/main amd64 Packages [5412 B]
#7 1.533 Get:6 http://deb.debian.org/debian-security trixie-security/main amd64 Packages [217 kB]
#7 1.922 Fetched 9985 kB in 2s (5557 kB/s)
#7 1.922 Reading package lists...
#7 2.246 Reading package lists...
#7 2.560 Building dependency tree...
#7 2.640 Reading state information...
#7 2.751 The following additional packages will be installed:
#7 2.751   adwaita-icon-theme at-spi2-common binutils binutils-common
#7 2.751   binutils-x86-64-linux-gnu bzip2 cmake-data cpp cpp-14
#7 2.751   cpp-14-x86-64-linux-gnu cpp-x86-64-linux-gnu dbus dbus-bin dbus-daemon
#7 2.751   dbus-session-bus-common dbus-system-bus-common dbus-user-session
#7 2.751   dconf-gsettings-backend dconf-service dpkg-dev fontconfig fontconfig-config
#7 2.751   fonts-dejavu-core fonts-dejavu-mono g++ g++-14 g++-14-x86-64-linux-gnu
#7 2.751   g++-x86-64-linux-gnu gcc gcc-14 gcc-14-x86-64-linux-gnu gcc-x86-64-linux-gnu
#7 2.751   gir1.2-atk-1.0 gir1.2-atspi-2.0 gir1.2-cloudproviders-0.3.0
#7 2.751   gir1.2-freedesktop gir1.2-freedesktop-dev gir1.2-gdkpixbuf-2.0
#7 2.751   gir1.2-glib-2.0 gir1.2-glib-2.0-dev gir1.2-gtk-3.0 gir1.2-harfbuzz-0.0
#7 2.751   gir1.2-pango-1.0 girepository-tools git-man gtk-update-icon-cache
#7 2.751   hicolor-icon-theme icu-devtools libapparmor1 libarchive13t64 libasan8
#7 2.751   libatk-bridge2.0-0t64 libatk-bridge2.0-dev libatk1.0-0t64 libatk1.0-dev
#7 2.751   libatomic1 libatspi2.0-0t64 libatspi2.0-dev libavahi-client3
#7 2.751   libavahi-common-data libavahi-common3 libbinutils libblas3 libblkid-dev
#7 2.751   libbrotli-dev libbrotli1 libbz2-dev libc-dev-bin libc6-dev libcairo-gobject2
#7 2.751   libcairo-script-interpreter2 libcairo2 libcairo2-dev libcap-dev libcc1-0
#7 2.751   libcloudproviders-dev libcloudproviders0 libcolord2 libcom-err2 libcrypt-dev
#7 2.751   libctf-nobfd0 libctf0 libcups2t64 libcurl3t64-gnutls libcurl4t64
#7 2.751   libdatrie-dev libdatrie1 libdbus-1-3 libdbus-1-dev libdconf1 libdeflate-dev
#7 2.751   libdeflate0 libdpkg-perl libdrm-amdgpu1 libdrm-common libdrm-intel1 libdrm2
#7 2.751   libedit2 libegl-dev libegl-mesa0 libegl1 libegl1-mesa-dev libelf1t64
#7 2.751   libepoxy-dev libepoxy0 liberror-perl libexpat1 libexpat1-dev libffi-dev
#7 2.751   libfontconfig-dev libfontconfig1 libfreetype-dev libfreetype6 libfribidi-dev
#7 2.751   libfribidi0 libgbm1 libgcc-14-dev libgdbm-compat4t64 libgdk-pixbuf-2.0-0
#7 2.751   libgdk-pixbuf-2.0-dev libgdk-pixbuf2.0-bin libgdk-pixbuf2.0-common
#7 2.751   libgfortran5 libgio-2.0-dev libgio-2.0-dev-bin libgirepository-2.0-0
#7 2.751   libgl-dev libgl1 libgl1-mesa-dri libgles-dev libgles1 libgles2
#7 2.751   libglib2.0-0t64 libglib2.0-bin libglib2.0-data libglib2.0-dev
#7 2.751   libglib2.0-dev-bin libglvnd-core-dev libglvnd-dev libglvnd0 libglx-dev
#7 2.751   libglx-mesa0 libglx0 libgnutls30t64 libgomp1 libgprofng0 libgraphite2-3
#7 2.751   libgraphite2-dev libgssapi-krb5-2 libgtk-3-0t64 libgtk-3-common
#7 2.751   libharfbuzz-cairo0 libharfbuzz-dev libharfbuzz-gobject0 libharfbuzz-icu0
#7 2.751   libharfbuzz-subset0 libharfbuzz0b libhwasan0 libice-dev libice6 libicu-dev
#7 2.751   libicu76 libidn2-0 libisl23 libitm1 libjansson4 libjbig-dev libjbig0
#7 2.751   libjpeg62-turbo libjpeg62-turbo-dev libjsoncpp26 libk5crypto3 libkeyutils1
#7 2.751   libkrb5-3 libkrb5support0 liblapack3 liblcms2-2 libldap2 liblerc-dev
#7 2.751   liblerc4 libllvm19 liblsan0 liblzma-dev liblzo2-2 libmount-dev libmpc3
#7 2.751   libmpfr6 libnghttp2-14 libnghttp3-9 libngtcp2-16 libngtcp2-crypto-gnutls8
#7 2.751   libopenblas-pthread-dev libopenblas0 libopenblas0-pthread libopengl-dev
#7 2.751   libopengl0 libp11-kit0 libpam-systemd libpango-1.0-0 libpango1.0-dev
#7 2.751   libpangocairo-1.0-0 libpangoft2-1.0-0 libpangoxft-1.0-0 libpciaccess0
#7 2.751   libpcre2-16-0 libpcre2-32-0 libpcre2-dev libpcre2-posix3 libperl5.40
#7 2.751   libpixman-1-0 libpixman-1-dev libpkgconf3 libpng16-16t64 libproc2-0
#7 2.751   libpsl5t64 libpython3-stdlib libpython3.13-minimal libpython3.13-stdlib
#7 2.751   libquadmath0 librhash1 librtmp1 libsasl2-2 libsasl2-modules-db
#7 2.751   libselinux1-dev libsensors-config libsensors5 libsepol-dev libsframe1
#7 2.751   libsharpyuv-dev libsharpyuv0 libsm-dev libssh2-1t64 libstdc++-14-dev
#7 2.751   libsysprof-capture-4-dev libsystemd-dev libsystemd-shared libtasn1-6
#7 2.751   libthai-data libthai-dev libthai0 libtiff6 libtiffxx6 libtsan2 libubsan1
#7 2.751   libunistring5 libuv1t64 libvulkan1 libwayland-bin libwayland-client0
#7 2.751   libwayland-cursor0 libwayland-dev libwayland-egl1 libwayland-server0
#7 2.751   libwebp-dev libwebp7 libwebpdecoder3 libwebpdemux2 libwebpmux3 libx11-6
#7 2.751   libx11-data libx11-xcb1 libxau-dev libxau6 libxcb-dri3-0 libxcb-glx0
#7 2.751   libxcb-present0 libxcb-randr0 libxcb-render0 libxcb-render0-dev libxcb-shm0
#7 2.751   libxcb-shm0-dev libxcb-sync1 libxcb-xfixes0 libxcb1 libxcb1-dev
#7 2.751   libxcomposite-dev libxcomposite1 libxcursor-dev libxcursor1 libxdamage-dev
#7 2.751   libxdamage1 libxdmcp-dev libxdmcp6 libxext-dev libxext6 libxfixes-dev
#7 2.751   libxfixes3 libxft-dev libxft2 libxi-dev libxi6 libxinerama-dev libxinerama1
#7 2.751   libxkbcommon-dev libxkbcommon0 libxml2 libxrandr-dev libxrandr2
#7 2.751   libxrender-dev libxshmfence1 libxtst-dev libxtst6 libxxf86vm1 libz3-4
#7 2.751   libzstd-dev linux-libc-dev make media-types mesa-libgallium
#7 2.751   native-architecture pango1.0-tools patch perl perl-modules-5.40 pkgconf
#7 2.752   pkgconf-bin procps python3 python3-minimal python3-packaging python3.13
#7 2.752   python3.13-minimal rpcsvc-proto sgml-base shared-mime-info systemd
#7 2.752   systemd-sysv uuid-dev wayland-protocols x11-common x11proto-dev xkb-data
#7 2.752   xml-core xorg-sgml-doctools xtrans-dev xz-utils zlib1g-dev
#7 2.753 Suggested packages:
#7 2.753   adwaita-icon-theme-legacy binutils-doc gprofng-gui binutils-gold bzip2-doc
#7 2.753   cmake-doc cmake-format elpa-cmake-mode ninja-build cpp-doc gcc-14-locales
#7 2.753   cpp-14-doc debian-keyring debian-tag2upload-keyring g++-multilib
#7 2.753   g++-14-multilib gcc-14-doc gcc-multilib manpages-dev autoconf automake
#7 2.753   libtool flex bison gdb gcc-doc gcc-14-multilib gdb-x86-64-linux-gnu
#7 2.753   gettext-base git-doc git-email git-gui gitk gitweb git-cvs git-mediawiki
#7 2.753   git-svn lrzip libc-devtools glibc-doc libcairo2-doc libcloudproviders-doc
#7 2.753   colord cups-common libdatrie-doc sq | sqop | rsop | gosop | pgpainless-cli
#7 2.753   | gpg-sq | gnupg sensible-utils bzr freetype2-doc libglib2.0-doc
#7 2.753   libxml2-utils low-memory-monitor gnutls-bin libgraphite2-utils krb5-doc
#7 2.753   krb5-user gvfs libgtk-3-doc libice-doc icu-doc liblapack-doc liblcms2-utils
#7 2.753   liblzma-doc libcryptsetup12 libtss2-rc0t64 libpango1.0-doc pciutils
#7 2.753   lm-sensors libsm-doc libstdc++-14-doc libbpf1 libdw1t64 libfido2-1
#7 2.753   libgcrypt20 libip4tc2 libpwquality1 libqrencode4 libthai-doc libwayland-doc
#7 2.753   libx11-doc libxcb-doc libxext-doc make-doc graphicsmagick ed diffutils-doc
#7 2.753   perl-doc libterm-readline-gnu-perl | libterm-readline-perl-perl
#7 2.753   libtap-harness-archive-perl python3-doc python3-tk python3-venv
#7 2.753   python3.13-venv python3.13-doc binfmt-support sgml-base-doc
#7 2.753   systemd-container systemd-homed systemd-userdbd systemd-boot
#7 2.753   systemd-resolved systemd-repart libtss2-tcti-device0 polkitd debhelper
#7 2.753 Recommended packages:
#7 2.753   librsvg2-common fakeroot sq | sqop | rsop | gosop | pgpainless-cli | gpg-sq
#7 2.753   | gnupg libalgorithm-merge-perl less ssh-client at-spi2-core bzip2-doc
#7 2.753   manpages manpages-dev libfile-fcntllock-perl liblocale-gettext-perl
#7 2.753   xdg-user-dirs libgtk-3-bin krb5-locales libldap-common libpng-tools
#7 2.753   publicsuffix libsasl2-modules libkmod2 mesa-vulkan-drivers | vulkan-icd
#7 2.753   psmisc linux-sysctl-defaults systemd-timesyncd | time-daemon
#7 2.753   systemd-cryptsetup libnss-systemd
#7 3.695 The following NEW packages will be installed:
#7 3.695   adwaita-icon-theme at-spi2-common binutils binutils-common
#7 3.695   binutils-x86-64-linux-gnu build-essential bzip2 cmake cmake-data cpp cpp-14
#7 3.695   cpp-14-x86-64-linux-gnu cpp-x86-64-linux-gnu dbus dbus-bin dbus-daemon
#7 3.695   dbus-session-bus-common dbus-system-bus-common dbus-user-session
#7 3.695   dconf-gsettings-backend dconf-service dpkg-dev fontconfig fontconfig-config
#7 3.695   fonts-dejavu-core fonts-dejavu-mono g++ g++-14 g++-14-x86-64-linux-gnu
#7 3.695   g++-x86-64-linux-gnu gcc gcc-14 gcc-14-x86-64-linux-gnu gcc-x86-64-linux-gnu
#7 3.695   gir1.2-atk-1.0 gir1.2-atspi-2.0 gir1.2-cloudproviders-0.3.0
#7 3.695   gir1.2-freedesktop gir1.2-freedesktop-dev gir1.2-gdkpixbuf-2.0
#7 3.695   gir1.2-glib-2.0 gir1.2-glib-2.0-dev gir1.2-gtk-3.0 gir1.2-harfbuzz-0.0
#7 3.695   gir1.2-pango-1.0 girepository-tools git git-man gtk-update-icon-cache
#7 3.695   hicolor-icon-theme icu-devtools libapparmor1 libarchive13t64 libasan8
#7 3.695   libatk-bridge2.0-0t64 libatk-bridge2.0-dev libatk1.0-0t64 libatk1.0-dev
#7 3.695   libatlas3-base libatomic1 libatspi2.0-0t64 libatspi2.0-dev libavahi-client3
#7 3.695   libavahi-common-data libavahi-common3 libbinutils libblas3 libblkid-dev
#7 3.695   libbrotli-dev libbrotli1 libbz2-dev libc-dev-bin libc6-dev libcairo-gobject2
#7 3.695   libcairo-script-interpreter2 libcairo2 libcairo2-dev libcap-dev libcc1-0
#7 3.695   libcloudproviders-dev libcloudproviders0 libcolord2 libcom-err2 libcrypt-dev
#7 3.695   libctf-nobfd0 libctf0 libcups2t64 libcurl3t64-gnutls libcurl4t64
#7 3.695   libdatrie-dev libdatrie1 libdbus-1-3 libdbus-1-dev libdconf1 libdeflate-dev
#7 3.695   libdeflate0 libdpkg-perl libdrm-amdgpu1 libdrm-common libdrm-intel1 libdrm2
#7 3.695   libedit2 libegl-dev libegl-mesa0 libegl1 libegl1-mesa-dev libelf1t64
#7 3.695   libepoxy-dev libepoxy0 liberror-perl libexpat1 libexpat1-dev libffi-dev
#7 3.695   libfontconfig-dev libfontconfig1 libfreetype-dev libfreetype6 libfribidi-dev
#7 3.695   libfribidi0 libgbm1 libgcc-14-dev libgdbm-compat4t64 libgdk-pixbuf-2.0-0
#7 3.695   libgdk-pixbuf-2.0-dev libgdk-pixbuf2.0-bin libgdk-pixbuf2.0-common
#7 3.695   libgfortran5 libgio-2.0-dev libgio-2.0-dev-bin libgirepository-2.0-0
#7 3.695   libgl-dev libgl1 libgl1-mesa-dri libgles-dev libgles1 libgles2
#7 3.695   libglib2.0-0t64 libglib2.0-bin libglib2.0-data libglib2.0-dev
#7 3.695   libglib2.0-dev-bin libglvnd-core-dev libglvnd-dev libglvnd0 libglx-dev
#7 3.695   libglx-mesa0 libglx0 libgnutls30t64 libgomp1 libgprofng0 libgraphite2-3
#7 3.695   libgraphite2-dev libgssapi-krb5-2 libgtk-3-0t64 libgtk-3-common libgtk-3-dev
#7 3.695   libharfbuzz-cairo0 libharfbuzz-dev libharfbuzz-gobject0 libharfbuzz-icu0
#7 3.695   libharfbuzz-subset0 libharfbuzz0b libhwasan0 libice-dev libice6 libicu-dev
#7 3.695   libicu76 libidn2-0 libisl23 libitm1 libjansson4 libjbig-dev libjbig0
#7 3.695   libjpeg-dev libjpeg62-turbo libjpeg62-turbo-dev libjsoncpp26 libk5crypto3
#7 3.695   libkeyutils1 libkrb5-3 libkrb5support0 liblapack-dev liblapack3 liblcms2-2
#7 3.695   libldap2 liblerc-dev liblerc4 libllvm19 liblsan0 liblzma-dev liblzo2-2
#7 3.695   libmount-dev libmpc3 libmpfr6 libnghttp2-14 libnghttp3-9 libngtcp2-16
#7 3.695   libngtcp2-crypto-gnutls8 libopenblas-dev libopenblas-pthread-dev
#7 3.695   libopenblas0 libopenblas0-pthread libopengl-dev libopengl0 libp11-kit0
#7 3.695   libpam-systemd libpango-1.0-0 libpango1.0-dev libpangocairo-1.0-0
#7 3.695   libpangoft2-1.0-0 libpangoxft-1.0-0 libpciaccess0 libpcre2-16-0
#7 3.695   libpcre2-32-0 libpcre2-dev libpcre2-posix3 libperl5.40 libpixman-1-0
#7 3.695   libpixman-1-dev libpkgconf3 libpng-dev libpng16-16t64 libproc2-0 libpsl5t64
#7 3.695   libpython3-stdlib libpython3.13-minimal libpython3.13-stdlib libquadmath0
#7 3.696   librhash1 librtmp1 libsasl2-2 libsasl2-modules-db libselinux1-dev
#7 3.696   libsensors-config libsensors5 libsepol-dev libsframe1 libsharpyuv-dev
#7 3.696   libsharpyuv0 libsm-dev libsm6 libssh2-1t64 libstdc++-14-dev
#7 3.696   libsysprof-capture-4-dev libsystemd-dev libsystemd-shared libtasn1-6
#7 3.696   libthai-data libthai-dev libthai0 libtiff-dev libtiff6 libtiffxx6 libtsan2
#7 3.696   libubsan1 libunistring5 libuv1t64 libvulkan1 libwayland-bin
#7 3.696   libwayland-client0 libwayland-cursor0 libwayland-dev libwayland-egl1
#7 3.696   libwayland-server0 libwebp-dev libwebp7 libwebpdecoder3 libwebpdemux2
#7 3.696   libwebpmux3 libx11-6 libx11-data libx11-dev libx11-xcb1 libxau-dev libxau6
#7 3.696   libxcb-dri3-0 libxcb-glx0 libxcb-present0 libxcb-randr0 libxcb-render0
#7 3.696   libxcb-render0-dev libxcb-shm0 libxcb-shm0-dev libxcb-sync1 libxcb-xfixes0
#7 3.696   libxcb1 libxcb1-dev libxcomposite-dev libxcomposite1 libxcursor-dev
#7 3.696   libxcursor1 libxdamage-dev libxdamage1 libxdmcp-dev libxdmcp6 libxext-dev
#7 3.696   libxext6 libxfixes-dev libxfixes3 libxft-dev libxft2 libxi-dev libxi6
#7 3.696   libxinerama-dev libxinerama1 libxkbcommon-dev libxkbcommon0 libxml2
#7 3.696   libxrandr-dev libxrandr2 libxrender-dev libxrender1 libxshmfence1
#7 3.696   libxtst-dev libxtst6 libxxf86vm1 libz3-4 libzstd-dev linux-libc-dev make
#7 3.696   media-types mesa-libgallium native-architecture pango1.0-tools patch perl
#7 3.696   perl-modules-5.40 pkgconf pkgconf-bin procps python3 python3-minimal
#7 3.696   python3-packaging python3.13 python3.13-minimal rpcsvc-proto sgml-base
#7 3.696   shared-mime-info systemd systemd-sysv uuid-dev wayland-protocols x11-common
#7 3.696   x11proto-dev xkb-data xml-core xorg-sgml-doctools xtrans-dev xz-utils
#7 3.696   zlib1g-dev
#7 3.834 0 upgraded, 350 newly installed, 0 to remove and 0 not upgraded.
#7 3.834 Need to get 259 MB of archives.
#7 3.834 After this operation, 1175 MB of additional disk space will be used.
#7 3.834 Get:1 http://deb.debian.org/debian trixie/main amd64 libsystemd-shared amd64 257.13-1~deb13u1 [2155 kB]
#7 4.316 Get:2 http://deb.debian.org/debian trixie/main amd64 libapparmor1 amd64 4.1.0-1 [43.7 kB]
#7 4.320 Get:3 http://deb.debian.org/debian trixie/main amd64 systemd amd64 257.13-1~deb13u1 [3094 kB]
#7 4.517 Get:4 http://deb.debian.org/debian trixie/main amd64 systemd-sysv amd64 257.13-1~deb13u1 [64.9 kB]
#7 4.522 Get:5 http://deb.debian.org/debian trixie/main amd64 libdbus-1-3 amd64 1.16.2-2 [178 kB]
#7 4.533 Get:6 http://deb.debian.org/debian trixie/main amd64 dbus-bin amd64 1.16.2-2 [80.0 kB]
#7 4.542 Get:7 http://deb.debian.org/debian trixie/main amd64 dbus-session-bus-common all 1.16.2-2 [52.3 kB]
#7 4.545 Get:8 http://deb.debian.org/debian trixie/main amd64 libexpat1 amd64 2.7.1-2 [108 kB]
#7 4.553 Get:9 http://deb.debian.org/debian trixie/main amd64 dbus-daemon amd64 1.16.2-2 [159 kB]
#7 4.563 Get:10 http://deb.debian.org/debian trixie/main amd64 dbus-system-bus-common all 1.16.2-2 [53.5 kB]
#7 4.567 Get:11 http://deb.debian.org/debian trixie/main amd64 dbus amd64 1.16.2-2 [71.6 kB]
#7 4.572 Get:12 http://deb.debian.org/debian trixie/main amd64 libpython3.13-minimal amd64 3.13.5-2+deb13u2 [862 kB]
#7 4.636 Get:13 http://deb.debian.org/debian trixie/main amd64 python3.13-minimal amd64 3.13.5-2+deb13u2 [2217 kB]
#7 4.790 Get:14 http://deb.debian.org/debian trixie/main amd64 python3-minimal amd64 3.13.5-1 [27.2 kB]
#7 4.792 Get:15 http://deb.debian.org/debian trixie/main amd64 media-types all 13.0.0 [29.3 kB]
#7 4.794 Get:16 http://deb.debian.org/debian trixie/main amd64 libpython3.13-stdlib amd64 3.13.5-2+deb13u2 [1958 kB]
#7 4.928 Get:17 http://deb.debian.org/debian trixie/main amd64 python3.13 amd64 3.13.5-2+deb13u2 [757 kB]
#7 4.983 Get:18 http://deb.debian.org/debian trixie/main amd64 libpython3-stdlib amd64 3.13.5-1 [10.2 kB]
#7 4.984 Get:19 http://deb.debian.org/debian trixie/main amd64 python3 amd64 3.13.5-1 [28.2 kB]
#7 4.986 Get:20 http://deb.debian.org/debian trixie/main amd64 libproc2-0 amd64 2:4.0.4-9 [65.6 kB]
#7 4.990 Get:21 http://deb.debian.org/debian trixie/main amd64 procps amd64 2:4.0.4-9 [882 kB]
#7 5.050 Get:22 http://deb.debian.org/debian trixie/main amd64 bzip2 amd64 1.0.8-6 [40.5 kB]
#7 5.054 Get:23 http://deb.debian.org/debian trixie/main amd64 libpam-systemd amd64 257.13-1~deb13u1 [297 kB]
#7 5.073 Get:24 http://deb.debian.org/debian trixie/main amd64 perl-modules-5.40 all 5.40.1-6 [3019 kB]
#7 5.273 Get:25 http://deb.debian.org/debian trixie/main amd64 libgdbm-compat4t64 amd64 1.24-2 [50.3 kB]
#7 5.276 Get:26 http://deb.debian.org/debian trixie/main amd64 libperl5.40 amd64 5.40.1-6 [4341 kB]
#7 5.567 Get:27 http://deb.debian.org/debian trixie/main amd64 perl amd64 5.40.1-6 [267 kB]
#7 5.585 Get:28 http://deb.debian.org/debian trixie/main amd64 xz-utils amd64 5.8.1-1 [660 kB]
#7 5.629 Get:29 http://deb.debian.org/debian trixie/main amd64 libgdk-pixbuf2.0-common all 2.42.12+dfsg-4+deb13u1 [312 kB]
#7 5.649 Get:30 http://deb.debian.org/debian trixie/main amd64 libatomic1 amd64 14.2.0-19 [9308 B]
#7 5.650 Get:31 http://deb.debian.org/debian trixie/main amd64 libglib2.0-0t64 amd64 2.84.4-3~deb13u3 [1519 kB]
#7 5.754 Get:32 http://deb.debian.org/debian trixie/main amd64 libxml2 amd64 2.12.7+dfsg+really2.9.14-2.1+deb13u2 [698 kB]
#7 5.795 Get:33 http://deb.debian.org/debian trixie/main amd64 shared-mime-info amd64 2.4-5+b2 [760 kB]
#7 5.843 Get:34 http://deb.debian.org/debian trixie/main amd64 libjpeg62-turbo amd64 1:2.1.5-4 [168 kB]
#7 5.852 Get:35 http://deb.debian.org/debian trixie/main amd64 libpng16-16t64 amd64 1.6.48-1+deb13u5 [283 kB]
#7 5.868 Get:36 http://deb.debian.org/debian trixie/main amd64 libdeflate0 amd64 1.23-2 [47.3 kB]
#7 5.871 Get:37 http://deb.debian.org/debian trixie/main amd64 libjbig0 amd64 2.1-6.1+b2 [32.1 kB]
#7 5.873 Get:38 http://deb.debian.org/debian trixie/main amd64 liblerc4 amd64 4.0.0+ds-5 [183 kB]
#7 5.885 Get:39 http://deb.debian.org/debian trixie/main amd64 libsharpyuv0 amd64 1.5.0-0.1 [116 kB]
#7 5.892 Get:40 http://deb.debian.org/debian trixie/main amd64 libwebp7 amd64 1.5.0-0.1 [318 kB]
#7 5.911 Get:41 http://deb.debian.org/debian trixie/main amd64 libtiff6 amd64 4.7.0-3+deb13u2 [345 kB]
#7 5.931 Get:42 http://deb.debian.org/debian trixie/main amd64 libgdk-pixbuf-2.0-0 amd64 2.42.12+dfsg-4+deb13u1 [141 kB]
#7 5.939 Get:43 http://deb.debian.org/debian trixie/main amd64 gtk-update-icon-cache amd64 4.18.6+ds-2 [52.7 kB]
#7 5.943 Get:44 http://deb.debian.org/debian trixie/main amd64 hicolor-icon-theme all 0.18-2 [11.8 kB]
#7 5.979 Get:45 http://deb.debian.org/debian trixie/main amd64 adwaita-icon-theme all 48.1-1 [504 kB]
#7 6.008 Get:46 http://deb.debian.org/debian trixie/main amd64 at-spi2-common all 2.56.2-1+deb13u1 [171 kB]
#7 6.054 Get:47 http://deb.debian.org/debian trixie/main amd64 libsframe1 amd64 2.44-3 [78.4 kB]
#7 6.058 Get:48 http://deb.debian.org/debian trixie/main amd64 binutils-common amd64 2.44-3 [2509 kB]
#7 6.362 Get:49 http://deb.debian.org/debian trixie/main amd64 libbinutils amd64 2.44-3 [534 kB]
#7 6.433 Get:50 http://deb.debian.org/debian trixie/main amd64 libgprofng0 amd64 2.44-3 [808 kB]
#7 6.508 Get:51 http://deb.debian.org/debian trixie/main amd64 libctf-nobfd0 amd64 2.44-3 [156 kB]
#7 6.524 Get:52 http://deb.debian.org/debian trixie/main amd64 libctf0 amd64 2.44-3 [88.6 kB]
#7 6.529 Get:53 http://deb.debian.org/debian trixie/main amd64 libjansson4 amd64 2.14-2+b3 [39.8 kB]
#7 6.535 Get:54 http://deb.debian.org/debian trixie/main amd64 binutils-x86-64-linux-gnu amd64 2.44-3 [1014 kB]
#7 6.630 Get:55 http://deb.debian.org/debian trixie/main amd64 binutils amd64 2.44-3 [265 kB]
#7 6.649 Get:56 http://deb.debian.org/debian trixie/main amd64 libc-dev-bin amd64 2.41-12+deb13u3 [59.8 kB]
#7 6.651 Get:57 http://deb.debian.org/debian-security trixie-security/main amd64 linux-libc-dev all 6.12.90-2 [2813 kB]
#7 6.817 Get:58 http://deb.debian.org/debian trixie/main amd64 libcrypt-dev amd64 1:4.4.38-1 [119 kB]
#7 6.824 Get:59 http://deb.debian.org/debian trixie/main amd64 rpcsvc-proto amd64 1.4.3-1 [63.3 kB]
#7 6.827 Get:60 http://deb.debian.org/debian trixie/main amd64 libc6-dev amd64 2.41-12+deb13u3 [1992 kB]
#7 6.946 Get:61 http://deb.debian.org/debian trixie/main amd64 libisl23 amd64 0.27-1 [659 kB]
#7 6.987 Get:62 http://deb.debian.org/debian trixie/main amd64 libmpfr6 amd64 4.2.2-1 [729 kB]
#7 7.030 Get:63 http://deb.debian.org/debian trixie/main amd64 libmpc3 amd64 1.3.1-1+b3 [52.2 kB]
#7 7.030 Get:64 http://deb.debian.org/debian trixie/main amd64 cpp-14-x86-64-linux-gnu amd64 14.2.0-19 [11.0 MB]
#7 7.680 Get:65 http://deb.debian.org/debian trixie/main amd64 cpp-14 amd64 14.2.0-19 [1280 B]
#7 7.680 Get:66 http://deb.debian.org/debian trixie/main amd64 cpp-x86-64-linux-gnu amd64 4:14.2.0-1 [4840 B]
#7 7.680 Get:67 http://deb.debian.org/debian trixie/main amd64 cpp amd64 4:14.2.0-1 [1568 B]
#7 7.680 Get:68 http://deb.debian.org/debian trixie/main amd64 libcc1-0 amd64 14.2.0-19 [42.8 kB]
#7 7.683 Get:69 http://deb.debian.org/debian trixie/main amd64 libgomp1 amd64 14.2.0-19 [137 kB]
#7 7.692 Get:70 http://deb.debian.org/debian trixie/main amd64 libitm1 amd64 14.2.0-19 [26.0 kB]
#7 7.693 Get:71 http://deb.debian.org/debian trixie/main amd64 libasan8 amd64 14.2.0-19 [2725 kB]
#7 7.852 Get:72 http://deb.debian.org/debian trixie/main amd64 liblsan0 amd64 14.2.0-19 [1204 kB]
#7 7.921 Get:73 http://deb.debian.org/debian trixie/main amd64 libtsan2 amd64 14.2.0-19 [2460 kB]
#7 8.064 Get:74 http://deb.debian.org/debian trixie/main amd64 libubsan1 amd64 14.2.0-19 [1074 kB]
#7 8.126 Get:75 http://deb.debian.org/debian trixie/main amd64 libhwasan0 amd64 14.2.0-19 [1488 kB]
#7 8.210 Get:76 http://deb.debian.org/debian trixie/main amd64 libquadmath0 amd64 14.2.0-19 [145 kB]
#7 8.218 Get:77 http://deb.debian.org/debian trixie/main amd64 libgcc-14-dev amd64 14.2.0-19 [2672 kB]
#7 8.376 Get:78 http://deb.debian.org/debian trixie/main amd64 gcc-14-x86-64-linux-gnu amd64 14.2.0-19 [21.4 MB]
#7 9.609 Get:79 http://deb.debian.org/debian trixie/main amd64 gcc-14 amd64 14.2.0-19 [540 kB]
#7 9.637 Get:80 http://deb.debian.org/debian trixie/main amd64 gcc-x86-64-linux-gnu amd64 4:14.2.0-1 [1436 B]
#7 9.637 Get:81 http://deb.debian.org/debian trixie/main amd64 gcc amd64 4:14.2.0-1 [5136 B]
#7 9.637 Get:82 http://deb.debian.org/debian trixie/main amd64 libstdc++-14-dev amd64 14.2.0-19 [2376 kB]
#7 9.775 Get:83 http://deb.debian.org/debian trixie/main amd64 g++-14-x86-64-linux-gnu amd64 14.2.0-19 [12.1 MB]
#7 10.48 Get:84 http://deb.debian.org/debian trixie/main amd64 g++-14 amd64 14.2.0-19 [22.5 kB]
#7 10.48 Get:85 http://deb.debian.org/debian trixie/main amd64 g++-x86-64-linux-gnu amd64 4:14.2.0-1 [1200 B]
#7 10.48 Get:86 http://deb.debian.org/debian trixie/main amd64 g++ amd64 4:14.2.0-1 [1344 B]
#7 10.48 Get:87 http://deb.debian.org/debian trixie/main amd64 make amd64 4.4.1-2 [463 kB]
#7 10.50 Get:88 http://deb.debian.org/debian trixie/main amd64 libdpkg-perl all 1.22.22 [651 kB]
#7 10.54 Get:89 http://deb.debian.org/debian trixie/main amd64 patch amd64 2.8-2 [134 kB]
#7 10.55 Get:90 http://deb.debian.org/debian trixie/main amd64 dpkg-dev all 1.22.22 [1337 kB]
#7 10.62 Get:91 http://deb.debian.org/debian trixie/main amd64 build-essential amd64 12.12 [4624 B]
#7 10.62 Get:92 http://deb.debian.org/debian trixie/main amd64 cmake-data all 3.31.6-2 [2268 kB]
#7 10.75 Get:93 http://deb.debian.org/debian trixie/main amd64 libarchive13t64 amd64 3.7.4-4+deb13u1 [350 kB]
#7 10.77 Get:94 http://deb.debian.org/debian trixie/main amd64 libbrotli1 amd64 1.1.0-2+b7 [307 kB]
#7 10.79 Get:95 http://deb.debian.org/debian-security trixie-security/main amd64 libkrb5support0 amd64 1.21.3-5+deb13u1 [33.1 kB]
#7 10.79 Get:96 http://deb.debian.org/debian trixie/main amd64 libcom-err2 amd64 1.47.2-3+b11 [25.0 kB]
#7 10.79 Get:97 http://deb.debian.org/debian-security trixie-security/main amd64 libk5crypto3 amd64 1.21.3-5+deb13u1 [81.2 kB]
#7 10.80 Get:98 http://deb.debian.org/debian trixie/main amd64 libkeyutils1 amd64 1.6.3-6 [9456 B]
#7 10.80 Get:99 http://deb.debian.org/debian-security trixie-security/main amd64 libkrb5-3 amd64 1.21.3-5+deb13u1 [326 kB]
#7 10.82 Get:100 http://deb.debian.org/debian-security trixie-security/main amd64 libgssapi-krb5-2 amd64 1.21.3-5+deb13u1 [138 kB]
#7 10.83 Get:101 http://deb.debian.org/debian trixie/main amd64 libunistring5 amd64 1.3-2 [477 kB]
#7 10.85 Get:102 http://deb.debian.org/debian trixie/main amd64 libidn2-0 amd64 2.3.8-2 [109 kB]
#7 10.86 Get:103 http://deb.debian.org/debian trixie/main amd64 libsasl2-modules-db amd64 2.1.28+dfsg1-9 [19.8 kB]
#7 10.86 Get:104 http://deb.debian.org/debian trixie/main amd64 libsasl2-2 amd64 2.1.28+dfsg1-9 [57.5 kB]
#7 10.86 Get:105 http://deb.debian.org/debian trixie/main amd64 libldap2 amd64 2.6.10+dfsg-1 [194 kB]
#7 10.87 Get:106 http://deb.debian.org/debian-security trixie-security/main amd64 libnghttp2-14 amd64 1.64.0-1.1+deb13u1 [76.2 kB]
#7 10.88 Get:107 http://deb.debian.org/debian trixie/main amd64 libnghttp3-9 amd64 1.8.0-1 [67.7 kB]
#7 10.88 Get:108 http://deb.debian.org/debian trixie/main amd64 libpsl5t64 amd64 0.21.2-1.1+b1 [57.2 kB]
#7 10.89 Get:109 http://deb.debian.org/debian trixie/main amd64 libp11-kit0 amd64 0.25.5-3 [425 kB]
#7 10.91 Get:110 http://deb.debian.org/debian trixie/main amd64 libtasn1-6 amd64 4.20.0-2 [49.9 kB]
#7 10.92 Get:111 http://deb.debian.org/debian-security trixie-security/main amd64 libgnutls30t64 amd64 3.8.9-3+deb13u4 [1469 kB]
#7 11.00 Get:112 http://deb.debian.org/debian trixie/main amd64 librtmp1 amd64 2.4+20151223.gitfa8646d.1-2+b5 [58.8 kB]
#7 11.01 Get:113 http://deb.debian.org/debian trixie/main amd64 libssh2-1t64 amd64 1.11.1-1 [245 kB]
#7 11.02 Get:114 http://deb.debian.org/debian trixie/main amd64 libcurl4t64 amd64 8.14.1-2+deb13u3 [391 kB]
#7 11.04 Get:115 http://deb.debian.org/debian trixie/main amd64 libjsoncpp26 amd64 1.9.6-3 [81.7 kB]
#7 11.05 Get:116 http://deb.debian.org/debian trixie/main amd64 librhash1 amd64 1.4.5-1 [132 kB]
#7 11.06 Get:117 http://deb.debian.org/debian trixie/main amd64 libuv1t64 amd64 1.50.0-2 [154 kB]
#7 11.09 Get:118 http://deb.debian.org/debian trixie/main amd64 cmake amd64 3.31.6-2 [12.0 MB]
#7 11.88 Get:119 http://deb.debian.org/debian trixie/main amd64 dbus-user-session amd64 1.16.2-2 [52.1 kB]
#7 11.88 Get:120 http://deb.debian.org/debian trixie/main amd64 libdconf1 amd64 0.40.0-5 [41.8 kB]
#7 11.88 Get:121 http://deb.debian.org/debian trixie/main amd64 dconf-service amd64 0.40.0-5 [32.4 kB]
#7 11.89 Get:122 http://deb.debian.org/debian trixie/main amd64 dconf-gsettings-backend amd64 0.40.0-5 [28.6 kB]
#7 11.89 Get:123 http://deb.debian.org/debian trixie/main amd64 libfreetype6 amd64 2.13.3+dfsg-1+deb13u1 [452 kB]
#7 11.91 Get:124 http://deb.debian.org/debian trixie/main amd64 fonts-dejavu-mono all 2.37-8 [489 kB]
#7 11.94 Get:125 http://deb.debian.org/debian trixie/main amd64 fonts-dejavu-core all 2.37-8 [840 kB]
#7 11.99 Get:126 http://deb.debian.org/debian trixie/main amd64 fontconfig-config amd64 2.15.0-2.3 [318 kB]
#7 12.01 Get:127 http://deb.debian.org/debian trixie/main amd64 libfontconfig1 amd64 2.15.0-2.3 [392 kB]
#7 12.03 Get:128 http://deb.debian.org/debian trixie/main amd64 fontconfig amd64 2.15.0-2.3 [463 kB]
#7 12.06 Get:129 http://deb.debian.org/debian trixie/main amd64 gir1.2-glib-2.0 amd64 2.84.4-3~deb13u3 [199 kB]
#7 12.07 Get:130 http://deb.debian.org/debian trixie/main amd64 libatk1.0-0t64 amd64 2.56.2-1+deb13u1 [52.0 kB]
#7 12.13 Get:131 http://deb.debian.org/debian trixie/main amd64 gir1.2-atk-1.0 amd64 2.56.2-1+deb13u1 [26.0 kB]
#7 12.14 Get:132 http://deb.debian.org/debian trixie/main amd64 libpixman-1-0 amd64 0.44.0-3 [248 kB]
#7 12.15 Get:133 http://deb.debian.org/debian trixie/main amd64 libxau6 amd64 1:1.0.11-1 [20.4 kB]
#7 12.15 Get:134 http://deb.debian.org/debian trixie/main amd64 libxdmcp6 amd64 1:1.1.5-1 [27.8 kB]
#7 12.16 Get:135 http://deb.debian.org/debian trixie/main amd64 libxcb1 amd64 1.17.0-2+b1 [144 kB]
#7 12.16 Get:136 http://deb.debian.org/debian trixie/main amd64 libx11-data all 2:1.8.12-1 [343 kB]
#7 12.22 Get:137 http://deb.debian.org/debian trixie/main amd64 libx11-6 amd64 2:1.8.12-1 [815 kB]
#7 12.26 Get:138 http://deb.debian.org/debian trixie/main amd64 libxcb-render0 amd64 1.17.0-2+b1 [115 kB]
#7 12.27 Get:139 http://deb.debian.org/debian trixie/main amd64 libxcb-shm0 amd64 1.17.0-2+b1 [105 kB]
#7 12.28 Get:140 http://deb.debian.org/debian trixie/main amd64 libxext6 amd64 2:1.3.4-1+b3 [50.4 kB]
#7 12.28 Get:141 http://deb.debian.org/debian trixie/main amd64 libxrender1 amd64 1:0.9.12-1 [27.9 kB]
#7 12.28 Get:142 http://deb.debian.org/debian trixie/main amd64 libcairo2 amd64 1.18.4-1+b1 [538 kB]
#7 12.37 Get:143 http://deb.debian.org/debian trixie/main amd64 libcairo-gobject2 amd64 1.18.4-1+b1 [130 kB]
#7 12.38 Get:144 http://deb.debian.org/debian trixie/main amd64 gir1.2-freedesktop amd64 1.84.0-1 [60.5 kB]
#7 12.39 Get:145 http://deb.debian.org/debian trixie/main amd64 libxi6 amd64 2:1.8.2-1 [78.9 kB]
#7 12.43 Get:146 http://deb.debian.org/debian trixie/main amd64 libatspi2.0-0t64 amd64 2.56.2-1+deb13u1 [80.7 kB]
#7 12.43 Get:147 http://deb.debian.org/debian trixie/main amd64 gir1.2-atspi-2.0 amd64 2.56.2-1+deb13u1 [23.8 kB]
#7 12.44 Get:148 http://deb.debian.org/debian trixie/main amd64 libcloudproviders0 amd64 0.3.6-2 [29.2 kB]
#7 12.44 Get:149 http://deb.debian.org/debian trixie/main amd64 gir1.2-cloudproviders-0.3.0 amd64 0.3.6-2 [7104 B]
#7 12.49 Get:150 http://deb.debian.org/debian trixie/main amd64 gir1.2-glib-2.0-dev amd64 2.84.4-3~deb13u3 [917 kB]
#7 12.64 Get:151 http://deb.debian.org/debian trixie/main amd64 gir1.2-freedesktop-dev amd64 1.84.0-1 [51.6 kB]
#7 12.64 Get:152 http://deb.debian.org/debian trixie/main amd64 gir1.2-gdkpixbuf-2.0 amd64 2.42.12+dfsg-4+deb13u1 [14.5 kB]
#7 12.64 Get:153 http://deb.debian.org/debian trixie/main amd64 libgraphite2-3 amd64 1.3.14-2+b1 [75.4 kB]
#7 12.65 Get:154 http://deb.debian.org/debian trixie/main amd64 libharfbuzz0b amd64 10.2.0-1+deb13u1 [479 kB]
#7 12.71 Get:155 http://deb.debian.org/debian trixie/main amd64 libharfbuzz-gobject0 amd64 10.2.0-1+deb13u1 [32.9 kB]
#7 12.72 Get:156 http://deb.debian.org/debian trixie/main amd64 gir1.2-harfbuzz-0.0 amd64 10.2.0-1+deb13u1 [42.2 kB]
#7 12.72 Get:157 http://deb.debian.org/debian trixie/main amd64 libfribidi0 amd64 1.0.16-1 [26.5 kB]
#7 12.72 Get:158 http://deb.debian.org/debian trixie/main amd64 libthai-data all 0.1.29-2 [168 kB]
#7 12.74 Get:159 http://deb.debian.org/debian trixie/main amd64 libdatrie1 amd64 0.2.13-3+b1 [38.1 kB]
#7 12.75 Get:160 http://deb.debian.org/debian trixie/main amd64 libthai0 amd64 0.1.29-2+b1 [49.4 kB]
#7 12.82 Get:161 http://deb.debian.org/debian trixie/main amd64 libpango-1.0-0 amd64 1.56.3-1 [226 kB]
#7 12.83 Get:162 http://deb.debian.org/debian trixie/main amd64 libpangoft2-1.0-0 amd64 1.56.3-1 [55.6 kB]
#7 12.84 Get:163 http://deb.debian.org/debian trixie/main amd64 libpangocairo-1.0-0 amd64 1.56.3-1 [35.7 kB]
#7 12.84 Get:164 http://deb.debian.org/debian trixie/main amd64 libxft2 amd64 2.3.6-1+b4 [54.5 kB]
#7 12.88 Get:165 http://deb.debian.org/debian trixie/main amd64 libpangoxft-1.0-0 amd64 1.56.3-1 [27.6 kB]
#7 12.88 Get:166 http://deb.debian.org/debian trixie/main amd64 gir1.2-pango-1.0 amd64 1.56.3-1 [39.1 kB]
#7 12.89 Get:167 http://deb.debian.org/debian trixie/main amd64 libatk-bridge2.0-0t64 amd64 2.56.2-1+deb13u1 [68.4 kB]
#7 12.89 Get:168 http://deb.debian.org/debian trixie/main amd64 liblcms2-2 amd64 2.16-2+deb13u2 [160 kB]
#7 12.90 Get:169 http://deb.debian.org/debian trixie/main amd64 libcolord2 amd64 1.4.7-3 [139 kB]
#7 12.91 Get:170 http://deb.debian.org/debian trixie/main amd64 libavahi-common-data amd64 0.8-16 [112 kB]
#7 12.94 Get:171 http://deb.debian.org/debian trixie/main amd64 libavahi-common3 amd64 0.8-16 [44.2 kB]
#7 12.94 Get:172 http://deb.debian.org/debian trixie/main amd64 libavahi-client3 amd64 0.8-16 [48.4 kB]
#7 12.95 Get:173 http://deb.debian.org/debian trixie/main amd64 libcups2t64 amd64 2.4.10-3+deb13u2 [252 kB]
#7 13.01 Get:174 http://deb.debian.org/debian trixie/main amd64 libepoxy0 amd64 1.5.10-2 [193 kB]
#7 13.03 Get:175 http://deb.debian.org/debian trixie/main amd64 libwayland-client0 amd64 1.23.1-3 [26.8 kB]
#7 13.03 Get:176 http://deb.debian.org/debian trixie/main amd64 libwayland-cursor0 amd64 1.23.1-3 [11.9 kB]
#7 13.03 Get:177 http://deb.debian.org/debian trixie/main amd64 libwayland-egl1 amd64 1.23.1-3 [5860 B]
#7 13.03 Get:178 http://deb.debian.org/debian trixie/main amd64 libxcomposite1 amd64 1:0.4.6-1 [16.3 kB]
#7 13.07 Get:179 http://deb.debian.org/debian trixie/main amd64 libxfixes3 amd64 1:6.0.0-2+b4 [20.2 kB]
#7 13.08 Get:180 http://deb.debian.org/debian trixie/main amd64 libxcursor1 amd64 1:1.2.3-1 [39.7 kB]
#7 13.08 Get:181 http://deb.debian.org/debian trixie/main amd64 libxdamage1 amd64 1:1.1.6-1+b2 [15.5 kB]
#7 13.08 Get:182 http://deb.debian.org/debian trixie/main amd64 libxinerama1 amd64 2:1.1.4-3+b4 [16.0 kB]
#7 13.14 Get:183 http://deb.debian.org/debian trixie/main amd64 xkb-data all 2.42-1 [790 kB]
#7 13.22 Get:184 http://deb.debian.org/debian trixie/main amd64 libxkbcommon0 amd64 1.7.0-2 [113 kB]
#7 13.23 Get:185 http://deb.debian.org/debian trixie/main amd64 libxrandr2 amd64 2:1.5.4-1+b3 [36.3 kB]
#7 13.23 Get:186 http://deb.debian.org/debian trixie/main amd64 libgtk-3-common all 3.24.49-3 [4908 kB]
#7 13.69 Get:187 http://deb.debian.org/debian trixie/main amd64 libgtk-3-0t64 amd64 3.24.49-3 [2769 kB]
#7 13.88 Get:188 http://deb.debian.org/debian trixie/main amd64 gir1.2-gtk-3.0 amd64 3.24.49-3 [224 kB]
#7 13.90 Get:189 http://deb.debian.org/debian trixie/main amd64 native-architecture all 0.2.6 [2264 B]
#7 13.90 Get:190 http://deb.debian.org/debian trixie/main amd64 libgirepository-2.0-0 amd64 2.84.4-3~deb13u3 [144 kB]
#7 13.91 Get:191 http://deb.debian.org/debian trixie/main amd64 girepository-tools amd64 2.84.4-3~deb13u3 [151 kB]
#7 13.92 Get:192 http://deb.debian.org/debian trixie/main amd64 libngtcp2-16 amd64 1.11.0-1+deb13u1 [132 kB]
#7 13.93 Get:193 http://deb.debian.org/debian trixie/main amd64 libngtcp2-crypto-gnutls8 amd64 1.11.0-1+deb13u1 [29.5 kB]
#7 13.93 Get:194 http://deb.debian.org/debian trixie/main amd64 libcurl3t64-gnutls amd64 8.14.1-2+deb13u3 [384 kB]
#7 13.96 Get:195 http://deb.debian.org/debian trixie/main amd64 liberror-perl all 0.17030-1 [26.9 kB]
#7 13.96 Get:196 http://deb.debian.org/debian trixie/main amd64 git-man all 1:2.47.3-0+deb13u1 [2205 kB]
#7 14.10 Get:197 http://deb.debian.org/debian trixie/main amd64 git amd64 1:2.47.3-0+deb13u1 [8862 kB]
#7 14.61 Get:198 http://deb.debian.org/debian trixie/main amd64 libicu76 amd64 76.1-4 [9722 kB]
#7 15.19 Get:199 http://deb.debian.org/debian trixie/main amd64 icu-devtools amd64 76.1-4 [215 kB]
#7 15.21 Get:200 http://deb.debian.org/debian trixie/main amd64 libpkgconf3 amd64 1.8.1-4 [36.4 kB]
#7 15.21 Get:201 http://deb.debian.org/debian trixie/main amd64 pkgconf-bin amd64 1.8.1-4 [30.2 kB]
#7 15.21 Get:202 http://deb.debian.org/debian trixie/main amd64 pkgconf amd64 1.8.1-4 [26.2 kB]
#7 15.21 Get:203 http://deb.debian.org/debian trixie/main amd64 libffi-dev amd64 3.4.8-2 [61.1 kB]
#7 15.22 Get:204 http://deb.debian.org/debian trixie/main amd64 uuid-dev amd64 2.41-5 [48.8 kB]
#7 15.22 Get:205 http://deb.debian.org/debian trixie/main amd64 libblkid-dev amd64 2.41-5 [208 kB]
#7 15.23 Get:206 http://deb.debian.org/debian trixie/main amd64 libsepol-dev amd64 3.8.1-1 [373 kB]
#7 15.25 Get:207 http://deb.debian.org/debian trixie/main amd64 libpcre2-16-0 amd64 10.46-1~deb13u1 [281 kB]
#7 15.27 Get:208 http://deb.debian.org/debian trixie/main amd64 libpcre2-32-0 amd64 10.46-1~deb13u1 [268 kB]
#7 15.28 Get:209 http://deb.debian.org/debian trixie/main amd64 libpcre2-posix3 amd64 10.46-1~deb13u1 [63.9 kB]
#7 15.33 Get:210 http://deb.debian.org/debian trixie/main amd64 libpcre2-dev amd64 10.46-1~deb13u1 [853 kB]
#7 15.97 Get:211 http://deb.debian.org/debian trixie/main amd64 libselinux1-dev amd64 3.8.1-1 [169 kB]
#7 16.20 Get:212 http://deb.debian.org/debian trixie/main amd64 libmount-dev amd64 2.41-5 [30.5 kB]
#7 16.22 Get:213 http://deb.debian.org/debian trixie/main amd64 libsysprof-capture-4-dev amd64 48.0-2 [49.9 kB]
#7 16.23 Get:214 http://deb.debian.org/debian trixie/main amd64 zlib1g-dev amd64 1:1.3.dfsg+really1.3.1-1+b1 [920 kB]
#7 16.38 Get:215 http://deb.debian.org/debian trixie/main amd64 libgio-2.0-dev amd64 2.84.4-3~deb13u3 [1689 kB]
#7 16.49 Get:216 http://deb.debian.org/debian trixie/main amd64 libglib2.0-data all 2.84.4-3~deb13u3 [1287 kB]
#7 16.58 Get:217 http://deb.debian.org/debian trixie/main amd64 libelf1t64 amd64 0.192-4 [189 kB]
#7 16.59 Get:218 http://deb.debian.org/debian trixie/main amd64 libglib2.0-bin amd64 2.84.4-3~deb13u3 [131 kB]
#7 16.60 Get:219 http://deb.debian.org/debian trixie/main amd64 python3-packaging all 25.0-1 [56.6 kB]
#7 16.60 Get:220 http://deb.debian.org/debian trixie/main amd64 libgio-2.0-dev-bin amd64 2.84.4-3~deb13u3 [167 kB]
#7 16.64 Get:221 http://deb.debian.org/debian trixie/main amd64 libglib2.0-dev-bin amd64 2.84.4-3~deb13u3 [55.6 kB]
#7 16.64 Get:222 http://deb.debian.org/debian trixie/main amd64 libglib2.0-dev amd64 2.84.4-3~deb13u3 [56.4 kB]
#7 16.70 Get:223 http://deb.debian.org/debian trixie/main amd64 libatk1.0-dev amd64 2.56.2-1+deb13u1 [106 kB]
#7 16.77 Get:224 http://deb.debian.org/debian trixie/main amd64 libcap-dev amd64 1:2.75-10+deb13u1+b1 [546 kB]
#7 16.81 Get:225 http://deb.debian.org/debian trixie/main amd64 libsystemd-dev amd64 257.13-1~deb13u1 [1359 kB]
#7 16.89 Get:226 http://deb.debian.org/debian trixie/main amd64 sgml-base all 1.31+nmu1 [10.9 kB]
#7 16.89 Get:227 http://deb.debian.org/debian trixie/main amd64 xml-core all 0.19 [20.1 kB]
#7 16.93 Get:228 http://deb.debian.org/debian trixie/main amd64 libdbus-1-dev amd64 1.16.2-2 [215 kB]
#7 16.99 Get:229 http://deb.debian.org/debian trixie/main amd64 x11-common all 1:7.7+24+deb13u1 [217 kB]
#7 17.00 Get:230 http://deb.debian.org/debian trixie/main amd64 libxtst6 amd64 2:1.2.5-1 [25.8 kB]
#7 17.00 Get:231 http://deb.debian.org/debian trixie/main amd64 xorg-sgml-doctools all 1:1.11-1.1 [22.1 kB]
#7 17.00 Get:232 http://deb.debian.org/debian trixie/main amd64 x11proto-dev all 2024.1-1 [603 kB]
#7 17.08 Get:233 http://deb.debian.org/debian trixie/main amd64 libxau-dev amd64 1:1.0.11-1 [23.6 kB]
#7 17.12 Get:234 http://deb.debian.org/debian trixie/main amd64 libxdmcp-dev amd64 1:1.1.5-1 [44.3 kB]
#7 17.12 Get:235 http://deb.debian.org/debian trixie/main amd64 xtrans-dev all 1.4.0-1 [98.7 kB]
#7 17.13 Get:236 http://deb.debian.org/debian trixie/main amd64 libxcb1-dev amd64 1.17.0-2+b1 [181 kB]
#7 17.18 Get:237 http://deb.debian.org/debian trixie/main amd64 libx11-dev amd64 2:1.8.12-1 [894 kB]
#7 17.29 Get:238 http://deb.debian.org/debian trixie/main amd64 libxext-dev amd64 2:1.3.4-1+b3 [104 kB]
#7 17.32 Get:239 http://deb.debian.org/debian trixie/main amd64 libxfixes-dev amd64 1:6.0.0-2+b4 [22.4 kB]
#7 17.32 Get:240 http://deb.debian.org/debian trixie/main amd64 libxi-dev amd64 2:1.8.2-1 [241 kB]
#7 17.34 Get:241 http://deb.debian.org/debian trixie/main amd64 libxtst-dev amd64 2:1.2.5-1 [30.0 kB]
#7 17.35 Get:242 http://deb.debian.org/debian trixie/main amd64 libatspi2.0-dev amd64 2.56.2-1+deb13u1 [83.7 kB]
#7 17.37 Get:243 http://deb.debian.org/debian trixie/main amd64 libatk-bridge2.0-dev amd64 2.56.2-1+deb13u1 [10.2 kB]
#7 17.37 Get:244 http://deb.debian.org/debian trixie/main amd64 libblas3 amd64 3.12.1-6 [160 kB]
#7 17.39 Get:245 http://deb.debian.org/debian trixie/main amd64 libatlas3-base amd64 3.12.1-6 [6436 B]
#7 17.45 Get:246 http://deb.debian.org/debian trixie/main amd64 libbrotli-dev amd64 1.1.0-2+b7 [316 kB]
#7 17.48 Get:247 http://deb.debian.org/debian trixie/main amd64 libbz2-dev amd64 1.0.8-6 [31.4 kB]
#7 17.48 Get:248 http://deb.debian.org/debian trixie/main amd64 liblzo2-2 amd64 2.10-3+b1 [55.1 kB]
#7 17.49 Get:249 http://deb.debian.org/debian trixie/main amd64 libcairo-script-interpreter2 amd64 1.18.4-1+b1 [59.3 kB]
#7 17.51 Get:250 http://deb.debian.org/debian trixie/main amd64 libexpat1-dev amd64 2.7.1-2 [161 kB]
#7 17.53 Get:251 http://deb.debian.org/debian trixie/main amd64 libpng-dev amd64 1.6.48-1+deb13u5 [367 kB]
#7 17.58 Get:252 http://deb.debian.org/debian trixie/main amd64 libfreetype-dev amd64 2.13.3+dfsg-1+deb13u1 [623 kB]
#7 17.65 Get:253 http://deb.debian.org/debian trixie/main amd64 libfontconfig-dev amd64 2.15.0-2.3 [414 kB]
#7 17.70 Get:254 http://deb.debian.org/debian trixie/main amd64 libpixman-1-dev amd64 0.44.0-3 [11.4 kB]
#7 17.71 Get:255 http://deb.debian.org/debian trixie/main amd64 libice6 amd64 2:1.1.1-1 [65.4 kB]
#7 17.77 Get:256 http://deb.debian.org/debian trixie/main amd64 libsm6 amd64 2:1.2.6-1 [37.3 kB]
#7 17.77 Get:257 http://deb.debian.org/debian trixie/main amd64 libice-dev amd64 2:1.1.1-1 [73.8 kB]
#7 17.79 Get:258 http://deb.debian.org/debian trixie/main amd64 libsm-dev amd64 2:1.2.6-1 [39.7 kB]
#7 17.85 Get:259 http://deb.debian.org/debian trixie/main amd64 libxcb-render0-dev amd64 1.17.0-2+b1 [118 kB]
#7 17.91 Get:260 http://deb.debian.org/debian trixie/main amd64 libxcb-shm0-dev amd64 1.17.0-2+b1 [108 kB]
#7 17.91 Get:261 http://deb.debian.org/debian trixie/main amd64 libxrender-dev amd64 1:0.9.12-1 [39.0 kB]
#7 17.91 Get:262 http://deb.debian.org/debian trixie/main amd64 libcairo2-dev amd64 1.18.4-1+b1 [43.4 kB]
#7 17.92 Get:263 http://deb.debian.org/debian trixie/main amd64 libcloudproviders-dev amd64 0.3.6-2 [17.3 kB]
#7 17.92 Get:264 http://deb.debian.org/debian trixie/main amd64 libdatrie-dev amd64 0.2.13-3+b1 [18.4 kB]
#7 17.92 Get:265 http://deb.debian.org/debian trixie/main amd64 libdeflate-dev amd64 1.23-2 [55.9 kB]
#7 17.92 Get:266 http://deb.debian.org/debian trixie/main amd64 libdrm-common all 2.4.124-2 [8288 B]
#7 17.92 Get:267 http://deb.debian.org/debian trixie/main amd64 libdrm2 amd64 2.4.124-2 [39.0 kB]
#7 17.92 Get:268 http://deb.debian.org/debian trixie/main amd64 libdrm-amdgpu1 amd64 2.4.124-2 [22.6 kB]
#7 17.93 Get:269 http://deb.debian.org/debian trixie/main amd64 libpciaccess0 amd64 0.17-3+b3 [51.9 kB]
#7 17.98 Get:270 http://deb.debian.org/debian trixie/main amd64 libdrm-intel1 amd64 2.4.124-2 [64.1 kB]
#7 17.99 Get:271 http://deb.debian.org/debian trixie/main amd64 libedit2 amd64 3.1-20250104-1 [93.8 kB]
#7 18.00 Get:272 http://deb.debian.org/debian trixie/main amd64 libglvnd0 amd64 1.7.0-1+b2 [52.0 kB]
#7 18.00 Get:273 http://deb.debian.org/debian trixie/main amd64 libwayland-server0 amd64 1.23.1-3 [34.4 kB]
#7 18.01 Get:274 http://deb.debian.org/debian trixie/main amd64 libz3-4 amd64 4.13.3-1 [8560 kB]
#7 18.76 Get:275 http://deb.debian.org/debian trixie/main amd64 libllvm19 amd64 1:19.1.7-3+b1 [26.0 MB]
#7 20.41 Get:276 http://deb.debian.org/debian trixie/main amd64 libsensors-config all 1:3.6.2-2 [16.2 kB]
#7 20.41 Get:277 http://deb.debian.org/debian trixie/main amd64 libsensors5 amd64 1:3.6.2-2 [37.5 kB]
#7 20.41 Get:278 http://deb.debian.org/debian trixie/main amd64 libx11-xcb1 amd64 2:1.8.12-1 [247 kB]
#7 20.43 Get:279 http://deb.debian.org/debian trixie/main amd64 libxcb-dri3-0 amd64 1.17.0-2+b1 [107 kB]
#7 20.43 Get:280 http://deb.debian.org/debian trixie/main amd64 libxcb-present0 amd64 1.17.0-2+b1 [106 kB]
#7 20.44 Get:281 http://deb.debian.org/debian trixie/main amd64 libxcb-randr0 amd64 1.17.0-2+b1 [117 kB]
#7 20.45 Get:282 http://deb.debian.org/debian trixie/main amd64 libxcb-sync1 amd64 1.17.0-2+b1 [109 kB]
#7 20.45 Get:283 http://deb.debian.org/debian trixie/main amd64 libxcb-xfixes0 amd64 1.17.0-2+b1 [109 kB]
#7 20.46 Get:284 http://deb.debian.org/debian trixie/main amd64 libxshmfence1 amd64 1.3.3-1 [10.9 kB]
#7 20.47 Get:285 http://deb.debian.org/debian trixie/main amd64 mesa-libgallium amd64 25.0.7-2 [9629 kB]
#7 21.05 Get:286 http://deb.debian.org/debian trixie/main amd64 libgbm1 amd64 25.0.7-2 [44.4 kB]
#7 21.05 Get:287 http://deb.debian.org/debian trixie/main amd64 libegl-mesa0 amd64 25.0.7-2 [128 kB]
#7 21.06 Get:288 http://deb.debian.org/debian trixie/main amd64 libegl1 amd64 1.7.0-1+b2 [34.6 kB]
#7 21.06 Get:289 http://deb.debian.org/debian trixie/main amd64 libxcb-glx0 amd64 1.17.0-2+b1 [122 kB]
#7 21.07 Get:290 http://deb.debian.org/debian trixie/main amd64 libxxf86vm1 amd64 1:1.1.4-1+b4 [19.3 kB]
#7 21.07 Get:291 http://deb.debian.org/debian trixie/main amd64 libvulkan1 amd64 1.4.309.0-1 [130 kB]
#7 21.07 Get:292 http://deb.debian.org/debian trixie/main amd64 libgl1-mesa-dri amd64 25.0.7-2 [46.1 kB]
#7 21.08 Get:293 http://deb.debian.org/debian trixie/main amd64 libglx-mesa0 amd64 25.0.7-2 [143 kB]
#7 21.09 Get:294 http://deb.debian.org/debian trixie/main amd64 libglx0 amd64 1.7.0-1+b2 [34.9 kB]
#7 21.10 Get:295 http://deb.debian.org/debian trixie/main amd64 libgl1 amd64 1.7.0-1+b2 [89.5 kB]
#7 21.11 Get:296 http://deb.debian.org/debian trixie/main amd64 libglx-dev amd64 1.7.0-1+b2 [15.8 kB]
#7 21.11 Get:297 http://deb.debian.org/debian trixie/main amd64 libgl-dev amd64 1.7.0-1+b2 [101 kB]
#7 21.12 Get:298 http://deb.debian.org/debian trixie/main amd64 libegl-dev amd64 1.7.0-1+b2 [19.5 kB]
#7 21.12 Get:299 http://deb.debian.org/debian trixie/main amd64 libglvnd-core-dev amd64 1.7.0-1+b2 [13.4 kB]
#7 21.12 Get:300 http://deb.debian.org/debian trixie/main amd64 libgles1 amd64 1.7.0-1+b2 [12.1 kB]
#7 21.13 Get:301 http://deb.debian.org/debian trixie/main amd64 libgles2 amd64 1.7.0-1+b2 [17.3 kB]
#7 21.14 Get:302 http://deb.debian.org/debian trixie/main amd64 libgles-dev amd64 1.7.0-1+b2 [50.8 kB]
#7 21.20 Get:303 http://deb.debian.org/debian trixie/main amd64 libopengl0 amd64 1.7.0-1+b2 [30.9 kB]
#7 21.20 Get:304 http://deb.debian.org/debian trixie/main amd64 libopengl-dev amd64 1.7.0-1+b2 [5388 B]
#7 21.20 Get:305 http://deb.debian.org/debian trixie/main amd64 libglvnd-dev amd64 1.7.0-1+b2 [5148 B]
#7 21.20 Get:306 http://deb.debian.org/debian trixie/main amd64 libegl1-mesa-dev amd64 25.0.7-2 [23.8 kB]
#7 21.20 Get:307 http://deb.debian.org/debian trixie/main amd64 libepoxy-dev amd64 1.5.10-2 [127 kB]
#7 21.21 Get:308 http://deb.debian.org/debian trixie/main amd64 libfribidi-dev amd64 1.0.16-1 [65.9 kB]
#7 21.21 Get:309 http://deb.debian.org/debian trixie/main amd64 libgdk-pixbuf2.0-bin amd64 2.42.12+dfsg-4+deb13u1 [18.9 kB]
#7 21.21 Get:310 http://deb.debian.org/debian trixie/main amd64 libjpeg62-turbo-dev amd64 1:2.1.5-4 [292 kB]
#7 21.22 Get:311 http://deb.debian.org/debian trixie/main amd64 libjpeg-dev amd64 1:2.1.5-4 [72.2 kB]
#7 21.23 Get:312 http://deb.debian.org/debian trixie/main amd64 libjbig-dev amd64 2.1-6.1+b2 [31.4 kB]
#7 21.26 Get:313 http://deb.debian.org/debian trixie/main amd64 liblzma-dev amd64 5.8.1-1 [348 kB]
#7 21.29 Get:314 http://deb.debian.org/debian trixie/main amd64 libzstd-dev amd64 1.5.7+dfsg-1 [371 kB]
#7 21.30 Get:315 http://deb.debian.org/debian trixie/main amd64 libwebpdemux2 amd64 1.5.0-0.1 [113 kB]
#7 21.31 Get:316 http://deb.debian.org/debian trixie/main amd64 libwebpmux3 amd64 1.5.0-0.1 [126 kB]
#7 21.32 Get:317 http://deb.debian.org/debian trixie/main amd64 libwebpdecoder3 amd64 1.5.0-0.1 [208 kB]
#7 21.33 Get:318 http://deb.debian.org/debian trixie/main amd64 libsharpyuv-dev amd64 1.5.0-0.1 [120 kB]
#7 21.34 Get:319 http://deb.debian.org/debian trixie/main amd64 libwebp-dev amd64 1.5.0-0.1 [450 kB]
#7 21.36 Get:320 http://deb.debian.org/debian trixie/main amd64 libtiffxx6 amd64 4.7.0-3+deb13u2 [164 kB]
#7 21.37 Get:321 http://deb.debian.org/debian trixie/main amd64 liblerc-dev amd64 4.0.0+ds-5 [183 kB]
#7 21.38 Get:322 http://deb.debian.org/debian trixie/main amd64 libtiff-dev amd64 4.7.0-3+deb13u2 [488 kB]
#7 21.41 Get:323 http://deb.debian.org/debian trixie/main amd64 libgdk-pixbuf-2.0-dev amd64 2.42.12+dfsg-4+deb13u1 [52.9 kB]
#7 21.42 Get:324 http://deb.debian.org/debian trixie/main amd64 libgfortran5 amd64 14.2.0-19 [836 kB]
#7 21.52 Get:325 http://deb.debian.org/debian trixie/main amd64 libgraphite2-dev amd64 1.3.14-2+b1 [20.3 kB]
#7 21.52 Get:326 http://deb.debian.org/debian trixie/main amd64 libharfbuzz-icu0 amd64 10.2.0-1+deb13u1 [15.5 kB]
#7 21.52 Get:327 http://deb.debian.org/debian trixie/main amd64 libharfbuzz-subset0 amd64 10.2.0-1+deb13u1 [560 kB]
#7 21.55 Get:328 http://deb.debian.org/debian trixie/main amd64 libharfbuzz-cairo0 amd64 10.2.0-1+deb13u1 [45.6 kB]
#7 21.57 Get:329 http://deb.debian.org/debian trixie/main amd64 libicu-dev amd64 76.1-4 [10.8 MB]
#7 22.20 Get:330 http://deb.debian.org/debian trixie/main amd64 libharfbuzz-dev amd64 10.2.0-1+deb13u1 [145 kB]
#7 22.21 Get:331 http://deb.debian.org/debian trixie/main amd64 libthai-dev amd64 0.1.29-2+b1 [24.5 kB]
#7 22.21 Get:332 http://deb.debian.org/debian trixie/main amd64 libxft-dev amd64 2.3.6-1+b4 [73.2 kB]
#7 22.21 Get:333 http://deb.debian.org/debian trixie/main amd64 pango1.0-tools amd64 1.56.3-1 [44.3 kB]
#7 22.22 Get:334 http://deb.debian.org/debian trixie/main amd64 libpango1.0-dev amd64 1.56.3-1 [156 kB]
#7 22.23 Get:335 http://deb.debian.org/debian trixie/main amd64 libwayland-bin amd64 1.23.1-3 [21.7 kB]
#7 22.23 Get:336 http://deb.debian.org/debian trixie/main amd64 libwayland-dev amd64 1.23.1-3 [73.9 kB]
#7 22.23 Get:337 http://deb.debian.org/debian trixie/main amd64 libxcomposite-dev amd64 1:0.4.6-1 [20.1 kB]
#7 22.23 Get:338 http://deb.debian.org/debian trixie/main amd64 libxcursor-dev amd64 1:1.2.3-1 [51.2 kB]
#7 22.26 Get:339 http://deb.debian.org/debian trixie/main amd64 libxdamage-dev amd64 1:1.1.6-1+b2 [15.3 kB]
#7 22.27 Get:340 http://deb.debian.org/debian trixie/main amd64 libxinerama-dev amd64 2:1.1.4-3+b4 [18.4 kB]
#7 22.27 Get:341 http://deb.debian.org/debian trixie/main amd64 libxkbcommon-dev amd64 1.7.0-2 [53.6 kB]
#7 22.28 Get:342 http://deb.debian.org/debian trixie/main amd64 libxrandr-dev amd64 2:1.5.4-1+b3 [44.4 kB]
#7 22.34 Get:343 http://deb.debian.org/debian trixie/main amd64 wayland-protocols all 1.44-1 [125 kB]
#7 22.34 Get:344 http://deb.debian.org/debian trixie/main amd64 libgtk-3-dev amd64 3.24.49-3 [1129 kB]
#7 22.53 Get:345 http://deb.debian.org/debian trixie/main amd64 libopenblas0-pthread amd64 0.3.29+ds-3 [6740 kB]
#7 23.46 Get:346 http://deb.debian.org/debian trixie/main amd64 liblapack3 amd64 3.12.1-6 [2447 kB]
#7 23.77 Get:347 http://deb.debian.org/debian trixie/main amd64 libopenblas-pthread-dev amd64 0.3.29+ds-3 [5063 kB]
#7 24.44 Get:348 http://deb.debian.org/debian trixie/main amd64 liblapack-dev amd64 3.12.1-6 [4991 kB]
#7 25.00 Get:349 http://deb.debian.org/debian trixie/main amd64 libopenblas0 amd64 0.3.29+ds-3 [42.7 kB]
#7 25.01 Get:350 http://deb.debian.org/debian trixie/main amd64 libopenblas-dev amd64 0.3.29+ds-3 [57.0 kB]
#7 25.12 debconf: unable to initialize frontend: Dialog
#7 25.12 debconf: (TERM is not set, so the dialog frontend is not usable.)
#7 25.12 debconf: falling back to frontend: Readline
#7 25.12 debconf: unable to initialize frontend: Readline
#7 25.12 debconf: (Can't locate Term/ReadLine.pm in @INC (you may need to install the Term::ReadLine module) (@INC entries checked: 
/etc/perl /usr/local/lib/x86_64-linux-gnu/perl/5.40.1 /usr/local/share/perl/5.40.1 /usr/lib/x86_64-linux-gnu/perl5/5.40 
/usr/share/perl5 /usr/lib/x86_64-linux-gnu/perl-base /usr/lib/x86_64-linux-gnu/perl/5.40 /usr/share/perl/5.40 /usr/local/lib/site_perl) 
at /usr/share/perl5/Debconf/FrontEnd/Readline.pm line 8, <STDIN> line 350.)
#7 25.12 debconf: falling back to frontend: Teletype
#7 25.12 debconf: unable to initialize frontend: Teletype
#7 25.12 debconf: (This frontend requires a controlling tty.)
#7 25.12 debconf: falling back to frontend: Noninteractive
#7 28.85 Preconfiguring packages ...
#7 28.88 Fetched 259 MB in 21s (12.2 MB/s)
#7 28.89 Selecting previously unselected package libsystemd-shared:amd64.
#7 28.89 (Reading database ... 
(Reading database ... 5%
(Reading database ... 10%
(Reading database ... 15%
(Reading database ... 20%
(Reading database ... 25%
(Reading database ... 30%
(Reading database ... 35%
(Reading database ... 40%
(Reading database ... 45%
(Reading database ... 50%
(Reading database ... 55%
(Reading database ... 60%
(Reading database ... 65%
(Reading database ... 70%
(Reading database ... 75%
(Reading database ... 80%
(Reading database ... 85%
(Reading database ... 90%
(Reading database ... 95%
(Reading database ... 100%
(Reading database ... 5645 files and directories currently installed.)
#7 28.90 Preparing to unpack .../libsystemd-shared_257.13-1~deb13u1_amd64.deb ...
#7 28.90 Unpacking libsystemd-shared:amd64 (257.13-1~deb13u1) ...
#7 28.97 Selecting previously unselected package libapparmor1:amd64.
#7 28.97 Preparing to unpack .../libapparmor1_4.1.0-1_amd64.deb ...
#7 28.98 Unpacking libapparmor1:amd64 (4.1.0-1) ...
#7 29.00 Setting up libsystemd-shared:amd64 (257.13-1~deb13u1) ...
#7 29.01 Selecting previously unselected package systemd.
#7 29.01 (Reading database ... 
(Reading database ... 5%
(Reading database ... 10%
(Reading database ... 15%
(Reading database ... 20%
(Reading database ... 25%
(Reading database ... 30%
(Reading database ... 35%
(Reading database ... 40%
(Reading database ... 45%
(Reading database ... 50%
(Reading database ... 55%
(Reading database ... 60%
(Reading database ... 65%
(Reading database ... 70%
(Reading database ... 75%
(Reading database ... 80%
(Reading database ... 85%
(Reading database ... 90%
(Reading database ... 95%
(Reading database ... 100%
(Reading database ... 5658 files and directories currently installed.)
#7 29.02 Preparing to unpack .../systemd_257.13-1~deb13u1_amd64.deb ...
#7 29.02 Unpacking systemd (257.13-1~deb13u1) ...
#7 29.12 Setting up libapparmor1:amd64 (4.1.0-1) ...
#7 29.12 Setting up systemd (257.13-1~deb13u1) ...
#7 29.15 Created symlink '/etc/systemd/system/getty.target.wants/getty@tty1.service' ΓåÆ '/usr/lib/systemd/system/getty@.service'.
#7 29.15 Created symlink '/etc/systemd/system/multi-user.target.wants/remote-fs.target' ΓåÆ '/usr/lib/systemd/system/remote-fs.target'.
#7 29.15 Created symlink '/etc/systemd/system/sysinit.target.wants/systemd-pstore.service' ΓåÆ 
'/usr/lib/systemd/system/systemd-pstore.service'.
#7 29.15 Initializing machine ID from random generator.
#7 29.16 Creating group 'systemd-journal' with GID 999.
#7 29.16 Creating group 'systemd-network' with GID 998.
#7 29.16 Creating user 'systemd-network' (systemd Network Management) with UID 998 and GID 998.
#7 29.17 /usr/lib/tmpfiles.d/legacy.conf:14: Duplicate line for path "/run/lock", ignoring.
#7 29.19 Selecting previously unselected package systemd-sysv.
#7 29.19 (Reading database ... 
(Reading database ... 5%
(Reading database ... 10%
(Reading database ... 15%
(Reading database ... 20%
(Reading database ... 25%
(Reading database ... 30%
(Reading database ... 35%
(Reading database ... 40%
(Reading database ... 45%
(Reading database ... 50%
(Reading database ... 55%
(Reading database ... 60%
(Reading database ... 65%
(Reading database ... 70%
(Reading database ... 75%
(Reading database ... 80%
(Reading database ... 85%
(Reading database ... 90%
(Reading database ... 95%
(Reading database ... 100%
(Reading database ... 6595 files and directories currently installed.)
#7 29.20 Preparing to unpack .../0-systemd-sysv_257.13-1~deb13u1_amd64.deb ...
#7 29.20 Unpacking systemd-sysv (257.13-1~deb13u1) ...
#7 29.21 Selecting previously unselected package libdbus-1-3:amd64.
#7 29.21 Preparing to unpack .../1-libdbus-1-3_1.16.2-2_amd64.deb ...
#7 29.22 Unpacking libdbus-1-3:amd64 (1.16.2-2) ...
#7 29.23 Selecting previously unselected package dbus-bin.
#7 29.23 Preparing to unpack .../2-dbus-bin_1.16.2-2_amd64.deb ...
#7 29.23 Unpacking dbus-bin (1.16.2-2) ...
#7 29.25 Selecting previously unselected package dbus-session-bus-common.
#7 29.25 Preparing to unpack .../3-dbus-session-bus-common_1.16.2-2_all.deb ...
#7 29.25 Unpacking dbus-session-bus-common (1.16.2-2) ...
#7 29.27 Selecting previously unselected package libexpat1:amd64.
#7 29.27 Preparing to unpack .../4-libexpat1_2.7.1-2_amd64.deb ...
#7 29.27 Unpacking libexpat1:amd64 (2.7.1-2) ...
#7 29.29 Selecting previously unselected package dbus-daemon.
#7 29.29 Preparing to unpack .../5-dbus-daemon_1.16.2-2_amd64.deb ...
#7 29.29 Unpacking dbus-daemon (1.16.2-2) ...
#7 29.31 Selecting previously unselected package dbus-system-bus-common.
#7 29.31 Preparing to unpack .../6-dbus-system-bus-common_1.16.2-2_all.deb ...
#7 29.31 Unpacking dbus-system-bus-common (1.16.2-2) ...
#7 29.33 Selecting previously unselected package dbus.
#7 29.33 Preparing to unpack .../7-dbus_1.16.2-2_amd64.deb ...
#7 29.33 Unpacking dbus (1.16.2-2) ...
#7 29.35 Selecting previously unselected package libpython3.13-minimal:amd64.
#7 29.35 Preparing to unpack .../8-libpython3.13-minimal_3.13.5-2+deb13u2_amd64.deb ...
#7 29.35 Unpacking libpython3.13-minimal:amd64 (3.13.5-2+deb13u2) ...
#7 29.39 Selecting previously unselected package python3.13-minimal.
#7 29.39 Preparing to unpack .../9-python3.13-minimal_3.13.5-2+deb13u2_amd64.deb ...
#7 29.39 Unpacking python3.13-minimal (3.13.5-2+deb13u2) ...
#7 29.47 Setting up libpython3.13-minimal:amd64 (3.13.5-2+deb13u2) ...
#7 29.48 Setting up libexpat1:amd64 (2.7.1-2) ...
#7 29.49 Setting up python3.13-minimal (3.13.5-2+deb13u2) ...
#7 29.88 Selecting previously unselected package python3-minimal.
#7 29.88 (Reading database ... 
(Reading database ... 5%
(Reading database ... 10%
(Reading database ... 15%
(Reading database ... 20%
(Reading database ... 25%
(Reading database ... 30%
(Reading database ... 35%
(Reading database ... 40%
(Reading database ... 45%
(Reading database ... 50%
(Reading database ... 55%
(Reading database ... 60%
(Reading database ... 65%
(Reading database ... 70%
(Reading database ... 75%
(Reading database ... 80%
(Reading database ... 85%
(Reading database ... 90%
(Reading database ... 95%
(Reading database ... 100%
(Reading database ... 7022 files and directories currently installed.)
#7 29.88 Preparing to unpack .../python3-minimal_3.13.5-1_amd64.deb ...
#7 29.88 Unpacking python3-minimal (3.13.5-1) ...
#7 29.90 Selecting previously unselected package media-types.
#7 29.90 Preparing to unpack .../media-types_13.0.0_all.deb ...
#7 29.90 Unpacking media-types (13.0.0) ...
#7 29.92 Selecting previously unselected package libpython3.13-stdlib:amd64.
#7 29.92 Preparing to unpack .../libpython3.13-stdlib_3.13.5-2+deb13u2_amd64.deb ...
#7 29.92 Unpacking libpython3.13-stdlib:amd64 (3.13.5-2+deb13u2) ...
#7 29.99 Selecting previously unselected package python3.13.
#7 29.99 Preparing to unpack .../python3.13_3.13.5-2+deb13u2_amd64.deb ...
#7 29.99 Unpacking python3.13 (3.13.5-2+deb13u2) ...
#7 30.01 Selecting previously unselected package libpython3-stdlib:amd64.
#7 30.01 Preparing to unpack .../libpython3-stdlib_3.13.5-1_amd64.deb ...
#7 30.01 Unpacking libpython3-stdlib:amd64 (3.13.5-1) ...
#7 30.03 Setting up python3-minimal (3.13.5-1) ...
#7 30.12 Selecting previously unselected package python3.
#7 30.12 (Reading database ... 
(Reading database ... 5%
(Reading database ... 10%
(Reading database ... 15%
(Reading database ... 20%
(Reading database ... 25%
(Reading database ... 30%
(Reading database ... 35%
(Reading database ... 40%
(Reading database ... 45%
(Reading database ... 50%
(Reading database ... 55%
(Reading database ... 60%
(Reading database ... 65%
(Reading database ... 70%
(Reading database ... 75%
(Reading database ... 80%
(Reading database ... 85%
(Reading database ... 90%
(Reading database ... 95%
(Reading database ... 100%
(Reading database ... 7476 files and directories currently installed.)
#7 30.12 Preparing to unpack .../000-python3_3.13.5-1_amd64.deb ...
#7 30.12 Unpacking python3 (3.13.5-1) ...
#7 30.14 Selecting previously unselected package libproc2-0:amd64.
#7 30.14 Preparing to unpack .../001-libproc2-0_2%3a4.0.4-9_amd64.deb ...
#7 30.14 Unpacking libproc2-0:amd64 (2:4.0.4-9) ...
#7 30.16 Selecting previously unselected package procps.
#7 30.16 Preparing to unpack .../002-procps_2%3a4.0.4-9_amd64.deb ...
#7 30.16 Unpacking procps (2:4.0.4-9) ...
#7 30.20 Selecting previously unselected package bzip2.
#7 30.20 Preparing to unpack .../003-bzip2_1.0.8-6_amd64.deb ...
#7 30.20 Unpacking bzip2 (1.0.8-6) ...
#7 30.21 Selecting previously unselected package libpam-systemd:amd64.
#7 30.21 Preparing to unpack .../004-libpam-systemd_257.13-1~deb13u1_amd64.deb ...
#7 30.21 Unpacking libpam-systemd:amd64 (257.13-1~deb13u1) ...
#7 30.23 Selecting previously unselected package perl-modules-5.40.
#7 30.23 Preparing to unpack .../005-perl-modules-5.40_5.40.1-6_all.deb ...
#7 30.24 Unpacking perl-modules-5.40 (5.40.1-6) ...
#7 30.36 Selecting previously unselected package libgdbm-compat4t64:amd64.
#7 30.37 Preparing to unpack .../006-libgdbm-compat4t64_1.24-2_amd64.deb ...
#7 30.37 Unpacking libgdbm-compat4t64:amd64 (1.24-2) ...
#7 30.38 Selecting previously unselected package libperl5.40:amd64.
#7 30.38 Preparing to unpack .../007-libperl5.40_5.40.1-6_amd64.deb ...
#7 30.38 Unpacking libperl5.40:amd64 (5.40.1-6) ...
#7 30.54 Selecting previously unselected package perl.
#7 30.54 Preparing to unpack .../008-perl_5.40.1-6_amd64.deb ...
#7 30.54 Unpacking perl (5.40.1-6) ...
#7 30.56 Selecting previously unselected package xz-utils.
#7 30.57 Preparing to unpack .../009-xz-utils_5.8.1-1_amd64.deb ...
#7 30.57 Unpacking xz-utils (5.8.1-1) ...
#7 30.59 Selecting previously unselected package libgdk-pixbuf2.0-common.
#7 30.59 Preparing to unpack .../010-libgdk-pixbuf2.0-common_2.42.12+dfsg-4+deb13u1_all.deb ...
#7 30.60 Unpacking libgdk-pixbuf2.0-common (2.42.12+dfsg-4+deb13u1) ...
#7 30.62 Selecting previously unselected package libatomic1:amd64.
#7 30.62 Preparing to unpack .../011-libatomic1_14.2.0-19_amd64.deb ...
#7 30.62 Unpacking libatomic1:amd64 (14.2.0-19) ...
#7 30.64 Selecting previously unselected package libglib2.0-0t64:amd64.
#7 30.64 Preparing to unpack .../012-libglib2.0-0t64_2.84.4-3~deb13u3_amd64.deb ...
#7 30.65 Unpacking libglib2.0-0t64:amd64 (2.84.4-3~deb13u3) ...
#7 30.70 Selecting previously unselected package libxml2:amd64.
#7 30.70 Preparing to unpack .../013-libxml2_2.12.7+dfsg+really2.9.14-2.1+deb13u2_amd64.deb ...
#7 30.70 Unpacking libxml2:amd64 (2.12.7+dfsg+really2.9.14-2.1+deb13u2) ...
#7 30.73 Selecting previously unselected package shared-mime-info.
#7 30.73 Preparing to unpack .../014-shared-mime-info_2.4-5+b2_amd64.deb ...
#7 30.73 Unpacking shared-mime-info (2.4-5+b2) ...
#7 30.77 Selecting previously unselected package libjpeg62-turbo:amd64.
#7 30.77 Preparing to unpack .../015-libjpeg62-turbo_1%3a2.1.5-4_amd64.deb ...
#7 30.78 Unpacking libjpeg62-turbo:amd64 (1:2.1.5-4) ...
#7 30.79 Selecting previously unselected package libpng16-16t64:amd64.
#7 30.79 Preparing to unpack .../016-libpng16-16t64_1.6.48-1+deb13u5_amd64.deb ...
#7 30.80 Unpacking libpng16-16t64:amd64 (1.6.48-1+deb13u5) ...
#7 30.82 Selecting previously unselected package libdeflate0:amd64.
#7 30.82 Preparing to unpack .../017-libdeflate0_1.23-2_amd64.deb ...
#7 30.82 Unpacking libdeflate0:amd64 (1.23-2) ...
#7 30.83 Selecting previously unselected package libjbig0:amd64.
#7 30.83 Preparing to unpack .../018-libjbig0_2.1-6.1+b2_amd64.deb ...
#7 30.84 Unpacking libjbig0:amd64 (2.1-6.1+b2) ...
#7 30.85 Selecting previously unselected package liblerc4:amd64.
#7 30.85 Preparing to unpack .../019-liblerc4_4.0.0+ds-5_amd64.deb ...
#7 30.85 Unpacking liblerc4:amd64 (4.0.0+ds-5) ...
#7 30.87 Selecting previously unselected package libsharpyuv0:amd64.
#7 30.87 Preparing to unpack .../020-libsharpyuv0_1.5.0-0.1_amd64.deb ...
#7 30.87 Unpacking libsharpyuv0:amd64 (1.5.0-0.1) ...
#7 30.89 Selecting previously unselected package libwebp7:amd64.
#7 30.89 Preparing to unpack .../021-libwebp7_1.5.0-0.1_amd64.deb ...
#7 30.89 Unpacking libwebp7:amd64 (1.5.0-0.1) ...
#7 30.92 Selecting previously unselected package libtiff6:amd64.
#7 30.92 Preparing to unpack .../022-libtiff6_4.7.0-3+deb13u2_amd64.deb ...
#7 30.92 Unpacking libtiff6:amd64 (4.7.0-3+deb13u2) ...
#7 30.94 Selecting previously unselected package libgdk-pixbuf-2.0-0:amd64.
#7 30.94 Preparing to unpack .../023-libgdk-pixbuf-2.0-0_2.42.12+dfsg-4+deb13u1_amd64.deb ...
#7 30.94 Unpacking libgdk-pixbuf-2.0-0:amd64 (2.42.12+dfsg-4+deb13u1) ...
#7 30.96 Selecting previously unselected package gtk-update-icon-cache.
#7 30.96 Preparing to unpack .../024-gtk-update-icon-cache_4.18.6+ds-2_amd64.deb ...
#7 30.97 No diversion 'diversion of /usr/sbin/update-icon-caches to /usr/sbin/update-icon-caches.gtk2 by libgtk-3-bin', none removed.
#7 30.97 No diversion 'diversion of /usr/share/man/man8/update-icon-caches.8.gz to /usr/share/man/man8/update-icon-caches.gtk2.8.gz by 
libgtk-3-bin', none removed.
#7 30.97 Unpacking gtk-update-icon-cache (4.18.6+ds-2) ...
#7 30.98 Selecting previously unselected package hicolor-icon-theme.
#7 30.98 Preparing to unpack .../025-hicolor-icon-theme_0.18-2_all.deb ...
#7 30.99 Unpacking hicolor-icon-theme (0.18-2) ...
#7 31.06 Selecting previously unselected package adwaita-icon-theme.
#7 31.06 Preparing to unpack .../026-adwaita-icon-theme_48.1-1_all.deb ...
#7 31.06 Unpacking adwaita-icon-theme (48.1-1) ...
#7 31.13 Selecting previously unselected package at-spi2-common.
#7 31.13 Preparing to unpack .../027-at-spi2-common_2.56.2-1+deb13u1_all.deb ...
#7 31.13 Unpacking at-spi2-common (2.56.2-1+deb13u1) ...
#7 31.16 Selecting previously unselected package libsframe1:amd64.
#7 31.16 Preparing to unpack .../028-libsframe1_2.44-3_amd64.deb ...
#7 31.16 Unpacking libsframe1:amd64 (2.44-3) ...
#7 31.17 Selecting previously unselected package binutils-common:amd64.
#7 31.17 Preparing to unpack .../029-binutils-common_2.44-3_amd64.deb ...
#7 31.17 Unpacking binutils-common:amd64 (2.44-3) ...
#7 31.26 Selecting previously unselected package libbinutils:amd64.
#7 31.26 Preparing to unpack .../030-libbinutils_2.44-3_amd64.deb ...
#7 31.26 Unpacking libbinutils:amd64 (2.44-3) ...
#7 31.29 Selecting previously unselected package libgprofng0:amd64.
#7 31.29 Preparing to unpack .../031-libgprofng0_2.44-3_amd64.deb ...
#7 31.29 Unpacking libgprofng0:amd64 (2.44-3) ...
#7 31.33 Selecting previously unselected package libctf-nobfd0:amd64.
#7 31.33 Preparing to unpack .../032-libctf-nobfd0_2.44-3_amd64.deb ...
#7 31.34 Unpacking libctf-nobfd0:amd64 (2.44-3) ...
#7 31.35 Selecting previously unselected package libctf0:amd64.
#7 31.35 Preparing to unpack .../033-libctf0_2.44-3_amd64.deb ...
#7 31.36 Unpacking libctf0:amd64 (2.44-3) ...
#7 31.37 Selecting previously unselected package libjansson4:amd64.
#7 31.37 Preparing to unpack .../034-libjansson4_2.14-2+b3_amd64.deb ...
#7 31.37 Unpacking libjansson4:amd64 (2.14-2+b3) ...
#7 31.39 Selecting previously unselected package binutils-x86-64-linux-gnu.
#7 31.39 Preparing to unpack .../035-binutils-x86-64-linux-gnu_2.44-3_amd64.deb ...
#7 31.39 Unpacking binutils-x86-64-linux-gnu (2.44-3) ...
#7 31.44 Selecting previously unselected package binutils.
#7 31.44 Preparing to unpack .../036-binutils_2.44-3_amd64.deb ...
#7 31.44 Unpacking binutils (2.44-3) ...
#7 31.46 Selecting previously unselected package libc-dev-bin.
#7 31.46 Preparing to unpack .../037-libc-dev-bin_2.41-12+deb13u3_amd64.deb ...
#7 31.46 Unpacking libc-dev-bin (2.41-12+deb13u3) ...
#7 31.48 Selecting previously unselected package linux-libc-dev.
#7 31.48 Preparing to unpack .../038-linux-libc-dev_6.12.90-2_all.deb ...
#7 31.48 Unpacking linux-libc-dev (6.12.90-2) ...
#7 31.59 Selecting previously unselected package libcrypt-dev:amd64.
#7 31.59 Preparing to unpack .../039-libcrypt-dev_1%3a4.4.38-1_amd64.deb ...
#7 31.60 Unpacking libcrypt-dev:amd64 (1:4.4.38-1) ...
#7 31.61 Selecting previously unselected package rpcsvc-proto.
#7 31.61 Preparing to unpack .../040-rpcsvc-proto_1.4.3-1_amd64.deb ...
#7 31.62 Unpacking rpcsvc-proto (1.4.3-1) ...
#7 31.63 Selecting previously unselected package libc6-dev:amd64.
#7 31.63 Preparing to unpack .../041-libc6-dev_2.41-12+deb13u3_amd64.deb ...
#7 31.63 Unpacking libc6-dev:amd64 (2.41-12+deb13u3) ...
#7 31.71 Selecting previously unselected package libisl23:amd64.
#7 31.71 Preparing to unpack .../042-libisl23_0.27-1_amd64.deb ...
#7 31.71 Unpacking libisl23:amd64 (0.27-1) ...
#7 31.74 Selecting previously unselected package libmpfr6:amd64.
#7 31.75 Preparing to unpack .../043-libmpfr6_4.2.2-1_amd64.deb ...
#7 31.75 Unpacking libmpfr6:amd64 (4.2.2-1) ...
#7 31.77 Selecting previously unselected package libmpc3:amd64.
#7 31.77 Preparing to unpack .../044-libmpc3_1.3.1-1+b3_amd64.deb ...
#7 31.78 Unpacking libmpc3:amd64 (1.3.1-1+b3) ...
#7 31.79 Selecting previously unselected package cpp-14-x86-64-linux-gnu.
#7 31.79 Preparing to unpack .../045-cpp-14-x86-64-linux-gnu_14.2.0-19_amd64.deb ...
#7 31.79 Unpacking cpp-14-x86-64-linux-gnu (14.2.0-19) ...
#7 32.06 Selecting previously unselected package cpp-14.
#7 32.06 Preparing to unpack .../046-cpp-14_14.2.0-19_amd64.deb ...
#7 32.06 Unpacking cpp-14 (14.2.0-19) ...
#7 32.07 Selecting previously unselected package cpp-x86-64-linux-gnu.
#7 32.07 Preparing to unpack .../047-cpp-x86-64-linux-gnu_4%3a14.2.0-1_amd64.deb ...
#7 32.07 Unpacking cpp-x86-64-linux-gnu (4:14.2.0-1) ...
#7 32.09 Selecting previously unselected package cpp.
#7 32.09 Preparing to unpack .../048-cpp_4%3a14.2.0-1_amd64.deb ...
#7 32.10 Unpacking cpp (4:14.2.0-1) ...
#7 32.11 Selecting previously unselected package libcc1-0:amd64.
#7 32.11 Preparing to unpack .../049-libcc1-0_14.2.0-19_amd64.deb ...
#7 32.11 Unpacking libcc1-0:amd64 (14.2.0-19) ...
#7 32.13 Selecting previously unselected package libgomp1:amd64.
#7 32.13 Preparing to unpack .../050-libgomp1_14.2.0-19_amd64.deb ...
#7 32.14 Unpacking libgomp1:amd64 (14.2.0-19) ...
#7 32.15 Selecting previously unselected package libitm1:amd64.
#7 32.16 Preparing to unpack .../051-libitm1_14.2.0-19_amd64.deb ...
#7 32.16 Unpacking libitm1:amd64 (14.2.0-19) ...
#7 32.17 Selecting previously unselected package libasan8:amd64.
#7 32.17 Preparing to unpack .../052-libasan8_14.2.0-19_amd64.deb ...
#7 32.18 Unpacking libasan8:amd64 (14.2.0-19) ...
#7 32.27 Selecting previously unselected package liblsan0:amd64.
#7 32.27 Preparing to unpack .../053-liblsan0_14.2.0-19_amd64.deb ...
#7 32.27 Unpacking liblsan0:amd64 (14.2.0-19) ...
#7 32.32 Selecting previously unselected package libtsan2:amd64.
#7 32.32 Preparing to unpack .../054-libtsan2_14.2.0-19_amd64.deb ...
#7 32.33 Unpacking libtsan2:amd64 (14.2.0-19) ...
#7 32.41 Selecting previously unselected package libubsan1:amd64.
#7 32.41 Preparing to unpack .../055-libubsan1_14.2.0-19_amd64.deb ...
#7 32.41 Unpacking libubsan1:amd64 (14.2.0-19) ...
#7 32.46 Selecting previously unselected package libhwasan0:amd64.
#7 32.46 Preparing to unpack .../056-libhwasan0_14.2.0-19_amd64.deb ...
#7 32.46 Unpacking libhwasan0:amd64 (14.2.0-19) ...
#7 32.52 Selecting previously unselected package libquadmath0:amd64.
#7 32.52 Preparing to unpack .../057-libquadmath0_14.2.0-19_amd64.deb ...
#7 32.52 Unpacking libquadmath0:amd64 (14.2.0-19) ...
#7 32.54 Selecting previously unselected package libgcc-14-dev:amd64.
#7 32.54 Preparing to unpack .../058-libgcc-14-dev_14.2.0-19_amd64.deb ...
#7 32.54 Unpacking libgcc-14-dev:amd64 (14.2.0-19) ...
#7 32.63 Selecting previously unselected package gcc-14-x86-64-linux-gnu.
#7 32.63 Preparing to unpack .../059-gcc-14-x86-64-linux-gnu_14.2.0-19_amd64.deb ...
#7 32.63 Unpacking gcc-14-x86-64-linux-gnu (14.2.0-19) ...
#7 32.94 Selecting previously unselected package gcc-14.
#7 32.95 Preparing to unpack .../060-gcc-14_14.2.0-19_amd64.deb ...
#7 32.95 Unpacking gcc-14 (14.2.0-19) ...
#7 32.96 Selecting previously unselected package gcc-x86-64-linux-gnu.
#7 32.97 Preparing to unpack .../061-gcc-x86-64-linux-gnu_4%3a14.2.0-1_amd64.deb ...
#7 32.97 Unpacking gcc-x86-64-linux-gnu (4:14.2.0-1) ...
#7 32.98 Selecting previously unselected package gcc.
#7 32.98 Preparing to unpack .../062-gcc_4%3a14.2.0-1_amd64.deb ...
#7 32.98 Unpacking gcc (4:14.2.0-1) ...
#7 33.00 Selecting previously unselected package libstdc++-14-dev:amd64.
#7 33.00 Preparing to unpack .../063-libstdc++-14-dev_14.2.0-19_amd64.deb ...
#7 33.00 Unpacking libstdc++-14-dev:amd64 (14.2.0-19) ...
#7 33.08 Selecting previously unselected package g++-14-x86-64-linux-gnu.
#7 33.09 Preparing to unpack .../064-g++-14-x86-64-linux-gnu_14.2.0-19_amd64.deb ...
#7 33.09 Unpacking g++-14-x86-64-linux-gnu (14.2.0-19) ...
#7 33.36 Selecting previously unselected package g++-14.
#7 33.36 Preparing to unpack .../065-g++-14_14.2.0-19_amd64.deb ...
#7 33.36 Unpacking g++-14 (14.2.0-19) ...
#7 33.37 Selecting previously unselected package g++-x86-64-linux-gnu.
#7 33.37 Preparing to unpack .../066-g++-x86-64-linux-gnu_4%3a14.2.0-1_amd64.deb ...
#7 33.37 Unpacking g++-x86-64-linux-gnu (4:14.2.0-1) ...
#7 33.39 Selecting previously unselected package g++.
#7 33.39 Preparing to unpack .../067-g++_4%3a14.2.0-1_amd64.deb ...
#7 33.39 Unpacking g++ (4:14.2.0-1) ...
#7 33.40 Selecting previously unselected package make.
#7 33.41 Preparing to unpack .../068-make_4.4.1-2_amd64.deb ...
#7 33.41 Unpacking make (4.4.1-2) ...
#7 33.43 Selecting previously unselected package libdpkg-perl.
#7 33.43 Preparing to unpack .../069-libdpkg-perl_1.22.22_all.deb ...
#7 33.44 Unpacking libdpkg-perl (1.22.22) ...
#7 33.46 Selecting previously unselected package patch.
#7 33.47 Preparing to unpack .../070-patch_2.8-2_amd64.deb ...
#7 33.47 Unpacking patch (2.8-2) ...
#7 33.48 Selecting previously unselected package dpkg-dev.
#7 33.49 Preparing to unpack .../071-dpkg-dev_1.22.22_all.deb ...
#7 33.49 Unpacking dpkg-dev (1.22.22) ...
#7 33.52 Selecting previously unselected package build-essential.
#7 33.53 Preparing to unpack .../072-build-essential_12.12_amd64.deb ...
#7 33.53 Unpacking build-essential (12.12) ...
#7 33.55 Selecting previously unselected package cmake-data.
#7 33.55 Preparing to unpack .../073-cmake-data_3.31.6-2_all.deb ...
#7 33.55 Unpacking cmake-data (3.31.6-2) ...
#7 33.72 Selecting previously unselected package libarchive13t64:amd64.
#7 33.72 Preparing to unpack .../074-libarchive13t64_3.7.4-4+deb13u1_amd64.deb ...
#7 33.72 Unpacking libarchive13t64:amd64 (3.7.4-4+deb13u1) ...
#7 33.74 Selecting previously unselected package libbrotli1:amd64.
#7 33.75 Preparing to unpack .../075-libbrotli1_1.1.0-2+b7_amd64.deb ...
#7 33.75 Unpacking libbrotli1:amd64 (1.1.0-2+b7) ...
#7 33.77 Selecting previously unselected package libkrb5support0:amd64.
#7 33.77 Preparing to unpack .../076-libkrb5support0_1.21.3-5+deb13u1_amd64.deb ...
#7 33.77 Unpacking libkrb5support0:amd64 (1.21.3-5+deb13u1) ...
#7 33.79 Selecting previously unselected package libcom-err2:amd64.
#7 33.79 Preparing to unpack .../077-libcom-err2_1.47.2-3+b11_amd64.deb ...
#7 33.79 Unpacking libcom-err2:amd64 (1.47.2-3+b11) ...
#7 33.81 Selecting previously unselected package libk5crypto3:amd64.
#7 33.81 Preparing to unpack .../078-libk5crypto3_1.21.3-5+deb13u1_amd64.deb ...
#7 33.81 Unpacking libk5crypto3:amd64 (1.21.3-5+deb13u1) ...
#7 33.83 Selecting previously unselected package libkeyutils1:amd64.
#7 33.83 Preparing to unpack .../079-libkeyutils1_1.6.3-6_amd64.deb ...
#7 33.84 Unpacking libkeyutils1:amd64 (1.6.3-6) ...
#7 33.85 Selecting previously unselected package libkrb5-3:amd64.
#7 33.85 Preparing to unpack .../080-libkrb5-3_1.21.3-5+deb13u1_amd64.deb ...
#7 33.86 Unpacking libkrb5-3:amd64 (1.21.3-5+deb13u1) ...
#7 33.88 Selecting previously unselected package libgssapi-krb5-2:amd64.
#7 33.88 Preparing to unpack .../081-libgssapi-krb5-2_1.21.3-5+deb13u1_amd64.deb ...
#7 33.88 Unpacking libgssapi-krb5-2:amd64 (1.21.3-5+deb13u1) ...
#7 33.90 Selecting previously unselected package libunistring5:amd64.
#7 33.91 Preparing to unpack .../082-libunistring5_1.3-2_amd64.deb ...
#7 33.91 Unpacking libunistring5:amd64 (1.3-2) ...
#7 33.94 Selecting previously unselected package libidn2-0:amd64.
#7 33.94 Preparing to unpack .../083-libidn2-0_2.3.8-2_amd64.deb ...
#7 33.94 Unpacking libidn2-0:amd64 (2.3.8-2) ...
#7 33.96 Selecting previously unselected package libsasl2-modules-db:amd64.
#7 33.96 Preparing to unpack .../084-libsasl2-modules-db_2.1.28+dfsg1-9_amd64.deb ...
#7 33.97 Unpacking libsasl2-modules-db:amd64 (2.1.28+dfsg1-9) ...
#7 33.98 Selecting previously unselected package libsasl2-2:amd64.
#7 33.98 Preparing to unpack .../085-libsasl2-2_2.1.28+dfsg1-9_amd64.deb ...
#7 33.98 Unpacking libsasl2-2:amd64 (2.1.28+dfsg1-9) ...
#7 34.00 Selecting previously unselected package libldap2:amd64.
#7 34.00 Preparing to unpack .../086-libldap2_2.6.10+dfsg-1_amd64.deb ...
#7 34.00 Unpacking libldap2:amd64 (2.6.10+dfsg-1) ...
#7 34.02 Selecting previously unselected package libnghttp2-14:amd64.
#7 34.02 Preparing to unpack .../087-libnghttp2-14_1.64.0-1.1+deb13u1_amd64.deb ...
#7 34.02 Unpacking libnghttp2-14:amd64 (1.64.0-1.1+deb13u1) ...
#7 34.04 Selecting previously unselected package libnghttp3-9:amd64.
#7 34.04 Preparing to unpack .../088-libnghttp3-9_1.8.0-1_amd64.deb ...
#7 34.04 Unpacking libnghttp3-9:amd64 (1.8.0-1) ...
#7 34.06 Selecting previously unselected package libpsl5t64:amd64.
#7 34.06 Preparing to unpack .../089-libpsl5t64_0.21.2-1.1+b1_amd64.deb ...
#7 34.06 Unpacking libpsl5t64:amd64 (0.21.2-1.1+b1) ...
#7 34.08 Selecting previously unselected package libp11-kit0:amd64.
#7 34.08 Preparing to unpack .../090-libp11-kit0_0.25.5-3_amd64.deb ...
#7 34.08 Unpacking libp11-kit0:amd64 (0.25.5-3) ...
#7 34.11 Selecting previously unselected package libtasn1-6:amd64.
#7 34.11 Preparing to unpack .../091-libtasn1-6_4.20.0-2_amd64.deb ...
#7 34.11 Unpacking libtasn1-6:amd64 (4.20.0-2) ...
#7 34.13 Selecting previously unselected package libgnutls30t64:amd64.
#7 34.13 Preparing to unpack .../092-libgnutls30t64_3.8.9-3+deb13u4_amd64.deb ...
#7 34.13 Unpacking libgnutls30t64:amd64 (3.8.9-3+deb13u4) ...
#7 34.17 Selecting previously unselected package librtmp1:amd64.
#7 34.17 Preparing to unpack .../093-librtmp1_2.4+20151223.gitfa8646d.1-2+b5_amd64.deb ...
#7 34.17 Unpacking librtmp1:amd64 (2.4+20151223.gitfa8646d.1-2+b5) ...
#7 34.19 Selecting previously unselected package libssh2-1t64:amd64.
#7 34.19 Preparing to unpack .../094-libssh2-1t64_1.11.1-1_amd64.deb ...
#7 34.19 Unpacking libssh2-1t64:amd64 (1.11.1-1) ...
#7 34.21 Selecting previously unselected package libcurl4t64:amd64.
#7 34.21 Preparing to unpack .../095-libcurl4t64_8.14.1-2+deb13u3_amd64.deb ...
#7 34.22 Unpacking libcurl4t64:amd64 (8.14.1-2+deb13u3) ...
#7 34.24 Selecting previously unselected package libjsoncpp26:amd64.
#7 34.24 Preparing to unpack .../096-libjsoncpp26_1.9.6-3_amd64.deb ...
#7 34.24 Unpacking libjsoncpp26:amd64 (1.9.6-3) ...
#7 34.26 Selecting previously unselected package librhash1:amd64.
#7 34.26 Preparing to unpack .../097-librhash1_1.4.5-1_amd64.deb ...
#7 34.26 Unpacking librhash1:amd64 (1.4.5-1) ...
#7 34.28 Selecting previously unselected package libuv1t64:amd64.
#7 34.28 Preparing to unpack .../098-libuv1t64_1.50.0-2_amd64.deb ...
#7 34.28 Unpacking libuv1t64:amd64 (1.50.0-2) ...
#7 34.30 Selecting previously unselected package cmake.
#7 34.30 Preparing to unpack .../099-cmake_3.31.6-2_amd64.deb ...
#7 34.30 Unpacking cmake (3.31.6-2) ...
#7 34.54 Selecting previously unselected package dbus-user-session.
#7 34.54 Preparing to unpack .../100-dbus-user-session_1.16.2-2_amd64.deb ...
#7 34.54 Unpacking dbus-user-session (1.16.2-2) ...
#7 34.56 Selecting previously unselected package libdconf1:amd64.
#7 34.56 Preparing to unpack .../101-libdconf1_0.40.0-5_amd64.deb ...
#7 34.56 Unpacking libdconf1:amd64 (0.40.0-5) ...
#7 34.58 Selecting previously unselected package dconf-service.
#7 34.58 Preparing to unpack .../102-dconf-service_0.40.0-5_amd64.deb ...
#7 34.58 Unpacking dconf-service (0.40.0-5) ...
#7 34.60 Selecting previously unselected package dconf-gsettings-backend:amd64.
#7 34.60 Preparing to unpack .../103-dconf-gsettings-backend_0.40.0-5_amd64.deb ...
#7 34.60 Unpacking dconf-gsettings-backend:amd64 (0.40.0-5) ...
#7 34.62 Selecting previously unselected package libfreetype6:amd64.
#7 34.62 Preparing to unpack .../104-libfreetype6_2.13.3+dfsg-1+deb13u1_amd64.deb ...
#7 34.62 Unpacking libfreetype6:amd64 (2.13.3+dfsg-1+deb13u1) ...
#7 34.64 Selecting previously unselected package fonts-dejavu-mono.
#7 34.65 Preparing to unpack .../105-fonts-dejavu-mono_2.37-8_all.deb ...
#7 34.65 Unpacking fonts-dejavu-mono (2.37-8) ...
#7 34.68 Selecting previously unselected package fonts-dejavu-core.
#7 34.68 Preparing to unpack .../106-fonts-dejavu-core_2.37-8_all.deb ...
#7 34.69 Unpacking fonts-dejavu-core (2.37-8) ...
#7 34.73 Selecting previously unselected package fontconfig-config.
#7 34.73 Preparing to unpack .../107-fontconfig-config_2.15.0-2.3_amd64.deb ...
#7 34.73 Unpacking fontconfig-config (2.15.0-2.3) ...
#7 34.75 Selecting previously unselected package libfontconfig1:amd64.
#7 34.75 Preparing to unpack .../108-libfontconfig1_2.15.0-2.3_amd64.deb ...
#7 34.75 Unpacking libfontconfig1:amd64 (2.15.0-2.3) ...
#7 34.77 Selecting previously unselected package fontconfig.
#7 34.77 Preparing to unpack .../109-fontconfig_2.15.0-2.3_amd64.deb ...
#7 34.77 Unpacking fontconfig (2.15.0-2.3) ...
#7 34.79 Selecting previously unselected package gir1.2-glib-2.0:amd64.
#7 34.79 Preparing to unpack .../110-gir1.2-glib-2.0_2.84.4-3~deb13u3_amd64.deb ...
#7 34.80 Unpacking gir1.2-glib-2.0:amd64 (2.84.4-3~deb13u3) ...
#7 34.81 Selecting previously unselected package libatk1.0-0t64:amd64.
#7 34.82 Preparing to unpack .../111-libatk1.0-0t64_2.56.2-1+deb13u1_amd64.deb ...
#7 34.82 Unpacking libatk1.0-0t64:amd64 (2.56.2-1+deb13u1) ...
#7 34.83 Selecting previously unselected package gir1.2-atk-1.0:amd64.
#7 34.83 Preparing to unpack .../112-gir1.2-atk-1.0_2.56.2-1+deb13u1_amd64.deb ...
#7 34.83 Unpacking gir1.2-atk-1.0:amd64 (2.56.2-1+deb13u1) ...
#7 34.85 Selecting previously unselected package libpixman-1-0:amd64.
#7 34.85 Preparing to unpack .../113-libpixman-1-0_0.44.0-3_amd64.deb ...
#7 34.85 Unpacking libpixman-1-0:amd64 (0.44.0-3) ...
#7 34.87 Selecting previously unselected package libxau6:amd64.
#7 34.87 Preparing to unpack .../114-libxau6_1%3a1.0.11-1_amd64.deb ...
#7 34.88 Unpacking libxau6:amd64 (1:1.0.11-1) ...
#7 34.89 Selecting previously unselected package libxdmcp6:amd64.
#7 34.89 Preparing to unpack .../115-libxdmcp6_1%3a1.1.5-1_amd64.deb ...
#7 34.89 Unpacking libxdmcp6:amd64 (1:1.1.5-1) ...
#7 34.91 Selecting previously unselected package libxcb1:amd64.
#7 34.91 Preparing to unpack .../116-libxcb1_1.17.0-2+b1_amd64.deb ...
#7 34.91 Unpacking libxcb1:amd64 (1.17.0-2+b1) ...
#7 34.92 Selecting previously unselected package libx11-data.
#7 34.93 Preparing to unpack .../117-libx11-data_2%3a1.8.12-1_all.deb ...
#7 34.93 Unpacking libx11-data (2:1.8.12-1) ...
#7 34.96 Selecting previously unselected package libx11-6:amd64.
#7 34.96 Preparing to unpack .../118-libx11-6_2%3a1.8.12-1_amd64.deb ...
#7 34.96 Unpacking libx11-6:amd64 (2:1.8.12-1) ...
#7 34.99 Selecting previously unselected package libxcb-render0:amd64.
#7 34.99 Preparing to unpack .../119-libxcb-render0_1.17.0-2+b1_amd64.deb ...
#7 35.00 Unpacking libxcb-render0:amd64 (1.17.0-2+b1) ...
#7 35.02 Selecting previously unselected package libxcb-shm0:amd64.
#7 35.02 Preparing to unpack .../120-libxcb-shm0_1.17.0-2+b1_amd64.deb ...
#7 35.02 Unpacking libxcb-shm0:amd64 (1.17.0-2+b1) ...
#7 35.04 Selecting previously unselected package libxext6:amd64.
#7 35.04 Preparing to unpack .../121-libxext6_2%3a1.3.4-1+b3_amd64.deb ...
#7 35.04 Unpacking libxext6:amd64 (2:1.3.4-1+b3) ...
#7 35.05 Selecting previously unselected package libxrender1:amd64.
#7 35.05 Preparing to unpack .../122-libxrender1_1%3a0.9.12-1_amd64.deb ...
#7 35.06 Unpacking libxrender1:amd64 (1:0.9.12-1) ...
#7 35.07 Selecting previously unselected package libcairo2:amd64.
#7 35.07 Preparing to unpack .../123-libcairo2_1.18.4-1+b1_amd64.deb ...
#7 35.08 Unpacking libcairo2:amd64 (1.18.4-1+b1) ...
#7 35.10 Selecting previously unselected package libcairo-gobject2:amd64.
#7 35.11 Preparing to unpack .../124-libcairo-gobject2_1.18.4-1+b1_amd64.deb ...
#7 35.11 Unpacking libcairo-gobject2:amd64 (1.18.4-1+b1) ...
#7 35.12 Selecting previously unselected package gir1.2-freedesktop:amd64.
#7 35.12 Preparing to unpack .../125-gir1.2-freedesktop_1.84.0-1_amd64.deb ...
#7 35.13 Unpacking gir1.2-freedesktop:amd64 (1.84.0-1) ...
#7 35.14 Selecting previously unselected package libxi6:amd64.
#7 35.14 Preparing to unpack .../126-libxi6_2%3a1.8.2-1_amd64.deb ...
#7 35.14 Unpacking libxi6:amd64 (2:1.8.2-1) ...
#7 35.16 Selecting previously unselected package libatspi2.0-0t64:amd64.
#7 35.16 Preparing to unpack .../127-libatspi2.0-0t64_2.56.2-1+deb13u1_amd64.deb ...
#7 35.16 Unpacking libatspi2.0-0t64:amd64 (2.56.2-1+deb13u1) ...
#7 35.18 Selecting previously unselected package gir1.2-atspi-2.0:amd64.
#7 35.18 Preparing to unpack .../128-gir1.2-atspi-2.0_2.56.2-1+deb13u1_amd64.deb ...
#7 35.18 Unpacking gir1.2-atspi-2.0:amd64 (2.56.2-1+deb13u1) ...
#7 35.20 Selecting previously unselected package libcloudproviders0:amd64.
#7 35.20 Preparing to unpack .../129-libcloudproviders0_0.3.6-2_amd64.deb ...
#7 35.20 Unpacking libcloudproviders0:amd64 (0.3.6-2) ...
#7 35.21 Selecting previously unselected package gir1.2-cloudproviders-0.3.0:amd64.
#7 35.21 Preparing to unpack .../130-gir1.2-cloudproviders-0.3.0_0.3.6-2_amd64.deb ...
#7 35.22 Unpacking gir1.2-cloudproviders-0.3.0:amd64 (0.3.6-2) ...
#7 35.23 Selecting previously unselected package gir1.2-glib-2.0-dev:amd64.
#7 35.23 Preparing to unpack .../131-gir1.2-glib-2.0-dev_2.84.4-3~deb13u3_amd64.deb ...
#7 35.23 Unpacking gir1.2-glib-2.0-dev:amd64 (2.84.4-3~deb13u3) ...
#7 35.27 Selecting previously unselected package gir1.2-freedesktop-dev:amd64.
#7 35.27 Preparing to unpack .../132-gir1.2-freedesktop-dev_1.84.0-1_amd64.deb ...
#7 35.28 Unpacking gir1.2-freedesktop-dev:amd64 (1.84.0-1) ...
#7 35.29 Selecting previously unselected package gir1.2-gdkpixbuf-2.0:amd64.
#7 35.29 Preparing to unpack .../133-gir1.2-gdkpixbuf-2.0_2.42.12+dfsg-4+deb13u1_amd64.deb ...
#7 35.29 Unpacking gir1.2-gdkpixbuf-2.0:amd64 (2.42.12+dfsg-4+deb13u1) ...
#7 35.31 Selecting previously unselected package libgraphite2-3:amd64.
#7 35.31 Preparing to unpack .../134-libgraphite2-3_1.3.14-2+b1_amd64.deb ...
#7 35.31 Unpacking libgraphite2-3:amd64 (1.3.14-2+b1) ...
#7 35.33 Selecting previously unselected package libharfbuzz0b:amd64.
#7 35.33 Preparing to unpack .../135-libharfbuzz0b_10.2.0-1+deb13u1_amd64.deb ...
#7 35.33 Unpacking libharfbuzz0b:amd64 (10.2.0-1+deb13u1) ...
#7 35.36 Selecting previously unselected package libharfbuzz-gobject0:amd64.
#7 35.36 Preparing to unpack .../136-libharfbuzz-gobject0_10.2.0-1+deb13u1_amd64.deb ...
#7 35.36 Unpacking libharfbuzz-gobject0:amd64 (10.2.0-1+deb13u1) ...
#7 35.38 Selecting previously unselected package gir1.2-harfbuzz-0.0:amd64.
#7 35.38 Preparing to unpack .../137-gir1.2-harfbuzz-0.0_10.2.0-1+deb13u1_amd64.deb ...
#7 35.38 Unpacking gir1.2-harfbuzz-0.0:amd64 (10.2.0-1+deb13u1) ...
#7 35.40 Selecting previously unselected package libfribidi0:amd64.
#7 35.40 Preparing to unpack .../138-libfribidi0_1.0.16-1_amd64.deb ...
#7 35.40 Unpacking libfribidi0:amd64 (1.0.16-1) ...
#7 35.41 Selecting previously unselected package libthai-data.
#7 35.42 Preparing to unpack .../139-libthai-data_0.1.29-2_all.deb ...
#7 35.42 Unpacking libthai-data (0.1.29-2) ...
#7 35.44 Selecting previously unselected package libdatrie1:amd64.
#7 35.44 Preparing to unpack .../140-libdatrie1_0.2.13-3+b1_amd64.deb ...
#7 35.44 Unpacking libdatrie1:amd64 (0.2.13-3+b1) ...
#7 35.46 Selecting previously unselected package libthai0:amd64.
#7 35.46 Preparing to unpack .../141-libthai0_0.1.29-2+b1_amd64.deb ...
#7 35.46 Unpacking libthai0:amd64 (0.1.29-2+b1) ...
#7 35.47 Selecting previously unselected package libpango-1.0-0:amd64.
#7 35.48 Preparing to unpack .../142-libpango-1.0-0_1.56.3-1_amd64.deb ...
#7 35.48 Unpacking libpango-1.0-0:amd64 (1.56.3-1) ...
#7 35.50 Selecting previously unselected package libpangoft2-1.0-0:amd64.
#7 35.50 Preparing to unpack .../143-libpangoft2-1.0-0_1.56.3-1_amd64.deb ...
#7 35.50 Unpacking libpangoft2-1.0-0:amd64 (1.56.3-1) ...
#7 35.52 Selecting previously unselected package libpangocairo-1.0-0:amd64.
#7 35.52 Preparing to unpack .../144-libpangocairo-1.0-0_1.56.3-1_amd64.deb ...
#7 35.52 Unpacking libpangocairo-1.0-0:amd64 (1.56.3-1) ...
#7 35.54 Selecting previously unselected package libxft2:amd64.
#7 35.54 Preparing to unpack .../145-libxft2_2.3.6-1+b4_amd64.deb ...
#7 35.54 Unpacking libxft2:amd64 (2.3.6-1+b4) ...
#7 35.55 Selecting previously unselected package libpangoxft-1.0-0:amd64.
#7 35.56 Preparing to unpack .../146-libpangoxft-1.0-0_1.56.3-1_amd64.deb ...
#7 35.56 Unpacking libpangoxft-1.0-0:amd64 (1.56.3-1) ...
#7 35.57 Selecting previously unselected package gir1.2-pango-1.0:amd64.
#7 35.57 Preparing to unpack .../147-gir1.2-pango-1.0_1.56.3-1_amd64.deb ...
#7 35.57 Unpacking gir1.2-pango-1.0:amd64 (1.56.3-1) ...
#7 35.59 Selecting previously unselected package libatk-bridge2.0-0t64:amd64.
#7 35.59 Preparing to unpack .../148-libatk-bridge2.0-0t64_2.56.2-1+deb13u1_amd64.deb ...
#7 35.59 Unpacking libatk-bridge2.0-0t64:amd64 (2.56.2-1+deb13u1) ...
#7 35.61 Selecting previously unselected package liblcms2-2:amd64.
#7 35.61 Preparing to unpack .../149-liblcms2-2_2.16-2+deb13u2_amd64.deb ...
#7 35.61 Unpacking liblcms2-2:amd64 (2.16-2+deb13u2) ...
#7 35.63 Selecting previously unselected package libcolord2:amd64.
#7 35.63 Preparing to unpack .../150-libcolord2_1.4.7-3_amd64.deb ...
#7 35.63 Unpacking libcolord2:amd64 (1.4.7-3) ...
#7 35.65 Selecting previously unselected package libavahi-common-data:amd64.
#7 35.65 Preparing to unpack .../151-libavahi-common-data_0.8-16_amd64.deb ...
#7 35.65 Unpacking libavahi-common-data:amd64 (0.8-16) ...
#7 35.67 Selecting previously unselected package libavahi-common3:amd64.
#7 35.67 Preparing to unpack .../152-libavahi-common3_0.8-16_amd64.deb ...
#7 35.67 Unpacking libavahi-common3:amd64 (0.8-16) ...
#7 35.69 Selecting previously unselected package libavahi-client3:amd64.
#7 35.69 Preparing to unpack .../153-libavahi-client3_0.8-16_amd64.deb ...
#7 35.69 Unpacking libavahi-client3:amd64 (0.8-16) ...
#7 35.71 Selecting previously unselected package libcups2t64:amd64.
#7 35.71 Preparing to unpack .../154-libcups2t64_2.4.10-3+deb13u2_amd64.deb ...
#7 35.71 Unpacking libcups2t64:amd64 (2.4.10-3+deb13u2) ...
#7 35.73 Selecting previously unselected package libepoxy0:amd64.
#7 35.73 Preparing to unpack .../155-libepoxy0_1.5.10-2_amd64.deb ...
#7 35.74 Unpacking libepoxy0:amd64 (1.5.10-2) ...
#7 35.76 Selecting previously unselected package libwayland-client0:amd64.
#7 35.76 Preparing to unpack .../156-libwayland-client0_1.23.1-3_amd64.deb ...
#7 35.76 Unpacking libwayland-client0:amd64 (1.23.1-3) ...
#7 35.78 Selecting previously unselected package libwayland-cursor0:amd64.
#7 35.78 Preparing to unpack .../157-libwayland-cursor0_1.23.1-3_amd64.deb ...
#7 35.78 Unpacking libwayland-cursor0:amd64 (1.23.1-3) ...
#7 35.79 Selecting previously unselected package libwayland-egl1:amd64.
#7 35.80 Preparing to unpack .../158-libwayland-egl1_1.23.1-3_amd64.deb ...
#7 35.80 Unpacking libwayland-egl1:amd64 (1.23.1-3) ...
#7 35.81 Selecting previously unselected package libxcomposite1:amd64.
#7 35.81 Preparing to unpack .../159-libxcomposite1_1%3a0.4.6-1_amd64.deb ...
#7 35.81 Unpacking libxcomposite1:amd64 (1:0.4.6-1) ...
#7 35.83 Selecting previously unselected package libxfixes3:amd64.
#7 35.83 Preparing to unpack .../160-libxfixes3_1%3a6.0.0-2+b4_amd64.deb ...
#7 35.83 Unpacking libxfixes3:amd64 (1:6.0.0-2+b4) ...
#7 35.85 Selecting previously unselected package libxcursor1:amd64.
#7 35.85 Preparing to unpack .../161-libxcursor1_1%3a1.2.3-1_amd64.deb ...
#7 35.85 Unpacking libxcursor1:amd64 (1:1.2.3-1) ...
#7 35.86 Selecting previously unselected package libxdamage1:amd64.
#7 35.87 Preparing to unpack .../162-libxdamage1_1%3a1.1.6-1+b2_amd64.deb ...
#7 35.87 Unpacking libxdamage1:amd64 (1:1.1.6-1+b2) ...
#7 35.88 Selecting previously unselected package libxinerama1:amd64.
#7 35.88 Preparing to unpack .../163-libxinerama1_2%3a1.1.4-3+b4_amd64.deb ...
#7 35.88 Unpacking libxinerama1:amd64 (2:1.1.4-3+b4) ...
#7 35.90 Selecting previously unselected package xkb-data.
#7 35.90 Preparing to unpack .../164-xkb-data_2.42-1_all.deb ...
#7 35.90 Unpacking xkb-data (2.42-1) ...
#7 35.94 Selecting previously unselected package libxkbcommon0:amd64.
#7 35.94 Preparing to unpack .../165-libxkbcommon0_1.7.0-2_amd64.deb ...
#7 35.95 Unpacking libxkbcommon0:amd64 (1.7.0-2) ...
#7 35.96 Selecting previously unselected package libxrandr2:amd64.
#7 35.97 Preparing to unpack .../166-libxrandr2_2%3a1.5.4-1+b3_amd64.deb ...
#7 35.97 Unpacking libxrandr2:amd64 (2:1.5.4-1+b3) ...
#7 35.98 Selecting previously unselected package libgtk-3-common.
#7 35.98 Preparing to unpack .../167-libgtk-3-common_3.24.49-3_all.deb ...
#7 35.99 Unpacking libgtk-3-common (3.24.49-3) ...
#7 36.13 Selecting previously unselected package libgtk-3-0t64:amd64.
#7 36.13 Preparing to unpack .../168-libgtk-3-0t64_3.24.49-3_amd64.deb ...
#7 36.14 Unpacking libgtk-3-0t64:amd64 (3.24.49-3) ...
#7 36.22 Selecting previously unselected package gir1.2-gtk-3.0:amd64.
#7 36.22 Preparing to unpack .../169-gir1.2-gtk-3.0_3.24.49-3_amd64.deb ...
#7 36.23 Unpacking gir1.2-gtk-3.0:amd64 (3.24.49-3) ...
#7 36.24 Selecting previously unselected package native-architecture.
#7 36.25 Preparing to unpack .../170-native-architecture_0.2.6_all.deb ...
#7 36.25 Unpacking native-architecture (0.2.6) ...
#7 36.26 Selecting previously unselected package libgirepository-2.0-0:amd64.
#7 36.26 Preparing to unpack .../171-libgirepository-2.0-0_2.84.4-3~deb13u3_amd64.deb ...
#7 36.26 Unpacking libgirepository-2.0-0:amd64 (2.84.4-3~deb13u3) ...
#7 36.28 Selecting previously unselected package girepository-tools:amd64.
#7 36.28 Preparing to unpack .../172-girepository-tools_2.84.4-3~deb13u3_amd64.deb ...
#7 36.28 Unpacking girepository-tools:amd64 (2.84.4-3~deb13u3) ...
#7 36.30 Selecting previously unselected package libngtcp2-16:amd64.
#7 36.30 Preparing to unpack .../173-libngtcp2-16_1.11.0-1+deb13u1_amd64.deb ...
#7 36.30 Unpacking libngtcp2-16:amd64 (1.11.0-1+deb13u1) ...
#7 36.32 Selecting previously unselected package libngtcp2-crypto-gnutls8:amd64.
#7 36.32 Preparing to unpack .../174-libngtcp2-crypto-gnutls8_1.11.0-1+deb13u1_amd64.deb ...
#7 36.33 Unpacking libngtcp2-crypto-gnutls8:amd64 (1.11.0-1+deb13u1) ...
#7 36.34 Selecting previously unselected package libcurl3t64-gnutls:amd64.
#7 36.34 Preparing to unpack .../175-libcurl3t64-gnutls_8.14.1-2+deb13u3_amd64.deb ...
#7 36.34 Unpacking libcurl3t64-gnutls:amd64 (8.14.1-2+deb13u3) ...
#7 36.37 Selecting previously unselected package liberror-perl.
#7 36.37 Preparing to unpack .../176-liberror-perl_0.17030-1_all.deb ...
#7 36.37 Unpacking liberror-perl (0.17030-1) ...
#7 36.38 Selecting previously unselected package git-man.
#7 36.39 Preparing to unpack .../177-git-man_1%3a2.47.3-0+deb13u1_all.deb ...
#7 36.39 Unpacking git-man (1:2.47.3-0+deb13u1) ...
#7 36.43 Selecting previously unselected package git.
#7 36.43 Preparing to unpack .../178-git_1%3a2.47.3-0+deb13u1_amd64.deb ...
#7 36.43 Unpacking git (1:2.47.3-0+deb13u1) ...
#7 36.60 Selecting previously unselected package libicu76:amd64.
#7 36.61 Preparing to unpack .../179-libicu76_76.1-4_amd64.deb ...
#7 36.61 Unpacking libicu76:amd64 (76.1-4) ...
#7 36.83 Selecting previously unselected package icu-devtools.
#7 36.83 Preparing to unpack .../180-icu-devtools_76.1-4_amd64.deb ...
#7 36.83 Unpacking icu-devtools (76.1-4) ...
#7 36.85 Selecting previously unselected package libpkgconf3:amd64.
#7 36.86 Preparing to unpack .../181-libpkgconf3_1.8.1-4_amd64.deb ...
#7 36.86 Unpacking libpkgconf3:amd64 (1.8.1-4) ...
#7 36.87 Selecting previously unselected package pkgconf-bin.
#7 36.87 Preparing to unpack .../182-pkgconf-bin_1.8.1-4_amd64.deb ...
#7 36.88 Unpacking pkgconf-bin (1.8.1-4) ...
#7 36.89 Selecting previously unselected package pkgconf:amd64.
#7 36.89 Preparing to unpack .../183-pkgconf_1.8.1-4_amd64.deb ...
#7 36.90 Unpacking pkgconf:amd64 (1.8.1-4) ...
#7 36.91 Selecting previously unselected package libffi-dev:amd64.
#7 36.91 Preparing to unpack .../184-libffi-dev_3.4.8-2_amd64.deb ...
#7 36.91 Unpacking libffi-dev:amd64 (3.4.8-2) ...
#7 36.93 Selecting previously unselected package uuid-dev:amd64.
#7 36.93 Preparing to unpack .../185-uuid-dev_2.41-5_amd64.deb ...
#7 36.93 Unpacking uuid-dev:amd64 (2.41-5) ...
#7 36.95 Selecting previously unselected package libblkid-dev:amd64.
#7 36.95 Preparing to unpack .../186-libblkid-dev_2.41-5_amd64.deb ...
#7 36.95 Unpacking libblkid-dev:amd64 (2.41-5) ...
#7 36.97 Selecting previously unselected package libsepol-dev:amd64.
#7 36.97 Preparing to unpack .../187-libsepol-dev_3.8.1-1_amd64.deb ...
#7 36.97 Unpacking libsepol-dev:amd64 (3.8.1-1) ...
#7 37.00 Selecting previously unselected package libpcre2-16-0:amd64.
#7 37.00 Preparing to unpack .../188-libpcre2-16-0_10.46-1~deb13u1_amd64.deb ...
#7 37.00 Unpacking libpcre2-16-0:amd64 (10.46-1~deb13u1) ...
#7 37.02 Selecting previously unselected package libpcre2-32-0:amd64.
#7 37.03 Preparing to unpack .../189-libpcre2-32-0_10.46-1~deb13u1_amd64.deb ...
#7 37.03 Unpacking libpcre2-32-0:amd64 (10.46-1~deb13u1) ...
#7 37.05 Selecting previously unselected package libpcre2-posix3:amd64.
#7 37.05 Preparing to unpack .../190-libpcre2-posix3_10.46-1~deb13u1_amd64.deb ...
#7 37.05 Unpacking libpcre2-posix3:amd64 (10.46-1~deb13u1) ...
#7 37.07 Selecting previously unselected package libpcre2-dev:amd64.
#7 37.07 Preparing to unpack .../191-libpcre2-dev_10.46-1~deb13u1_amd64.deb ...
#7 37.07 Unpacking libpcre2-dev:amd64 (10.46-1~deb13u1) ...
#7 37.11 Selecting previously unselected package libselinux1-dev:amd64.
#7 37.11 Preparing to unpack .../192-libselinux1-dev_3.8.1-1_amd64.deb ...
#7 37.11 Unpacking libselinux1-dev:amd64 (3.8.1-1) ...
#7 37.13 Selecting previously unselected package libmount-dev:amd64.
#7 37.13 Preparing to unpack .../193-libmount-dev_2.41-5_amd64.deb ...
#7 37.13 Unpacking libmount-dev:amd64 (2.41-5) ...
#7 37.14 Selecting previously unselected package libsysprof-capture-4-dev:amd64.
#7 37.15 Preparing to unpack .../194-libsysprof-capture-4-dev_48.0-2_amd64.deb ...
#7 37.15 Unpacking libsysprof-capture-4-dev:amd64 (48.0-2) ...
#7 37.16 Selecting previously unselected package zlib1g-dev:amd64.
#7 37.16 Preparing to unpack .../195-zlib1g-dev_1%3a1.3.dfsg+really1.3.1-1+b1_amd64.deb ...
#7 37.17 Unpacking zlib1g-dev:amd64 (1:1.3.dfsg+really1.3.1-1+b1) ...
#7 37.19 Selecting previously unselected package libgio-2.0-dev:amd64.
#7 37.19 Preparing to unpack .../196-libgio-2.0-dev_2.84.4-3~deb13u3_amd64.deb ...
#7 37.19 Unpacking libgio-2.0-dev:amd64 (2.84.4-3~deb13u3) ...
#7 37.25 Selecting previously unselected package libglib2.0-data.
#7 37.26 Preparing to unpack .../197-libglib2.0-data_2.84.4-3~deb13u3_all.deb ...
#7 37.26 Unpacking libglib2.0-data (2.84.4-3~deb13u3) ...
#7 37.31 Selecting previously unselected package libelf1t64:amd64.
#7 37.31 Preparing to unpack .../198-libelf1t64_0.192-4_amd64.deb ...
#7 37.32 Unpacking libelf1t64:amd64 (0.192-4) ...
#7 37.33 Selecting previously unselected package libglib2.0-bin.
#7 37.34 Preparing to unpack .../199-libglib2.0-bin_2.84.4-3~deb13u3_amd64.deb ...
#7 37.34 Unpacking libglib2.0-bin (2.84.4-3~deb13u3) ...
#7 37.35 Selecting previously unselected package python3-packaging.
#7 37.36 Preparing to unpack .../200-python3-packaging_25.0-1_all.deb ...
#7 37.36 Unpacking python3-packaging (25.0-1) ...
#7 37.37 Selecting previously unselected package libgio-2.0-dev-bin.
#7 37.37 Preparing to unpack .../201-libgio-2.0-dev-bin_2.84.4-3~deb13u3_amd64.deb ...
#7 37.38 Unpacking libgio-2.0-dev-bin (2.84.4-3~deb13u3) ...
#7 37.39 Selecting previously unselected package libglib2.0-dev-bin.
#7 37.39 Preparing to unpack .../202-libglib2.0-dev-bin_2.84.4-3~deb13u3_amd64.deb ...
#7 37.40 Unpacking libglib2.0-dev-bin (2.84.4-3~deb13u3) ...
#7 37.41 Selecting previously unselected package libglib2.0-dev:amd64.
#7 37.41 Preparing to unpack .../203-libglib2.0-dev_2.84.4-3~deb13u3_amd64.deb ...
#7 37.41 Unpacking libglib2.0-dev:amd64 (2.84.4-3~deb13u3) ...
#7 37.43 Selecting previously unselected package libatk1.0-dev:amd64.
#7 37.43 Preparing to unpack .../204-libatk1.0-dev_2.56.2-1+deb13u1_amd64.deb ...
#7 37.43 Unpacking libatk1.0-dev:amd64 (2.56.2-1+deb13u1) ...
#7 37.45 Selecting previously unselected package libcap-dev:amd64.
#7 37.45 Preparing to unpack .../205-libcap-dev_1%3a2.75-10+deb13u1+b1_amd64.deb ...
#7 37.45 Unpacking libcap-dev:amd64 (1:2.75-10+deb13u1+b1) ...
#7 37.48 Selecting previously unselected package libsystemd-dev:amd64.
#7 37.48 Preparing to unpack .../206-libsystemd-dev_257.13-1~deb13u1_amd64.deb ...
#7 37.48 Unpacking libsystemd-dev:amd64 (257.13-1~deb13u1) ...
#7 37.62 Selecting previously unselected package sgml-base.
#7 37.62 Preparing to unpack .../207-sgml-base_1.31+nmu1_all.deb ...
#7 37.62 Unpacking sgml-base (1.31+nmu1) ...
#7 37.65 Selecting previously unselected package xml-core.
#7 37.65 Preparing to unpack .../208-xml-core_0.19_all.deb ...
#7 37.65 Unpacking xml-core (0.19) ...
#7 37.67 Selecting previously unselected package libdbus-1-dev:amd64.
#7 37.67 Preparing to unpack .../209-libdbus-1-dev_1.16.2-2_amd64.deb ...
#7 37.67 Unpacking libdbus-1-dev:amd64 (1.16.2-2) ...
#7 37.69 Selecting previously unselected package x11-common.
#7 37.69 Preparing to unpack .../210-x11-common_1%3a7.7+24+deb13u1_all.deb ...
#7 37.70 Unpacking x11-common (1:7.7+24+deb13u1) ...
#7 37.71 Selecting previously unselected package libxtst6:amd64.
#7 37.71 Preparing to unpack .../211-libxtst6_2%3a1.2.5-1_amd64.deb ...
#7 37.72 Unpacking libxtst6:amd64 (2:1.2.5-1) ...
#7 37.73 Selecting previously unselected package xorg-sgml-doctools.
#7 37.73 Preparing to unpack .../212-xorg-sgml-doctools_1%3a1.11-1.1_all.deb ...
#7 37.73 Unpacking xorg-sgml-doctools (1:1.11-1.1) ...
#7 37.75 Selecting previously unselected package x11proto-dev.
#7 37.75 Preparing to unpack .../213-x11proto-dev_2024.1-1_all.deb ...
#7 37.75 Unpacking x11proto-dev (2024.1-1) ...
#7 37.78 Selecting previously unselected package libxau-dev:amd64.
#7 37.78 Preparing to unpack .../214-libxau-dev_1%3a1.0.11-1_amd64.deb ...
#7 37.78 Unpacking libxau-dev:amd64 (1:1.0.11-1) ...
#7 37.79 Selecting previously unselected package libxdmcp-dev:amd64.
#7 37.80 Preparing to unpack .../215-libxdmcp-dev_1%3a1.1.5-1_amd64.deb ...
#7 37.80 Unpacking libxdmcp-dev:amd64 (1:1.1.5-1) ...
#7 37.81 Selecting previously unselected package xtrans-dev.
#7 37.81 Preparing to unpack .../216-xtrans-dev_1.4.0-1_all.deb ...
#7 37.81 Unpacking xtrans-dev (1.4.0-1) ...
#7 37.83 Selecting previously unselected package libxcb1-dev:amd64.
#7 37.83 Preparing to unpack .../217-libxcb1-dev_1.17.0-2+b1_amd64.deb ...
#7 37.83 Unpacking libxcb1-dev:amd64 (1.17.0-2+b1) ...
#7 37.85 Selecting previously unselected package libx11-dev:amd64.
#7 37.85 Preparing to unpack .../218-libx11-dev_2%3a1.8.12-1_amd64.deb ...
#7 37.85 Unpacking libx11-dev:amd64 (2:1.8.12-1) ...
#7 37.89 Selecting previously unselected package libxext-dev:amd64.
#7 37.89 Preparing to unpack .../219-libxext-dev_2%3a1.3.4-1+b3_amd64.deb ...
#7 37.89 Unpacking libxext-dev:amd64 (2:1.3.4-1+b3) ...
#7 37.91 Selecting previously unselected package libxfixes-dev:amd64.
#7 37.91 Preparing to unpack .../220-libxfixes-dev_1%3a6.0.0-2+b4_amd64.deb ...
#7 37.91 Unpacking libxfixes-dev:amd64 (1:6.0.0-2+b4) ...
#7 37.92 Selecting previously unselected package libxi-dev:amd64.
#7 37.92 Preparing to unpack .../221-libxi-dev_2%3a1.8.2-1_amd64.deb ...
#7 37.92 Unpacking libxi-dev:amd64 (2:1.8.2-1) ...
#7 37.94 Selecting previously unselected package libxtst-dev:amd64.
#7 37.94 Preparing to unpack .../222-libxtst-dev_2%3a1.2.5-1_amd64.deb ...
#7 37.95 Unpacking libxtst-dev:amd64 (2:1.2.5-1) ...
#7 37.96 Selecting previously unselected package libatspi2.0-dev:amd64.
#7 37.96 Preparing to unpack .../223-libatspi2.0-dev_2.56.2-1+deb13u1_amd64.deb ...
#7 37.96 Unpacking libatspi2.0-dev:amd64 (2.56.2-1+deb13u1) ...
#7 37.98 Selecting previously unselected package libatk-bridge2.0-dev:amd64.
#7 37.98 Preparing to unpack .../224-libatk-bridge2.0-dev_2.56.2-1+deb13u1_amd64.deb ...
#7 37.98 Unpacking libatk-bridge2.0-dev:amd64 (2.56.2-1+deb13u1) ...
#7 38.00 Selecting previously unselected package libblas3:amd64.
#7 38.00 Preparing to unpack .../225-libblas3_3.12.1-6_amd64.deb ...
#7 38.01 Unpacking libblas3:amd64 (3.12.1-6) ...
#7 38.02 Selecting previously unselected package libatlas3-base:amd64.
#7 38.02 Preparing to unpack .../226-libatlas3-base_3.12.1-6_amd64.deb ...
#7 38.02 Unpacking libatlas3-base:amd64 (3.12.1-6) ...
#7 38.04 Selecting previously unselected package libbrotli-dev:amd64.
#7 38.04 Preparing to unpack .../227-libbrotli-dev_1.1.0-2+b7_amd64.deb ...
#7 38.04 Unpacking libbrotli-dev:amd64 (1.1.0-2+b7) ...
#7 38.06 Selecting previously unselected package libbz2-dev:amd64.
#7 38.06 Preparing to unpack .../228-libbz2-dev_1.0.8-6_amd64.deb ...
#7 38.07 Unpacking libbz2-dev:amd64 (1.0.8-6) ...
#7 38.08 Selecting previously unselected package liblzo2-2:amd64.
#7 38.08 Preparing to unpack .../229-liblzo2-2_2.10-3+b1_amd64.deb ...
#7 38.09 Unpacking liblzo2-2:amd64 (2.10-3+b1) ...
#7 38.10 Selecting previously unselected package libcairo-script-interpreter2:amd64.
#7 38.10 Preparing to unpack .../230-libcairo-script-interpreter2_1.18.4-1+b1_amd64.deb ...
#7 38.10 Unpacking libcairo-script-interpreter2:amd64 (1.18.4-1+b1) ...
#7 38.12 Selecting previously unselected package libexpat1-dev:amd64.
#7 38.12 Preparing to unpack .../231-libexpat1-dev_2.7.1-2_amd64.deb ...
#7 38.12 Unpacking libexpat1-dev:amd64 (2.7.1-2) ...
#7 38.14 Selecting previously unselected package libpng-dev:amd64.
#7 38.14 Preparing to unpack .../232-libpng-dev_1.6.48-1+deb13u5_amd64.deb ...
#7 38.14 Unpacking libpng-dev:amd64 (1.6.48-1+deb13u5) ...
#7 38.16 Selecting previously unselected package libfreetype-dev:amd64.
#7 38.16 Preparing to unpack .../233-libfreetype-dev_2.13.3+dfsg-1+deb13u1_amd64.deb ...
#7 38.17 Unpacking libfreetype-dev:amd64 (2.13.3+dfsg-1+deb13u1) ...
#7 38.20 Selecting previously unselected package libfontconfig-dev:amd64.
#7 38.20 Preparing to unpack .../234-libfontconfig-dev_2.15.0-2.3_amd64.deb ...
#7 38.20 Unpacking libfontconfig-dev:amd64 (2.15.0-2.3) ...
#7 38.22 Selecting previously unselected package libpixman-1-dev:amd64.
#7 38.22 Preparing to unpack .../235-libpixman-1-dev_0.44.0-3_amd64.deb ...
#7 38.22 Unpacking libpixman-1-dev:amd64 (0.44.0-3) ...
#7 38.24 Selecting previously unselected package libice6:amd64.
#7 38.24 Preparing to unpack .../236-libice6_2%3a1.1.1-1_amd64.deb ...
#7 38.24 Unpacking libice6:amd64 (2:1.1.1-1) ...
#7 38.25 Selecting previously unselected package libsm6:amd64.
#7 38.26 Preparing to unpack .../237-libsm6_2%3a1.2.6-1_amd64.deb ...
#7 38.26 Unpacking libsm6:amd64 (2:1.2.6-1) ...
#7 38.27 Selecting previously unselected package libice-dev:amd64.
#7 38.27 Preparing to unpack .../238-libice-dev_2%3a1.1.1-1_amd64.deb ...
#7 38.27 Unpacking libice-dev:amd64 (2:1.1.1-1) ...
#7 38.29 Selecting previously unselected package libsm-dev:amd64.
#7 38.29 Preparing to unpack .../239-libsm-dev_2%3a1.2.6-1_amd64.deb ...
#7 38.29 Unpacking libsm-dev:amd64 (2:1.2.6-1) ...
#7 38.31 Selecting previously unselected package libxcb-render0-dev:amd64.
#7 38.31 Preparing to unpack .../240-libxcb-render0-dev_1.17.0-2+b1_amd64.deb ...
#7 38.31 Unpacking libxcb-render0-dev:amd64 (1.17.0-2+b1) ...
#7 38.33 Selecting previously unselected package libxcb-shm0-dev:amd64.
#7 38.33 Preparing to unpack .../241-libxcb-shm0-dev_1.17.0-2+b1_amd64.deb ...
#7 38.33 Unpacking libxcb-shm0-dev:amd64 (1.17.0-2+b1) ...
#7 38.34 Selecting previously unselected package libxrender-dev:amd64.
#7 38.35 Preparing to unpack .../242-libxrender-dev_1%3a0.9.12-1_amd64.deb ...
#7 38.35 Unpacking libxrender-dev:amd64 (1:0.9.12-1) ...
#7 38.36 Selecting previously unselected package libcairo2-dev:amd64.
#7 38.36 Preparing to unpack .../243-libcairo2-dev_1.18.4-1+b1_amd64.deb ...
#7 38.36 Unpacking libcairo2-dev:amd64 (1.18.4-1+b1) ...
#7 38.38 Selecting previously unselected package libcloudproviders-dev:amd64.
#7 38.38 Preparing to unpack .../244-libcloudproviders-dev_0.3.6-2_amd64.deb ...
#7 38.38 Unpacking libcloudproviders-dev:amd64 (0.3.6-2) ...
#7 38.40 Selecting previously unselected package libdatrie-dev:amd64.
#7 38.40 Preparing to unpack .../245-libdatrie-dev_0.2.13-3+b1_amd64.deb ...
#7 38.40 Unpacking libdatrie-dev:amd64 (0.2.13-3+b1) ...
#7 38.41 Selecting previously unselected package libdeflate-dev:amd64.
#7 38.41 Preparing to unpack .../246-libdeflate-dev_1.23-2_amd64.deb ...
#7 38.42 Unpacking libdeflate-dev:amd64 (1.23-2) ...
#7 38.43 Selecting previously unselected package libdrm-common.
#7 38.43 Preparing to unpack .../247-libdrm-common_2.4.124-2_all.deb ...
#7 38.43 Unpacking libdrm-common (2.4.124-2) ...
#7 38.45 Selecting previously unselected package libdrm2:amd64.
#7 38.45 Preparing to unpack .../248-libdrm2_2.4.124-2_amd64.deb ...
#7 38.45 Unpacking libdrm2:amd64 (2.4.124-2) ...
#7 38.47 Selecting previously unselected package libdrm-amdgpu1:amd64.
#7 38.47 Preparing to unpack .../249-libdrm-amdgpu1_2.4.124-2_amd64.deb ...
#7 38.47 Unpacking libdrm-amdgpu1:amd64 (2.4.124-2) ...
#7 38.49 Selecting previously unselected package libpciaccess0:amd64.
#7 38.49 Preparing to unpack .../250-libpciaccess0_0.17-3+b3_amd64.deb ...
#7 38.49 Unpacking libpciaccess0:amd64 (0.17-3+b3) ...
#7 38.51 Selecting previously unselected package libdrm-intel1:amd64.
#7 38.51 Preparing to unpack .../251-libdrm-intel1_2.4.124-2_amd64.deb ...
#7 38.51 Unpacking libdrm-intel1:amd64 (2.4.124-2) ...
#7 38.53 Selecting previously unselected package libedit2:amd64.
#7 38.53 Preparing to unpack .../252-libedit2_3.1-20250104-1_amd64.deb ...
#7 38.53 Unpacking libedit2:amd64 (3.1-20250104-1) ...
#7 38.55 Selecting previously unselected package libglvnd0:amd64.
#7 38.55 Preparing to unpack .../253-libglvnd0_1.7.0-1+b2_amd64.deb ...
#7 38.55 Unpacking libglvnd0:amd64 (1.7.0-1+b2) ...
#7 38.57 Selecting previously unselected package libwayland-server0:amd64.
#7 38.57 Preparing to unpack .../254-libwayland-server0_1.23.1-3_amd64.deb ...
#7 38.58 Unpacking libwayland-server0:amd64 (1.23.1-3) ...
#7 38.59 Selecting previously unselected package libz3-4:amd64.
#7 38.59 Preparing to unpack .../255-libz3-4_4.13.3-1_amd64.deb ...
#7 38.59 Unpacking libz3-4:amd64 (4.13.3-1) ...
#7 38.82 Selecting previously unselected package libllvm19:amd64.
#7 38.82 Preparing to unpack .../256-libllvm19_1%3a19.1.7-3+b1_amd64.deb ...
#7 38.82 Unpacking libllvm19:amd64 (1:19.1.7-3+b1) ...
#7 39.19 Selecting previously unselected package libsensors-config.
#7 39.19 Preparing to unpack .../257-libsensors-config_1%3a3.6.2-2_all.deb ...
#7 39.19 Unpacking libsensors-config (1:3.6.2-2) ...
#7 39.21 Selecting previously unselected package libsensors5:amd64.
#7 39.21 Preparing to unpack .../258-libsensors5_1%3a3.6.2-2_amd64.deb ...
#7 39.21 Unpacking libsensors5:amd64 (1:3.6.2-2) ...
#7 39.23 Selecting previously unselected package libx11-xcb1:amd64.
#7 39.23 Preparing to unpack .../259-libx11-xcb1_2%3a1.8.12-1_amd64.deb ...
#7 39.23 Unpacking libx11-xcb1:amd64 (2:1.8.12-1) ...
#7 39.25 Selecting previously unselected package libxcb-dri3-0:amd64.
#7 39.25 Preparing to unpack .../260-libxcb-dri3-0_1.17.0-2+b1_amd64.deb ...
#7 39.25 Unpacking libxcb-dri3-0:amd64 (1.17.0-2+b1) ...
#7 39.27 Selecting previously unselected package libxcb-present0:amd64.
#7 39.27 Preparing to unpack .../261-libxcb-present0_1.17.0-2+b1_amd64.deb ...
#7 39.27 Unpacking libxcb-present0:amd64 (1.17.0-2+b1) ...
#7 39.29 Selecting previously unselected package libxcb-randr0:amd64.
#7 39.29 Preparing to unpack .../262-libxcb-randr0_1.17.0-2+b1_amd64.deb ...
#7 39.29 Unpacking libxcb-randr0:amd64 (1.17.0-2+b1) ...
#7 39.31 Selecting previously unselected package libxcb-sync1:amd64.
#7 39.32 Preparing to unpack .../263-libxcb-sync1_1.17.0-2+b1_amd64.deb ...
#7 39.32 Unpacking libxcb-sync1:amd64 (1.17.0-2+b1) ...
#7 39.33 Selecting previously unselected package libxcb-xfixes0:amd64.
#7 39.34 Preparing to unpack .../264-libxcb-xfixes0_1.17.0-2+b1_amd64.deb ...
#7 39.34 Unpacking libxcb-xfixes0:amd64 (1.17.0-2+b1) ...
#7 39.35 Selecting previously unselected package libxshmfence1:amd64.
#7 39.36 Preparing to unpack .../265-libxshmfence1_1.3.3-1_amd64.deb ...
#7 39.36 Unpacking libxshmfence1:amd64 (1.3.3-1) ...
#7 39.37 Selecting previously unselected package mesa-libgallium:amd64.
#7 39.37 Preparing to unpack .../266-mesa-libgallium_25.0.7-2_amd64.deb ...
#7 39.38 Unpacking mesa-libgallium:amd64 (25.0.7-2) ...
#7 39.62 Selecting previously unselected package libgbm1:amd64.
#7 39.62 Preparing to unpack .../267-libgbm1_25.0.7-2_amd64.deb ...
#7 39.62 Unpacking libgbm1:amd64 (25.0.7-2) ...
#7 39.64 Selecting previously unselected package libegl-mesa0:amd64.
#7 39.64 Preparing to unpack .../268-libegl-mesa0_25.0.7-2_amd64.deb ...
#7 39.65 Unpacking libegl-mesa0:amd64 (25.0.7-2) ...
#7 39.66 Selecting previously unselected package libegl1:amd64.
#7 39.67 Preparing to unpack .../269-libegl1_1.7.0-1+b2_amd64.deb ...
#7 39.67 Unpacking libegl1:amd64 (1.7.0-1+b2) ...
#7 39.68 Selecting previously unselected package libxcb-glx0:amd64.
#7 39.68 Preparing to unpack .../270-libxcb-glx0_1.17.0-2+b1_amd64.deb ...
#7 39.69 Unpacking libxcb-glx0:amd64 (1.17.0-2+b1) ...
#7 39.70 Selecting previously unselected package libxxf86vm1:amd64.
#7 39.71 Preparing to unpack .../271-libxxf86vm1_1%3a1.1.4-1+b4_amd64.deb ...
#7 39.71 Unpacking libxxf86vm1:amd64 (1:1.1.4-1+b4) ...
#7 39.72 Selecting previously unselected package libvulkan1:amd64.
#7 39.72 Preparing to unpack .../272-libvulkan1_1.4.309.0-1_amd64.deb ...
#7 39.73 Unpacking libvulkan1:amd64 (1.4.309.0-1) ...
#7 39.75 Selecting previously unselected package libgl1-mesa-dri:amd64.
#7 39.75 Preparing to unpack .../273-libgl1-mesa-dri_25.0.7-2_amd64.deb ...
#7 39.75 Unpacking libgl1-mesa-dri:amd64 (25.0.7-2) ...
#7 39.77 Selecting previously unselected package libglx-mesa0:amd64.
#7 39.77 Preparing to unpack .../274-libglx-mesa0_25.0.7-2_amd64.deb ...
#7 39.77 Unpacking libglx-mesa0:amd64 (25.0.7-2) ...
#7 39.79 Selecting previously unselected package libglx0:amd64.
#7 39.79 Preparing to unpack .../275-libglx0_1.7.0-1+b2_amd64.deb ...
#7 39.79 Unpacking libglx0:amd64 (1.7.0-1+b2) ...
#7 39.81 Selecting previously unselected package libgl1:amd64.
#7 39.81 Preparing to unpack .../276-libgl1_1.7.0-1+b2_amd64.deb ...
#7 39.81 Unpacking libgl1:amd64 (1.7.0-1+b2) ...
#7 39.83 Selecting previously unselected package libglx-dev:amd64.
#7 39.83 Preparing to unpack .../277-libglx-dev_1.7.0-1+b2_amd64.deb ...
#7 39.83 Unpacking libglx-dev:amd64 (1.7.0-1+b2) ...
#7 39.85 Selecting previously unselected package libgl-dev:amd64.
#7 39.85 Preparing to unpack .../278-libgl-dev_1.7.0-1+b2_amd64.deb ...
#7 39.85 Unpacking libgl-dev:amd64 (1.7.0-1+b2) ...
#7 39.87 Selecting previously unselected package libegl-dev:amd64.
#7 39.87 Preparing to unpack .../279-libegl-dev_1.7.0-1+b2_amd64.deb ...
#7 39.87 Unpacking libegl-dev:amd64 (1.7.0-1+b2) ...
#7 39.88 Selecting previously unselected package libglvnd-core-dev:amd64.
#7 39.89 Preparing to unpack .../280-libglvnd-core-dev_1.7.0-1+b2_amd64.deb ...
#7 39.89 Unpacking libglvnd-core-dev:amd64 (1.7.0-1+b2) ...
#7 39.90 Selecting previously unselected package libgles1:amd64.
#7 39.90 Preparing to unpack .../281-libgles1_1.7.0-1+b2_amd64.deb ...
#7 39.91 Unpacking libgles1:amd64 (1.7.0-1+b2) ...
#7 39.92 Selecting previously unselected package libgles2:amd64.
#7 39.92 Preparing to unpack .../282-libgles2_1.7.0-1+b2_amd64.deb ...
#7 39.92 Unpacking libgles2:amd64 (1.7.0-1+b2) ...
#7 39.94 Selecting previously unselected package libgles-dev:amd64.
#7 39.94 Preparing to unpack .../283-libgles-dev_1.7.0-1+b2_amd64.deb ...
#7 39.94 Unpacking libgles-dev:amd64 (1.7.0-1+b2) ...
#7 39.96 Selecting previously unselected package libopengl0:amd64.
#7 39.96 Preparing to unpack .../284-libopengl0_1.7.0-1+b2_amd64.deb ...
#7 39.96 Unpacking libopengl0:amd64 (1.7.0-1+b2) ...
#7 39.98 Selecting previously unselected package libopengl-dev:amd64.
#7 39.98 Preparing to unpack .../285-libopengl-dev_1.7.0-1+b2_amd64.deb ...
#7 39.98 Unpacking libopengl-dev:amd64 (1.7.0-1+b2) ...
#7 39.99 Selecting previously unselected package libglvnd-dev:amd64.
#7 39.99 Preparing to unpack .../286-libglvnd-dev_1.7.0-1+b2_amd64.deb ...
#7 39.99 Unpacking libglvnd-dev:amd64 (1.7.0-1+b2) ...
#7 40.01 Selecting previously unselected package libegl1-mesa-dev:amd64.
#7 40.01 Preparing to unpack .../287-libegl1-mesa-dev_25.0.7-2_amd64.deb ...
#7 40.01 Unpacking libegl1-mesa-dev:amd64 (25.0.7-2) ...
#7 40.02 Selecting previously unselected package libepoxy-dev:amd64.
#7 40.02 Preparing to unpack .../288-libepoxy-dev_1.5.10-2_amd64.deb ...
#7 40.03 Unpacking libepoxy-dev:amd64 (1.5.10-2) ...
#7 40.04 Selecting previously unselected package libfribidi-dev:amd64.
#7 40.04 Preparing to unpack .../289-libfribidi-dev_1.0.16-1_amd64.deb ...
#7 40.05 Unpacking libfribidi-dev:amd64 (1.0.16-1) ...
#7 40.06 Selecting previously unselected package libgdk-pixbuf2.0-bin.
#7 40.06 Preparing to unpack .../290-libgdk-pixbuf2.0-bin_2.42.12+dfsg-4+deb13u1_amd64.deb ...
#7 40.06 Unpacking libgdk-pixbuf2.0-bin (2.42.12+dfsg-4+deb13u1) ...
#7 40.08 Selecting previously unselected package libjpeg62-turbo-dev:amd64.
#7 40.08 Preparing to unpack .../291-libjpeg62-turbo-dev_1%3a2.1.5-4_amd64.deb ...
#7 40.08 Unpacking libjpeg62-turbo-dev:amd64 (1:2.1.5-4) ...
#7 40.10 Selecting previously unselected package libjpeg-dev:amd64.
#7 40.10 Preparing to unpack .../292-libjpeg-dev_1%3a2.1.5-4_amd64.deb ...
#7 40.10 Unpacking libjpeg-dev:amd64 (1:2.1.5-4) ...
#7 40.12 Selecting previously unselected package libjbig-dev:amd64.
#7 40.12 Preparing to unpack .../293-libjbig-dev_2.1-6.1+b2_amd64.deb ...
#7 40.12 Unpacking libjbig-dev:amd64 (2.1-6.1+b2) ...
#7 40.14 Selecting previously unselected package liblzma-dev:amd64.
#7 40.14 Preparing to unpack .../294-liblzma-dev_5.8.1-1_amd64.deb ...
#7 40.14 Unpacking liblzma-dev:amd64 (5.8.1-1) ...
#7 40.16 Selecting previously unselected package libzstd-dev:amd64.
#7 40.16 Preparing to unpack .../295-libzstd-dev_1.5.7+dfsg-1_amd64.deb ...
#7 40.16 Unpacking libzstd-dev:amd64 (1.5.7+dfsg-1) ...
#7 40.19 Selecting previously unselected package libwebpdemux2:amd64.
#7 40.19 Preparing to unpack .../296-libwebpdemux2_1.5.0-0.1_amd64.deb ...
#7 40.19 Unpacking libwebpdemux2:amd64 (1.5.0-0.1) ...
#7 40.21 Selecting previously unselected package libwebpmux3:amd64.
#7 40.21 Preparing to unpack .../297-libwebpmux3_1.5.0-0.1_amd64.deb ...
#7 40.21 Unpacking libwebpmux3:amd64 (1.5.0-0.1) ...
#7 40.22 Selecting previously unselected package libwebpdecoder3:amd64.
#7 40.23 Preparing to unpack .../298-libwebpdecoder3_1.5.0-0.1_amd64.deb ...
#7 40.23 Unpacking libwebpdecoder3:amd64 (1.5.0-0.1) ...
#7 40.24 Selecting previously unselected package libsharpyuv-dev:amd64.
#7 40.25 Preparing to unpack .../299-libsharpyuv-dev_1.5.0-0.1_amd64.deb ...
#7 40.25 Unpacking libsharpyuv-dev:amd64 (1.5.0-0.1) ...
#7 40.26 Selecting previously unselected package libwebp-dev:amd64.
#7 40.26 Preparing to unpack .../300-libwebp-dev_1.5.0-0.1_amd64.deb ...
#7 40.27 Unpacking libwebp-dev:amd64 (1.5.0-0.1) ...
#7 40.29 Selecting previously unselected package libtiffxx6:amd64.
#7 40.29 Preparing to unpack .../301-libtiffxx6_4.7.0-3+deb13u2_amd64.deb ...
#7 40.29 Unpacking libtiffxx6:amd64 (4.7.0-3+deb13u2) ...
#7 40.31 Selecting previously unselected package liblerc-dev:amd64.
#7 40.31 Preparing to unpack .../302-liblerc-dev_4.0.0+ds-5_amd64.deb ...
#7 40.31 Unpacking liblerc-dev:amd64 (4.0.0+ds-5) ...
#7 40.33 Selecting previously unselected package libtiff-dev:amd64.
#7 40.33 Preparing to unpack .../303-libtiff-dev_4.7.0-3+deb13u2_amd64.deb ...
#7 40.33 Unpacking libtiff-dev:amd64 (4.7.0-3+deb13u2) ...
#7 40.36 Selecting previously unselected package libgdk-pixbuf-2.0-dev:amd64.
#7 40.36 Preparing to unpack .../304-libgdk-pixbuf-2.0-dev_2.42.12+dfsg-4+deb13u1_amd64.deb ...
#7 40.36 Unpacking libgdk-pixbuf-2.0-dev:amd64 (2.42.12+dfsg-4+deb13u1) ...
#7 40.38 Selecting previously unselected package libgfortran5:amd64.
#7 40.38 Preparing to unpack .../305-libgfortran5_14.2.0-19_amd64.deb ...
#7 40.38 Unpacking libgfortran5:amd64 (14.2.0-19) ...
#7 40.42 Selecting previously unselected package libgraphite2-dev:amd64.
#7 40.42 Preparing to unpack .../306-libgraphite2-dev_1.3.14-2+b1_amd64.deb ...
#7 40.42 Unpacking libgraphite2-dev:amd64 (1.3.14-2+b1) ...
#7 40.44 Selecting previously unselected package libharfbuzz-icu0:amd64.
#7 40.44 Preparing to unpack .../307-libharfbuzz-icu0_10.2.0-1+deb13u1_amd64.deb ...
#7 40.44 Unpacking libharfbuzz-icu0:amd64 (10.2.0-1+deb13u1) ...
#7 40.46 Selecting previously unselected package libharfbuzz-subset0:amd64.
#7 40.46 Preparing to unpack .../308-libharfbuzz-subset0_10.2.0-1+deb13u1_amd64.deb ...
#7 40.46 Unpacking libharfbuzz-subset0:amd64 (10.2.0-1+deb13u1) ...
#7 40.49 Selecting previously unselected package libharfbuzz-cairo0:amd64.
#7 40.49 Preparing to unpack .../309-libharfbuzz-cairo0_10.2.0-1+deb13u1_amd64.deb ...
#7 40.49 Unpacking libharfbuzz-cairo0:amd64 (10.2.0-1+deb13u1) ...
#7 40.51 Selecting previously unselected package libicu-dev:amd64.
#7 40.51 Preparing to unpack .../310-libicu-dev_76.1-4_amd64.deb ...
#7 40.51 Unpacking libicu-dev:amd64 (76.1-4) ...
#7 40.76 Selecting previously unselected package libharfbuzz-dev:amd64.
#7 40.76 Preparing to unpack .../311-libharfbuzz-dev_10.2.0-1+deb13u1_amd64.deb ...
#7 40.76 Unpacking libharfbuzz-dev:amd64 (10.2.0-1+deb13u1) ...
#7 40.78 Selecting previously unselected package libthai-dev:amd64.
#7 40.78 Preparing to unpack .../312-libthai-dev_0.1.29-2+b1_amd64.deb ...
#7 40.78 Unpacking libthai-dev:amd64 (0.1.29-2+b1) ...
#7 40.80 Selecting previously unselected package libxft-dev:amd64.
#7 40.80 Preparing to unpack .../313-libxft-dev_2.3.6-1+b4_amd64.deb ...
#7 40.80 Unpacking libxft-dev:amd64 (2.3.6-1+b4) ...
#7 40.81 Selecting previously unselected package pango1.0-tools.
#7 40.82 Preparing to unpack .../314-pango1.0-tools_1.56.3-1_amd64.deb ...
#7 40.82 Unpacking pango1.0-tools (1.56.3-1) ...
#7 40.83 Selecting previously unselected package libpango1.0-dev:amd64.
#7 40.83 Preparing to unpack .../315-libpango1.0-dev_1.56.3-1_amd64.deb ...
#7 40.83 Unpacking libpango1.0-dev:amd64 (1.56.3-1) ...
#7 40.85 Selecting previously unselected package libwayland-bin.
#7 40.85 Preparing to unpack .../316-libwayland-bin_1.23.1-3_amd64.deb ...
#7 40.85 Unpacking libwayland-bin (1.23.1-3) ...
#7 40.87 Selecting previously unselected package libwayland-dev:amd64.
#7 40.87 Preparing to unpack .../317-libwayland-dev_1.23.1-3_amd64.deb ...
#7 40.87 Unpacking libwayland-dev:amd64 (1.23.1-3) ...
#7 40.89 Selecting previously unselected package libxcomposite-dev:amd64.
#7 40.89 Preparing to unpack .../318-libxcomposite-dev_1%3a0.4.6-1_amd64.deb ...
#7 40.89 Unpacking libxcomposite-dev:amd64 (1:0.4.6-1) ...
#7 40.91 Selecting previously unselected package libxcursor-dev:amd64.
#7 40.91 Preparing to unpack .../319-libxcursor-dev_1%3a1.2.3-1_amd64.deb ...
#7 40.91 Unpacking libxcursor-dev:amd64 (1:1.2.3-1) ...
#7 40.92 Selecting previously unselected package libxdamage-dev:amd64.
#7 40.92 Preparing to unpack .../320-libxdamage-dev_1%3a1.1.6-1+b2_amd64.deb ...
#7 40.93 Unpacking libxdamage-dev:amd64 (1:1.1.6-1+b2) ...
#7 40.94 Selecting previously unselected package libxinerama-dev:amd64.
#7 40.94 Preparing to unpack .../321-libxinerama-dev_2%3a1.1.4-3+b4_amd64.deb ...
#7 40.94 Unpacking libxinerama-dev:amd64 (2:1.1.4-3+b4) ...
#7 40.96 Selecting previously unselected package libxkbcommon-dev:amd64.
#7 40.96 Preparing to unpack .../322-libxkbcommon-dev_1.7.0-2_amd64.deb ...
#7 40.96 Unpacking libxkbcommon-dev:amd64 (1.7.0-2) ...
#7 40.97 Selecting previously unselected package libxrandr-dev:amd64.
#7 40.97 Preparing to unpack .../323-libxrandr-dev_2%3a1.5.4-1+b3_amd64.deb ...
#7 40.98 Unpacking libxrandr-dev:amd64 (2:1.5.4-1+b3) ...
#7 40.99 Selecting previously unselected package wayland-protocols.
#7 40.99 Preparing to unpack .../324-wayland-protocols_1.44-1_all.deb ...
#7 40.99 Unpacking wayland-protocols (1.44-1) ...
#7 41.02 Selecting previously unselected package libgtk-3-dev:amd64.
#7 41.02 Preparing to unpack .../325-libgtk-3-dev_3.24.49-3_amd64.deb ...
#7 41.02 Unpacking libgtk-3-dev:amd64 (3.24.49-3) ...
#7 41.09 Selecting previously unselected package libopenblas0-pthread:amd64.
#7 41.09 Preparing to unpack .../326-libopenblas0-pthread_0.3.29+ds-3_amd64.deb ...
#7 41.09 Unpacking libopenblas0-pthread:amd64 (0.3.29+ds-3) ...
#7 41.31 Selecting previously unselected package liblapack3:amd64.
#7 41.31 Preparing to unpack .../327-liblapack3_3.12.1-6_amd64.deb ...
#7 41.31 Unpacking liblapack3:amd64 (3.12.1-6) ...
#7 41.39 Selecting previously unselected package libopenblas-pthread-dev:amd64.
#7 41.39 Preparing to unpack .../328-libopenblas-pthread-dev_0.3.29+ds-3_amd64.deb ...
#7 41.39 Unpacking libopenblas-pthread-dev:amd64 (0.3.29+ds-3) ...
#7 41.62 Selecting previously unselected package liblapack-dev:amd64.
#7 41.62 Preparing to unpack .../329-liblapack-dev_3.12.1-6_amd64.deb ...
#7 41.62 Unpacking liblapack-dev:amd64 (3.12.1-6) ...
#7 41.78 Selecting previously unselected package libopenblas0:amd64.
#7 41.78 Preparing to unpack .../330-libopenblas0_0.3.29+ds-3_amd64.deb ...
#7 41.78 Unpacking libopenblas0:amd64 (0.3.29+ds-3) ...
#7 41.79 Selecting previously unselected package libopenblas-dev:amd64.
#7 41.80 Preparing to unpack .../331-libopenblas-dev_0.3.29+ds-3_amd64.deb ...
#7 41.80 Unpacking libopenblas-dev:amd64 (0.3.29+ds-3) ...
#7 41.82 Setting up media-types (13.0.0) ...
#7 41.83 Setting up libgraphite2-3:amd64 (1.3.14-2+b1) ...
#7 41.83 Setting up liblcms2-2:amd64 (2.16-2+deb13u2) ...
#7 41.83 Setting up libpixman-1-0:amd64 (0.44.0-3) ...
#7 41.84 Setting up libsharpyuv0:amd64 (1.5.0-0.1) ...
#7 41.84 Setting up libwayland-server0:amd64 (1.23.1-3) ...
#7 41.85 Setting up libpciaccess0:amd64 (0.17-3+b3) ...
#7 41.85 Setting up systemd-sysv (257.13-1~deb13u1) ...
#7 41.87 Setting up libxau6:amd64 (1:1.0.11-1) ...
#7 41.87 Setting up libxdmcp6:amd64 (1:1.1.5-1) ...
#7 41.88 Setting up libkeyutils1:amd64 (1.6.3-6) ...
#7 41.88 Setting up libxcb1:amd64 (1.17.0-2+b1) ...
#7 41.88 Setting up libpixman-1-dev:amd64 (0.44.0-3) ...
#7 41.89 Setting up native-architecture (0.2.6) ...
#7 41.89 Setting up libxcb-xfixes0:amd64 (1.17.0-2+b1) ...
#7 41.90 Setting up liblerc4:amd64 (4.0.0+ds-5) ...
#7 41.90 Setting up libzstd-dev:amd64 (1.5.7+dfsg-1) ...
#7 41.91 Setting up libglvnd-core-dev:amd64 (1.7.0-1+b2) ...
#7 41.91 Setting up hicolor-icon-theme (0.18-2) ...
#7 41.92 Setting up libdatrie1:amd64 (0.2.13-3+b1) ...
#7 41.93 Setting up libgdbm-compat4t64:amd64 (1.24-2) ...
#7 41.93 Setting up libxcb-render0:amd64 (1.17.0-2+b1) ...
#7 41.94 Setting up libglvnd0:amd64 (1.7.0-1+b2) ...
#7 41.94 Setting up libxcb-glx0:amd64 (1.17.0-2+b1) ...
#7 41.95 Setting up libbrotli1:amd64 (1.1.0-2+b7) ...
#7 41.95 Setting up libedit2:amd64 (3.1-20250104-1) ...
#7 41.96 Setting up libgdk-pixbuf2.0-common (2.42.12+dfsg-4+deb13u1) ...
#7 41.96 Setting up libuv1t64:amd64 (1.50.0-2) ...
#7 41.97 Setting up binutils-common:amd64 (2.44-3) ...
#7 41.97 Setting up x11-common (1:7.7+24+deb13u1) ...
#7 42.03 debconf: unable to initialize frontend: Dialog
#7 42.03 debconf: (TERM is not set, so the dialog frontend is not usable.)
#7 42.03 debconf: falling back to frontend: Readline
#7 42.03 debconf: unable to initialize frontend: Readline
#7 42.03 debconf: (This frontend requires a controlling tty.)
#7 42.03 debconf: falling back to frontend: Teletype
#7 42.03 debconf: unable to initialize frontend: Teletype
#7 42.03 debconf: (This frontend requires a controlling tty.)
#7 42.03 debconf: falling back to frontend: Noninteractive
#7 42.04 invoke-rc.d: could not determine current runlevel
#7 42.04 invoke-rc.d: policy-rc.d denied execution of start.
#7 42.05 Setting up libsensors-config (1:3.6.2-2) ...
#7 42.06 Setting up libnghttp2-14:amd64 (1.64.0-1.1+deb13u1) ...
#7 42.06 Setting up libdeflate0:amd64 (1.23-2) ...
#7 42.07 Setting up linux-libc-dev (6.12.90-2) ...
#7 42.07 Setting up libwebpdecoder3:amd64 (1.5.0-0.1) ...
#7 42.07 Setting up libctf-nobfd0:amd64 (2.44-3) ...
#7 42.08 Setting up xkb-data (2.42-1) ...
#7 42.08 Setting up liblzo2-2:amd64 (2.10-3+b1) ...
#7 42.09 Setting up libxcb-shm0:amd64 (1.17.0-2+b1) ...
#7 42.09 Setting up libcom-err2:amd64 (1.47.2-3+b11) ...
#7 42.10 Setting up libgomp1:amd64 (14.2.0-19) ...
#7 42.10 Setting up bzip2 (1.0.8-6) ...
#7 42.11 Setting up libffi-dev:amd64 (3.4.8-2) ...
#7 42.11 Setting up libjbig0:amd64 (2.1-6.1+b2) ...
#7 42.12 Setting up libpcre2-16-0:amd64 (10.46-1~deb13u1) ...
#7 42.12 Setting up libsframe1:amd64 (2.44-3) ...
#7 42.13 Setting up libopengl0:amd64 (1.7.0-1+b2) ...
#7 42.13 Setting up libelf1t64:amd64 (0.192-4) ...
#7 42.14 Setting up libjansson4:amd64 (2.14-2+b3) ...
#7 42.14 Setting up libkrb5support0:amd64 (1.21.3-5+deb13u1) ...
#7 42.15 Setting up libsasl2-modules-db:amd64 (2.1.28+dfsg1-9) ...
#7 42.15 Setting up libxcb-present0:amd64 (1.17.0-2+b1) ...
#7 42.16 Setting up libsysprof-capture-4-dev:amd64 (48.0-2) ...
#7 42.16 Setting up xtrans-dev (1.4.0-1) ...
#7 42.17 Setting up libgraphite2-dev:amd64 (1.3.14-2+b1) ...
#7 42.17 Setting up libz3-4:amd64 (4.13.3-1) ...
#7 42.18 Setting up libpcre2-32-0:amd64 (10.46-1~deb13u1) ...
#7 42.18 Setting up libblas3:amd64 (3.12.1-6) ...
#7 42.19 update-alternatives: using /usr/lib/x86_64-linux-gnu/blas/libblas.so.3 to provide /usr/lib/x86_64-linux-gnu/libblas.so.3 
(libblas.so.3-x86_64-linux-gnu) in auto mode
#7 42.19 Setting up libglib2.0-data (2.84.4-3~deb13u3) ...
#7 42.19 Setting up libpkgconf3:amd64 (1.8.1-4) ...
#7 42.20 Setting up rpcsvc-proto (1.4.3-1) ...
#7 42.20 Setting up libgles2:amd64 (1.7.0-1+b2) ...
#7 42.21 Setting up libjpeg62-turbo:amd64 (1:2.1.5-4) ...
#7 42.21 Setting up libx11-data (2:1.8.12-1) ...
#7 42.22 Setting up make (4.4.1-2) ...
#7 42.22 Setting up libepoxy0:amd64 (1.5.10-2) ...
#7 42.22 Setting up libmpfr6:amd64 (4.2.2-1) ...
#7 42.23 Setting up libxcb-sync1:amd64 (1.17.0-2+b1) ...
#7 42.23 Setting up libjsoncpp26:amd64 (1.9.6-3) ...
#7 42.24 Setting up libavahi-common-data:amd64 (0.8-16) ...
#7 42.25 Setting up libgles1:amd64 (1.7.0-1+b2) ...
#7 42.25 Setting up libdbus-1-3:amd64 (1.16.2-2) ...
#7 42.25 Setting up xz-utils (5.8.1-1) ...
#7 42.26 update-alternatives: using /usr/bin/xz to provide /usr/bin/lzma (lzma) in auto mode
#7 42.26 update-alternatives: warning: skip creation of /usr/share/man/man1/lzma.1.gz because associated file 
/usr/share/man/man1/xz.1.gz (of link group lzma) doesn't exist
#7 42.26 update-alternatives: warning: skip creation of /usr/share/man/man1/unlzma.1.gz because associated file 
/usr/share/man/man1/unxz.1.gz (of link group lzma) doesn't exist
#7 42.26 update-alternatives: warning: skip creation of /usr/share/man/man1/lzcat.1.gz because associated file 
/usr/share/man/man1/xzcat.1.gz (of link group lzma) doesn't exist
#7 42.26 update-alternatives: warning: skip creation of /usr/share/man/man1/lzmore.1.gz because associated file 
/usr/share/man/man1/xzmore.1.gz (of link group lzma) doesn't exist
#7 42.26 update-alternatives: warning: skip creation of /usr/share/man/man1/lzless.1.gz because associated file 
/usr/share/man/man1/xzless.1.gz (of link group lzma) doesn't exist
#7 42.26 update-alternatives: warning: skip creation of /usr/share/man/man1/lzdiff.1.gz because associated file 
/usr/share/man/man1/xzdiff.1.gz (of link group lzma) doesn't exist
#7 42.26 update-alternatives: warning: skip creation of /usr/share/man/man1/lzcmp.1.gz because associated file 
/usr/share/man/man1/xzcmp.1.gz (of link group lzma) doesn't exist
#7 42.26 update-alternatives: warning: skip creation of /usr/share/man/man1/lzgrep.1.gz because associated file 
/usr/share/man/man1/xzgrep.1.gz (of link group lzma) doesn't exist
#7 42.26 update-alternatives: warning: skip creation of /usr/share/man/man1/lzegrep.1.gz because associated file 
/usr/share/man/man1/xzegrep.1.gz (of link group lzma) doesn't exist
#7 42.26 update-alternatives: warning: skip creation of /usr/share/man/man1/lzfgrep.1.gz because associated file 
/usr/share/man/man1/xzfgrep.1.gz (of link group lzma) doesn't exist
#7 42.26 Setting up libfribidi0:amd64 (1.0.16-1) ...
#7 42.27 Setting up libquadmath0:amd64 (14.2.0-19) ...
#7 42.27 Setting up libp11-kit0:amd64 (0.25.5-3) ...
#7 42.27 Setting up libproc2-0:amd64 (2:4.0.4-9) ...
#7 42.28 Setting up libunistring5:amd64 (1.3-2) ...
#7 42.29 Setting up fonts-dejavu-mono (2.37-8) ...
#7 42.30 Setting up libpng16-16t64:amd64 (1.6.48-1+deb13u5) ...
#7 42.30 Setting up libmpc3:amd64 (1.3.1-1+b3) ...
#7 42.31 Setting up libatomic1:amd64 (14.2.0-19) ...
#7 42.31 Setting up patch (2.8-2) ...
#7 42.31 Setting up fonts-dejavu-core (2.37-8) ...
#7 42.34 Setting up libsepol-dev:amd64 (3.8.1-1) ...
#7 42.34 Setting up pkgconf-bin (1.8.1-4) ...
#7 42.35 Setting up libsensors5:amd64 (1:3.6.2-2) ...
#7 42.35 Setting up liblerc-dev:amd64 (4.0.0+ds-5) ...
#7 42.36 Setting up libk5crypto3:amd64 (1.21.3-5+deb13u1) ...
#7 42.36 Setting up libsasl2-2:amd64 (2.1.28+dfsg1-9) ...
#7 42.37 Setting up libgfortran5:amd64 (14.2.0-19) ...
#7 42.37 Setting up libvulkan1:amd64 (1.4.309.0-1) ...
#7 42.37 Setting up libnghttp3-9:amd64 (1.8.0-1) ...
#7 42.38 Setting up libwebp7:amd64 (1.5.0-0.1) ...
#7 42.38 Setting up liblzma-dev:amd64 (5.8.1-1) ...
#7 42.39 Setting up libubsan1:amd64 (14.2.0-19) ...
#7 42.39 Setting up libpcre2-posix3:amd64 (10.46-1~deb13u1) ...
#7 42.40 Setting up wayland-protocols (1.44-1) ...
#7 42.40 Setting up perl-modules-5.40 (5.40.1-6) ...
#7 42.40 Setting up libxshmfence1:amd64 (1.3.3-1) ...
#7 42.41 Setting up libhwasan0:amd64 (14.2.0-19) ...
#7 42.41 Setting up at-spi2-common (2.56.2-1+deb13u1) ...
#7 42.42 Setting up libcrypt-dev:amd64 (1:4.4.38-1) ...
#7 42.42 Setting up libtiff6:amd64 (4.7.0-3+deb13u2) ...
#7 42.43 Setting up libxcb-randr0:amd64 (1.17.0-2+b1) ...
#7 42.43 Setting up dbus-session-bus-common (1.16.2-2) ...
#7 42.44 Setting up libasan8:amd64 (14.2.0-19) ...
#7 42.44 Setting up procps (2:4.0.4-9) ...
#7 42.46 Setting up libtasn1-6:amd64 (4.20.0-2) ...
#7 42.46 Setting up git-man (1:2.47.3-0+deb13u1) ...
#7 42.47 Setting up libx11-6:amd64 (2:1.8.12-1) ...
#7 42.47 Setting up libthai-data (0.1.29-2) ...
#7 42.47 Setting up xorg-sgml-doctools (1:1.11-1.1) ...
#7 42.48 Setting up libngtcp2-16:amd64 (1.11.0-1+deb13u1) ...
#7 42.48 Setting up sgml-base (1.31+nmu1) ...
#7 42.50 Setting up cmake-data (3.31.6-2) ...
#7 42.51 Setting up librhash1:amd64 (1.4.5-1) ...
#7 42.51 Setting up libkrb5-3:amd64 (1.21.3-5+deb13u1) ...
#7 42.52 Setting up libwayland-egl1:amd64 (1.23.1-3) ...
#7 42.52 Setting up libicu76:amd64 (76.1-4) ...
#7 42.52 Setting up libssh2-1t64:amd64 (1.11.1-1) ...
#7 42.53 Setting up libtsan2:amd64 (14.2.0-19) ...
#7 42.53 Setting up libopengl-dev:amd64 (1.7.0-1+b2) ...
#7 42.54 Setting up libbinutils:amd64 (2.44-3) ...
#7 42.54 Setting up dbus-system-bus-common (1.16.2-2) ...
#7 42.55 Creating group 'messagebus' with GID 997.
#7 42.55 Creating user 'messagebus' (System Message Bus) with UID 997 and GID 997.
#7 42.56 Setting up libisl23:amd64 (0.27-1) ...
#7 42.56 Setting up libsharpyuv-dev:amd64 (1.5.0-0.1) ...
#7 42.57 Setting up libc-dev-bin (2.41-12+deb13u3) ...
#7 42.57 Setting up libwebpmux3:amd64 (1.5.0-0.1) ...
#7 42.57 Setting up libtiffxx6:amd64 (4.7.0-3+deb13u2) ...
#7 42.58 Setting up libcap-dev:amd64 (1:2.75-10+deb13u1+b1) ...
#7 42.58 Setting up libdeflate-dev:amd64 (1.23-2) ...
#7 42.59 Setting up libdrm-common (2.4.124-2) ...
#7 42.59 Setting up libxcomposite1:amd64 (1:0.4.6-1) ...
#7 42.60 Setting up libpython3.13-stdlib:amd64 (3.13.5-2+deb13u2) ...
#7 42.60 Setting up libxml2:amd64 (2.12.7+dfsg+really2.9.14-2.1+deb13u2) ...
#7 42.60 Setting up libcc1-0:amd64 (14.2.0-19) ...
#7 42.61 Setting up libldap2:amd64 (2.6.10+dfsg-1) ...
#7 42.61 Setting up dbus-bin (1.16.2-2) ...
#7 42.62 Setting up libsystemd-dev:amd64 (257.13-1~deb13u1) ...
#7 42.62 Setting up libbrotli-dev:amd64 (1.1.0-2+b7) ...
#7 42.62 Setting up liblsan0:amd64 (14.2.0-19) ...
#7 42.63 Setting up libitm1:amd64 (14.2.0-19) ...
#7 42.63 Setting up libpython3-stdlib:amd64 (3.13.5-1) ...
#7 42.64 Setting up libxkbcommon0:amd64 (1.7.0-2) ...
#7 42.64 Setting up libwayland-client0:amd64 (1.23.1-3) ...
#7 42.65 Setting up libctf0:amd64 (2.44-3) ...
#7 42.65 Setting up x11proto-dev (2024.1-1) ...
#7 42.66 Setting up libxcb-dri3-0:amd64 (1.17.0-2+b1) ...
#7 42.66 Setting up libllvm19:amd64 (1:19.1.7-3+b1) ...
#7 42.67 Setting up libx11-xcb1:amd64 (2:1.8.12-1) ...
#7 42.67 Setting up libice6:amd64 (2:1.1.1-1) ...
#7 42.68 Setting up liblapack3:amd64 (3.12.1-6) ...
#7 42.68 update-alternatives: using /usr/lib/x86_64-linux-gnu/lapack/liblapack.so.3 to provide /usr/lib/x86_64-linux-gnu/liblapack.so.3 
(liblapack.so.3-x86_64-linux-gnu) in auto mode
#7 42.68 Setting up libxdamage1:amd64 (1:1.1.6-1+b2) ...
#7 42.69 Setting up libopenblas0-pthread:amd64 (0.3.29+ds-3) ...
#7 42.69 update-alternatives: using /usr/lib/x86_64-linux-gnu/openblas-pthread/libblas.so.3 to provide 
/usr/lib/x86_64-linux-gnu/libblas.so.3 (libblas.so.3-x86_64-linux-gnu) in auto mode
#7 42.69 update-alternatives: using /usr/lib/x86_64-linux-gnu/openblas-pthread/liblapack.so.3 to provide 
/usr/lib/x86_64-linux-gnu/liblapack.so.3 (liblapack.so.3-x86_64-linux-gnu) in auto mode
#7 42.69 update-alternatives: using /usr/lib/x86_64-linux-gnu/openblas-pthread/libopenblas.so.0 to provide 
/usr/lib/x86_64-linux-gnu/libopenblas.so.0 (libopenblas.so.0-x86_64-linux-gnu) in auto mode
#7 42.70 Setting up libatlas3-base:amd64 (3.12.1-6) ...
#7 42.70 Setting up libxau-dev:amd64 (1:1.0.11-1) ...
#7 42.71 Setting up libxrender1:amd64 (1:0.9.12-1) ...
#7 42.71 Setting up libice-dev:amd64 (2:1.1.1-1) ...
#7 42.72 Setting up python3.13 (3.13.5-2+deb13u2) ...
#7 43.15 Setting up fontconfig-config (2.15.0-2.3) ...
#7 43.19 debconf: unable to initialize frontend: Dialog
#7 43.19 debconf: (TERM is not set, so the dialog frontend is not usable.)
#7 43.19 debconf: falling back to frontend: Readline
#7 43.19 debconf: unable to initialize frontend: Readline
#7 43.19 debconf: (This frontend requires a controlling tty.)
#7 43.19 debconf: falling back to frontend: Teletype
#7 43.19 debconf: unable to initialize frontend: Teletype
#7 43.19 debconf: (This frontend requires a controlling tty.)
#7 43.19 debconf: falling back to frontend: Noninteractive
#7 43.21 Setting up libfribidi-dev:amd64 (1.0.16-1) ...
#7 43.22 Setting up libwebpdemux2:amd64 (1.5.0-0.1) ...
#7 43.22 Setting up libxkbcommon-dev:amd64 (1.7.0-2) ...
#7 43.23 Setting up libavahi-common3:amd64 (0.8-16) ...
#7 43.23 Setting up libjbig-dev:amd64 (2.1-6.1+b2) ...
#7 43.24 Setting up libxext6:amd64 (2:1.3.4-1+b3) ...
#7 43.25 Setting up python3 (3.13.5-1) ...
#7 43.25 running python rtupdate hooks for python3.13...
#7 43.41 running python post-rtupdate hooks for python3.13...
#7 43.46 Setting up libidn2-0:amd64 (2.3.8-2) ...
#7 43.46 Setting up dbus-daemon (1.16.2-2) ...
#7 43.47 Setting up pkgconf:amd64 (1.8.1-4) ...
#7 43.48 Setting up libxxf86vm1:amd64 (1:1.1.4-1+b4) ...
#7 43.48 Setting up libperl5.40:amd64 (5.40.1-6) ...
#7 43.49 Setting up libthai0:amd64 (0.1.29-2+b1) ...
#7 43.49 Setting up libxdmcp-dev:amd64 (1:1.1.5-1) ...
#7 43.50 Setting up libwayland-bin (1.23.1-3) ...
#7 43.50 Setting up perl (5.40.1-6) ...
#7 43.51 Setting up libglib2.0-0t64:amd64 (2.84.4-3~deb13u3) ...
#7 43.52 Setting up libgprofng0:amd64 (2.44-3) ...
#7 43.52 Setting up libwebp-dev:amd64 (1.5.0-0.1) ...
#7 43.53 Setting up python3-packaging (25.0-1) ...
#7 43.60 Setting up libfreetype6:amd64 (2.13.3+dfsg-1+deb13u1) ...
#7 43.60 Setting up libxfixes3:amd64 (1:6.0.0-2+b4) ...
#7 43.61 Setting up dbus (1.16.2-2) ...
#7 43.62 invoke-rc.d: could not determine current runlevel
#7 43.63 invoke-rc.d: policy-rc.d denied execution of start.
#7 43.63 Setting up shared-mime-info (2.4-5+b2) ...
#7 44.51 Setting up libxinerama1:amd64 (2:1.1.4-3+b4) ...
#7 44.51 Setting up libgssapi-krb5-2:amd64 (1.21.3-5+deb13u1) ...
#7 44.52 Setting up libxrandr2:amd64 (2:1.5.4-1+b3) ...
#7 44.52 Setting up icu-devtools (76.1-4) ...
#7 44.53 Setting up cpp-14-x86-64-linux-gnu (14.2.0-19) ...
#7 44.53 Setting up gir1.2-glib-2.0:amd64 (2.84.4-3~deb13u3) ...
#7 44.54 Setting up libdpkg-perl (1.22.22) ...
#7 44.54 Setting up cpp-14 (14.2.0-19) ...
#7 44.55 Setting up libdrm2:amd64 (2.4.124-2) ...
#7 44.55 Setting up libdatrie-dev:amd64 (0.2.13-3+b1) ...
#7 44.56 Setting up libopenblas0:amd64 (0.3.29+ds-3) ...
#7 44.56 Setting up gir1.2-glib-2.0-dev:amd64 (2.84.4-3~deb13u3) ...
#7 44.57 Setting up libwayland-cursor0:amd64 (1.23.1-3) ...
#7 44.57 Setting up xml-core (0.19) ...
#7 44.67 Setting up libpam-systemd:amd64 (257.13-1~deb13u1) ...
#7 44.71 debconf: unable to initialize frontend: Dialog
#7 44.71 debconf: (TERM is not set, so the dialog frontend is not usable.)
#7 44.71 debconf: falling back to frontend: Readline
#7 44.72 debconf: unable to initialize frontend: Readline
#7 44.72 debconf: (This frontend requires a controlling tty.)
#7 44.72 debconf: falling back to frontend: Teletype
#7 44.72 debconf: unable to initialize frontend: Teletype
#7 44.72 debconf: (This frontend requires a controlling tty.)
#7 44.72 debconf: falling back to frontend: Noninteractive
#7 44.75 Setting up libc6-dev:amd64 (2.41-12+deb13u3) ...
#7 44.75 Setting up libharfbuzz0b:amd64 (10.2.0-1+deb13u1) ...
#7 44.76 Setting up libgdk-pixbuf-2.0-0:amd64 (2.42.12+dfsg-4+deb13u1) ...
#7 44.77 Setting up libfontconfig1:amd64 (2.15.0-2.3) ...
#7 44.78 Setting up libgcc-14-dev:amd64 (14.2.0-19) ...
#7 44.78 Setting up libstdc++-14-dev:amd64 (14.2.0-19) ...
#7 44.79 Setting up libsm6:amd64 (2:1.2.6-1) ...
#7 44.79 Setting up libarchive13t64:amd64 (3.7.4-4+deb13u1) ...
#7 44.80 Setting up libicu-dev:amd64 (76.1-4) ...
#7 44.80 Setting up libavahi-client3:amd64 (0.8-16) ...
#7 44.81 Setting up binutils-x86-64-linux-gnu (2.44-3) ...
#7 44.81 Setting up libdrm-amdgpu1:amd64 (2.4.124-2) ...
#7 44.82 Setting up libbz2-dev:amd64 (1.0.8-6) ...
#7 44.82 Setting up cpp-x86-64-linux-gnu (4:14.2.0-1) ...
#7 44.83 Setting up libgnutls30t64:amd64 (3.8.9-3+deb13u4) ...
#7 44.83 Setting up libopenblas-pthread-dev:amd64 (0.3.29+ds-3) ...
#7 44.83 update-alternatives: using /usr/lib/x86_64-linux-gnu/openblas-pthread/libblas.so to provide 
/usr/lib/x86_64-linux-gnu/libblas.so (libblas.so-x86_64-linux-gnu) in auto mode
#7 44.84 update-alternatives: using /usr/lib/x86_64-linux-gnu/openblas-pthread/liblapack.so to provide 
/usr/lib/x86_64-linux-gnu/liblapack.so (liblapack.so-x86_64-linux-gnu) in auto mode
#7 44.84 update-alternatives: using /usr/lib/x86_64-linux-gnu/openblas-pthread/libopenblas.so to provide 
/usr/lib/x86_64-linux-gnu/libopenblas.so (libopenblas.so-x86_64-linux-gnu) in auto mode
#7 44.84 Setting up gtk-update-icon-cache (4.18.6+ds-2) ...
#7 44.85 Setting up fontconfig (2.15.0-2.3) ...
#7 44.85 Regenerating fonts cache... done.
#7 46.86 Setting up libgio-2.0-dev-bin (2.84.4-3~deb13u3) ...
#7 46.96 Setting up libxft2:amd64 (2.3.6-1+b4) ...
#7 46.96 Setting up libharfbuzz-icu0:amd64 (10.2.0-1+deb13u1) ...
#7 46.97 Setting up libxcb1-dev:amd64 (1.17.0-2+b1) ...
#7 46.97 Setting up libatk1.0-0t64:amd64 (2.56.2-1+deb13u1) ...
#7 46.98 Setting up libpcre2-dev:amd64 (10.46-1~deb13u1) ...
#7 46.98 Setting up libxi6:amd64 (2:1.8.2-1) ...
#7 46.99 Setting up gir1.2-gdkpixbuf-2.0:amd64 (2.42.12+dfsg-4+deb13u1) ...
#7 46.99 Setting up libgirepository-2.0-0:amd64 (2.84.4-3~deb13u3) ...
#7 47.00 Setting up gir1.2-atk-1.0:amd64 (2.56.2-1+deb13u1) ...
#7 47.00 Setting up libselinux1-dev:amd64 (3.8.1-1) ...
#7 47.01 Setting up libxtst6:amd64 (2:1.2.5-1) ...
#7 47.01 Setting up libxcursor1:amd64 (1:1.2.3-1) ...
#7 47.02 Setting up libpango-1.0-0:amd64 (1.56.3-1) ...
#7 47.02 Setting up libdrm-intel1:amd64 (2.4.124-2) ...
#7 47.03 Setting up libpsl5t64:amd64 (0.21.2-1.1+b1) ...
#7 47.03 Setting up libx11-dev:amd64 (2:1.8.12-1) ...
#7 47.04 Setting up libcloudproviders0:amd64 (0.3.6-2) ...
#7 47.04 Setting up libglib2.0-bin (2.84.4-3~deb13u3) ...
#7 47.05 Setting up libharfbuzz-gobject0:amd64 (10.2.0-1+deb13u1) ...
#7 47.05 Setting up binutils (2.44-3) ...
#7 47.06 Setting up libwayland-dev:amd64 (1.23.1-3) ...
#7 47.07 Setting up libcairo2:amd64 (1.18.4-1+b1) ...
#7 47.07 Setting up libcolord2:amd64 (1.4.7-3) ...
#7 47.08 Setting up dpkg-dev (1.22.22) ...
#7 47.09 Setting up liberror-perl (0.17030-1) ...
#7 47.09 Setting up libdconf1:amd64 (0.40.0-5) ...
#7 47.09 Setting up libxfixes-dev:amd64 (1:6.0.0-2+b4) ...
#7 47.10 Setting up libxcb-shm0-dev:amd64 (1.17.0-2+b1) ...
#7 47.10 Setting up dbus-user-session (1.16.2-2) ...
#7 47.11 Setting up libopenblas-dev:amd64 (0.3.29+ds-3) ...
#7 47.11 Setting up libexpat1-dev:amd64 (2.7.1-2) ...
#7 47.12 Setting up libharfbuzz-cairo0:amd64 (10.2.0-1+deb13u1) ...
#7 47.12 Setting up adwaita-icon-theme (48.1-1) ...
#7 47.13 update-alternatives: using /usr/share/icons/Adwaita/cursor.theme to provide /usr/share/icons/default/index.theme 
(x-cursor-theme) in auto mode
#7 47.14 Setting up libjpeg62-turbo-dev:amd64 (1:2.1.5-4) ...
#7 47.14 Setting up librtmp1:amd64 (2.4+20151223.gitfa8646d.1-2+b5) ...
#7 47.15 Setting up uuid-dev:amd64 (2.41-5) ...
#7 47.15 Setting up libatspi2.0-0t64:amd64 (2.56.2-1+deb13u1) ...
#7 47.16 Setting up liblapack-dev:amd64 (3.12.1-6) ...
#7 47.16 Setting up libxcb-render0-dev:amd64 (1.17.0-2+b1) ...
#7 47.17 Setting up libxext-dev:amd64 (2:1.3.4-1+b3) ...
#7 47.18 Setting up libthai-dev:amd64 (0.1.29-2+b1) ...
#7 47.18 Setting up zlib1g-dev:amd64 (1:1.3.dfsg+really1.3.1-1+b1) ...
#7 47.19 Setting up libgdk-pixbuf2.0-bin (2.42.12+dfsg-4+deb13u1) ...
#7 47.19 Setting up gir1.2-cloudproviders-0.3.0:amd64 (0.3.6-2) ...
#7 47.19 Setting up cpp (4:14.2.0-1) ...
#7 47.20 Setting up libharfbuzz-subset0:amd64 (10.2.0-1+deb13u1) ...
#7 47.21 Setting up libcairo-gobject2:amd64 (1.18.4-1+b1) ...
#7 47.21 Setting up gcc-14-x86-64-linux-gnu (14.2.0-19) ...
#7 47.22 Setting up libpangoft2-1.0-0:amd64 (1.56.3-1) ...
#7 47.22 Setting up libxi-dev:amd64 (2:1.8.2-1) ...
#7 47.23 Setting up libxrender-dev:amd64 (1:0.9.12-1) ...
#7 47.23 Setting up libcups2t64:amd64 (2.4.10-3+deb13u2) ...
#7 47.24 Setting up libngtcp2-crypto-gnutls8:amd64 (1.11.0-1+deb13u1) ...
#7 47.24 Setting up libpangocairo-1.0-0:amd64 (1.56.3-1) ...
#7 47.24 Setting up libxtst-dev:amd64 (2:1.2.5-1) ...
#7 47.25 Setting up libxdamage-dev:amd64 (1:1.1.6-1+b2) ...
#7 47.25 Setting up libcairo-script-interpreter2:amd64 (1.18.4-1+b1) ...
#7 47.26 Setting up libatk-bridge2.0-0t64:amd64 (2.56.2-1+deb13u1) ...
#7 47.26 Setting up libblkid-dev:amd64 (2.41-5) ...
#7 47.27 Setting up mesa-libgallium:amd64 (25.0.7-2) ...
#7 47.27 Setting up gir1.2-freedesktop:amd64 (1.84.0-1) ...
#7 47.28 Setting up girepository-tools:amd64 (2.84.4-3~deb13u3) ...
#7 47.28 Setting up libpangoxft-1.0-0:amd64 (1.56.3-1) ...
#7 47.29 Setting up gcc-x86-64-linux-gnu (4:14.2.0-1) ...
#7 47.29 Setting up libcurl4t64:amd64 (8.14.1-2+deb13u3) ...
#7 47.30 Setting up libgbm1:amd64 (25.0.7-2) ...
#7 47.30 Setting up libsm-dev:amd64 (2:1.2.6-1) ...
#7 47.31 Setting up libxcomposite-dev:amd64 (1:0.4.6-1) ...
#7 47.31 Setting up libxcursor-dev:amd64 (1:1.2.3-1) ...
#7 47.32 Setting up libgl1-mesa-dri:amd64 (25.0.7-2) ...
#7 47.32 Setting up libpng-dev:amd64 (1.6.48-1+deb13u5) ...
#7 47.33 Setting up pango1.0-tools (1.56.3-1) ...
#7 47.33 Setting up libjpeg-dev:amd64 (1:2.1.5-4) ...
#7 47.34 Setting up libcurl3t64-gnutls:amd64 (8.14.1-2+deb13u3) ...
#7 47.34 Setting up dconf-service (0.40.0-5) ...
#7 47.35 Setting up gir1.2-atspi-2.0:amd64 (2.56.2-1+deb13u1) ...
#7 47.35 Setting up gir1.2-harfbuzz-0.0:amd64 (10.2.0-1+deb13u1) ...
#7 47.35 Setting up gcc-14 (14.2.0-19) ...
#7 47.36 Setting up libfreetype-dev:amd64 (2.13.3+dfsg-1+deb13u1) ...
#7 47.36 Setting up gir1.2-pango-1.0:amd64 (1.56.3-1) ...
#7 47.37 Setting up libxrandr-dev:amd64 (2:1.5.4-1+b3) ...
#7 47.37 Setting up libegl-mesa0:amd64 (25.0.7-2) ...
#7 47.38 Setting up libtiff-dev:amd64 (4.7.0-3+deb13u2) ...
#7 47.38 Setting up gir1.2-freedesktop-dev:amd64 (1.84.0-1) ...
#7 47.39 Setting up libxinerama-dev:amd64 (2:1.1.4-3+b4) ...
#7 47.39 Setting up git (1:2.47.3-0+deb13u1) ...
#7 47.40 Setting up g++-14-x86-64-linux-gnu (14.2.0-19) ...
#7 47.41 Setting up libegl1:amd64 (1.7.0-1+b2) ...
#7 47.41 Setting up g++-x86-64-linux-gnu (4:14.2.0-1) ...
#7 47.41 Setting up cmake (3.31.6-2) ...
#7 47.42 Setting up g++-14 (14.2.0-19) ...
#7 47.42 Setting up libmount-dev:amd64 (2.41-5) ...
#7 47.43 Setting up libglib2.0-dev-bin (2.84.4-3~deb13u3) ...
#7 47.43 Setting up libgio-2.0-dev:amd64 (2.84.4-3~deb13u3) ...
#7 47.44 Setting up libglx-mesa0:amd64 (25.0.7-2) ...
#7 47.44 Setting up libglx0:amd64 (1.7.0-1+b2) ...
#7 47.45 Setting up dconf-gsettings-backend:amd64 (0.40.0-5) ...
#7 47.45 Setting up libfontconfig-dev:amd64 (2.15.0-2.3) ...
#7 47.45 Setting up gcc (4:14.2.0-1) ...
#7 47.46 Setting up libgl1:amd64 (1.7.0-1+b2) ...
#7 47.47 Setting up libglib2.0-dev:amd64 (2.84.4-3~deb13u3) ...
#7 47.48 Setting up g++ (4:14.2.0-1) ...
#7 47.48 update-alternatives: using /usr/bin/g++ to provide /usr/bin/c++ (c++) in auto mode
#7 47.49 Setting up build-essential (12.12) ...
#7 47.49 Setting up libglx-dev:amd64 (1.7.0-1+b2) ...
#7 47.50 Setting up libcairo2-dev:amd64 (1.18.4-1+b1) ...
#7 47.50 Setting up libgl-dev:amd64 (1.7.0-1+b2) ...
#7 47.50 Setting up libgtk-3-common (3.24.49-3) ...
#7 47.51 Setting up libatk1.0-dev:amd64 (2.56.2-1+deb13u1) ...
#7 47.52 Setting up libxft-dev:amd64 (2.3.6-1+b4) ...
#7 47.52 Setting up libgdk-pixbuf-2.0-dev:amd64 (2.42.12+dfsg-4+deb13u1) ...
#7 47.52 Setting up libharfbuzz-dev:amd64 (10.2.0-1+deb13u1) ...
#7 47.53 Setting up libegl-dev:amd64 (1.7.0-1+b2) ...
#7 47.53 Setting up libcloudproviders-dev:amd64 (0.3.6-2) ...
#7 47.54 Setting up libepoxy-dev:amd64 (1.5.10-2) ...
#7 47.54 Setting up libpango1.0-dev:amd64 (1.56.3-1) ...
#7 47.55 Setting up libgtk-3-0t64:amd64 (3.24.49-3) ...
#7 47.56 Setting up libgles-dev:amd64 (1.7.0-1+b2) ...
#7 47.56 Setting up gir1.2-gtk-3.0:amd64 (3.24.49-3) ...
#7 47.57 Setting up libglvnd-dev:amd64 (1.7.0-1+b2) ...
#7 47.57 Setting up libegl1-mesa-dev:amd64 (25.0.7-2) ...
#7 47.58 Processing triggers for libc-bin (2.41-12+deb13u3) ...
#7 47.59 Processing triggers for systemd (257.13-1~deb13u1) ...
#7 47.60 Processing triggers for sgml-base (1.31+nmu1) ...
#7 47.61 Setting up libdbus-1-dev:amd64 (1.16.2-2) ...
#7 47.69 Setting up libatspi2.0-dev:amd64 (2.56.2-1+deb13u1) ...
#7 47.70 Setting up libatk-bridge2.0-dev:amd64 (2.56.2-1+deb13u1) ...
#7 47.70 Setting up libgtk-3-dev:amd64 (3.24.49-3) ...
#7 DONE 47.9s

#8 [4/6] COPY requirements.txt ./
#8 DONE 0.1s

#9 [5/6] RUN pip install --upgrade pip     && pip install -r requirements.txt
#9 0.953 Requirement already satisfied: pip in /usr/local/lib/python3.11/site-packages (24.0)
#9 1.213 Collecting pip
#9 1.543   Downloading pip-26.1.2-py3-none-any.whl.metadata (4.6 kB)
#9 1.624 Downloading pip-26.1.2-py3-none-any.whl (1.8 MB)
#9 2.056    ΓöüΓöüΓöüΓöüΓöüΓöüΓöüΓöüΓöüΓöüΓöüΓöüΓöüΓöüΓöüΓöüΓöüΓöüΓöüΓöüΓöüΓöüΓöüΓöüΓöüΓöüΓöüΓöüΓöüΓöüΓöüΓöüΓöüΓöüΓöüΓöüΓöüΓöüΓöüΓöü 
1.8/1.8 MB 4.2 MB/s eta 0:00:00
#9 2.083 Installing collected packages: pip
#9 2.083   Attempting uninstall: pip
#9 2.084     Found existing installation: pip 24.0
#9 2.102     Uninstalling pip-24.0:
#9 2.168       Successfully uninstalled pip-24.0
#9 2.583 WARNING: Running pip as the 'root' user can result in broken permissions and conflicting behaviour with the system package 
manager. It is recommended to use a virtual environment instead: https://pip.pypa.io/warnings/venv
#9 2.583 Successfully installed pip-26.1.2
#9 3.288 Collecting Flask==2.3.3 (from -r requirements.txt (line 2))
#9 3.505   Downloading flask-2.3.3-py3-none-any.whl.metadata (3.6 kB)
#9 3.585 Collecting Flask-SQLAlchemy==3.0.5 (from -r requirements.txt (line 3))
#9 3.651   Downloading flask_sqlalchemy-3.0.5-py3-none-any.whl.metadata (3.3 kB)
#9 3.729 Collecting Flask-Login==0.6.3 (from -r requirements.txt (line 4))
#9 3.794   Downloading Flask_Login-0.6.3-py3-none-any.whl.metadata (5.8 kB)
#9 3.893 Collecting Flask-WTF==1.1.1 (from -r requirements.txt (line 5))
#9 3.959   Downloading Flask_WTF-1.1.1-py3-none-any.whl.metadata (1.9 kB)
#9 4.045 Collecting Flask-Migrate==4.0.5 (from -r requirements.txt (line 6))
#9 4.111   Downloading Flask_Migrate-4.0.5-py3-none-any.whl.metadata (3.1 kB)
#9 4.193 Collecting WTForms==3.0.1 (from -r requirements.txt (line 7))
#9 4.257   Downloading WTForms-3.0.1-py3-none-any.whl.metadata (3.2 kB)
#9 4.358 Collecting Werkzeug==2.3.7 (from -r requirements.txt (line 8))
#9 4.433   Downloading werkzeug-2.3.7-py3-none-any.whl.metadata (4.1 kB)
#9 4.563 Collecting Jinja2==3.1.2 (from -r requirements.txt (line 9))
#9 4.629   Downloading Jinja2-3.1.2-py3-none-any.whl.metadata (3.5 kB)
#9 4.711 Collecting click==8.1.7 (from -r requirements.txt (line 10))
#9 4.781   Downloading click-8.1.7-py3-none-any.whl.metadata (3.0 kB)
#9 4.860 Collecting itsdangerous==2.1.2 (from -r requirements.txt (line 11))
#9 4.929   Downloading itsdangerous-2.1.2-py3-none-any.whl.metadata (2.9 kB)
#9 5.160 Collecting MarkupSafe==2.1.3 (from -r requirements.txt (line 12))
#9 5.224   Downloading MarkupSafe-2.1.3-cp311-cp311-manylinux_2_17_x86_64.manylinux2014_x86_64.whl.metadata (3.0 kB)
#9 5.297 Collecting blinker==1.6.2 (from -r requirements.txt (line 13))
#9 5.363   Downloading blinker-1.6.2-py3-none-any.whl.metadata (2.0 kB)
#9 5.719 Collecting SQLAlchemy==2.0.21 (from -r requirements.txt (line 16))
#9 5.787   Downloading SQLAlchemy-2.0.21-cp311-cp311-manylinux_2_17_x86_64.manylinux2014_x86_64.whl.metadata (9.4 kB)
#9 5.923 Collecting psycopg2-binary==2.9.9 (from -r requirements.txt (line 17))
#9 6.011   Downloading psycopg2_binary-2.9.9-cp311-cp311-manylinux_2_17_x86_64.manylinux2014_x86_64.whl.metadata (4.4 kB)
#9 6.124 Collecting alembic==1.12.1 (from -r requirements.txt (line 18))
#9 6.277   Downloading alembic-1.12.1-py3-none-any.whl.metadata (7.3 kB)
#9 6.419 Collecting face-recognition==1.3.0 (from -r requirements.txt (line 21))
#9 6.489   Downloading face_recognition-1.3.0-py2.py3-none-any.whl.metadata (21 kB)
#9 6.622 Collecting opencv-python==4.8.1.78 (from -r requirements.txt (line 22))
#9 6.690   Downloading opencv_python-4.8.1.78-cp37-abi3-manylinux_2_17_x86_64.manylinux2014_x86_64.whl.metadata (19 kB)
#9 6.775 Collecting dlib==19.24.2 (from -r requirements.txt (line 23))
#9 6.848   Downloading dlib-19.24.2.tar.gz (11.8 MB)
#9 7.929      ΓöüΓöüΓöüΓöüΓöüΓöüΓöüΓöüΓöüΓöüΓöüΓöüΓöüΓöüΓöüΓöüΓöüΓöüΓöüΓöüΓöüΓöüΓöüΓöüΓöüΓöüΓöüΓöüΓöüΓöüΓöüΓöüΓöüΓöüΓöüΓöüΓöüΓöüΓöüΓöü 
11.8/11.8 MB 12.5 MB/s  0:00:01
#9 8.330   Installing build dependencies: started
#9 12.69   Installing build dependencies: finished with status 'done'
#9 12.69   Getting requirements to build wheel: started
#9 12.94   Getting requirements to build wheel: finished with status 'done'
#9 12.94   Preparing metadata (pyproject.toml): started
#9 13.07   Preparing metadata (pyproject.toml): finished with status 'done'
#9 13.14 Collecting face-recognition-models==0.3.0 (from -r requirements.txt (line 24))
#9 13.22   Downloading face_recognition_models-0.3.0.tar.gz (100.1 MB)
#9 20.17      ΓöüΓöüΓöüΓöüΓöüΓöüΓöüΓöüΓöüΓöüΓöüΓöüΓöüΓöüΓöüΓöüΓöüΓöüΓöüΓöüΓöüΓöüΓöüΓöüΓöüΓöüΓöüΓöüΓöüΓöüΓöüΓöüΓöüΓöüΓöüΓöüΓöüΓöüΓöüΓöü 
100.1/100.1 MB 14.4 MB/s  0:00:06
#9 21.28   Installing build dependencies: started
#9 21.77   Installing build dependencies: finished with status 'done'
#9 21.77   Getting requirements to build wheel: started
#9 21.94   Getting requirements to build wheel: finished with status 'done'
#9 21.94   Preparing metadata (pyproject.toml): started
#9 22.03   Preparing metadata (pyproject.toml): finished with status 'done'
#9 22.14 Collecting cmake==3.27.7 (from -r requirements.txt (line 25))
#9 22.21   Downloading cmake-3.27.7-py2.py3-none-manylinux2014_x86_64.manylinux_2_17_x86_64.whl.metadata (6.7 kB)
#9 22.33 Collecting scikit-learn==1.3.2 (from -r requirements.txt (line 26))
#9 22.41   Downloading scikit_learn-1.3.2-cp311-cp311-manylinux_2_17_x86_64.manylinux2014_x86_64.whl.metadata (11 kB)
#9 22.59 Collecting numpy==1.24.3 (from -r requirements.txt (line 29))
#9 22.66   Downloading numpy-1.24.3-cp311-cp311-manylinux_2_17_x86_64.manylinux2014_x86_64.whl.metadata (5.6 kB)
#9 22.83 Collecting Pillow==10.0.1 (from -r requirements.txt (line 30))
#9 22.92   Downloading Pillow-10.0.1-cp311-cp311-manylinux_2_28_x86_64.whl.metadata (9.5 kB)
#9 23.00 Collecting python-dateutil==2.8.2 (from -r requirements.txt (line 31))
#9 23.07   Downloading python_dateutil-2.8.2-py2.py3-none-any.whl.metadata (8.2 kB)
#9 23.21 Collecting pandas==2.1.1 (from -r requirements.txt (line 32))
#9 23.27   Downloading pandas-2.1.1-cp311-cp311-manylinux_2_17_x86_64.manylinux2014_x86_64.whl.metadata (18 kB)
#9 23.38 Collecting python-dotenv==1.0.0 (from -r requirements.txt (line 35))
#9 23.44   Downloading python_dotenv-1.0.0-py3-none-any.whl.metadata (21 kB)
#9 23.53 Collecting pytz==2023.3 (from -r requirements.txt (line 36))
#9 23.60   Downloading pytz-2023.3-py2.py3-none-any.whl.metadata (22 kB)
#9 23.67 Collecting openpyxl==3.1.2 (from -r requirements.txt (line 39))
#9 23.74   Downloading openpyxl-3.1.2-py2.py3-none-any.whl.metadata (2.5 kB)
#9 23.83 Collecting typing-extensions>=4.2.0 (from SQLAlchemy==2.0.21->-r requirements.txt (line 16))
#9 23.90   Downloading typing_extensions-4.15.0-py3-none-any.whl.metadata (3.3 kB)
#9 24.04 Collecting greenlet!=0.4.17 (from SQLAlchemy==2.0.21->-r requirements.txt (line 16))
#9 24.12   Downloading greenlet-3.5.2-cp311-cp311-manylinux_2_24_x86_64.manylinux_2_28_x86_64.whl.metadata (3.8 kB)
#9 24.22 Collecting Mako (from alembic==1.12.1->-r requirements.txt (line 18))
#9 24.28   Downloading mako-1.3.12-py3-none-any.whl.metadata (2.9 kB)
#9 24.44 Collecting scipy>=1.5.0 (from scikit-learn==1.3.2->-r requirements.txt (line 26))
#9 24.61   Downloading scipy-1.17.1-cp311-cp311-manylinux_2_27_x86_64.manylinux_2_28_x86_64.whl.metadata (62 kB)
#9 24.78 Collecting joblib>=1.1.1 (from scikit-learn==1.3.2->-r requirements.txt (line 26))
#9 24.90   Downloading joblib-1.5.3-py3-none-any.whl.metadata (5.5 kB)
#9 24.97 Collecting threadpoolctl>=2.0.0 (from scikit-learn==1.3.2->-r requirements.txt (line 26))
#9 25.05   Downloading threadpoolctl-3.6.0-py3-none-any.whl.metadata (13 kB)
#9 25.13 Collecting six>=1.5 (from python-dateutil==2.8.2->-r requirements.txt (line 31))
#9 25.22   Downloading six-1.17.0-py2.py3-none-any.whl.metadata (1.7 kB)
#9 25.31 Collecting tzdata>=2022.1 (from pandas==2.1.1->-r requirements.txt (line 32))
#9 25.49   Downloading tzdata-2026.2-py2.py3-none-any.whl.metadata (1.4 kB)
#9 25.57 Collecting et-xmlfile (from openpyxl==3.1.2->-r requirements.txt (line 39))
#9 25.65   Downloading et_xmlfile-2.0.0-py3-none-any.whl.metadata (2.7 kB)
#9 25.66 INFO: pip is looking at multiple versions of scipy to determine which version is compatible with other requirements. This 
could take a while.
#9 25.66 Collecting scipy>=1.5.0 (from scikit-learn==1.3.2->-r requirements.txt (line 26))
#9 25.73   Downloading scipy-1.17.0-cp311-cp311-manylinux_2_27_x86_64.manylinux_2_28_x86_64.whl.metadata (62 kB)
#9 25.81   Downloading scipy-1.16.3-cp311-cp311-manylinux2014_x86_64.manylinux_2_17_x86_64.whl.metadata (62 kB)
#9 25.89   Downloading scipy-1.16.2-cp311-cp311-manylinux2014_x86_64.manylinux_2_17_x86_64.whl.metadata (62 kB)
#9 25.96   Downloading scipy-1.16.1-cp311-cp311-manylinux2014_x86_64.manylinux_2_17_x86_64.whl.metadata (61 kB)
#9 26.04   Downloading scipy-1.16.0-cp311-cp311-manylinux2014_x86_64.manylinux_2_17_x86_64.whl.metadata (61 kB)
#9 26.12   Downloading scipy-1.15.3-cp311-cp311-manylinux_2_17_x86_64.manylinux2014_x86_64.whl.metadata (61 kB)
#9 26.20 Downloading flask-2.3.3-py3-none-any.whl (96 kB)
#9 26.28 Downloading flask_sqlalchemy-3.0.5-py3-none-any.whl (24 kB)
#9 26.35 Downloading Flask_Login-0.6.3-py3-none-any.whl (17 kB)
#9 26.42 Downloading Flask_WTF-1.1.1-py3-none-any.whl (12 kB)
#9 26.49 Downloading Flask_Migrate-4.0.5-py3-none-any.whl (21 kB)
#9 26.57 Downloading WTForms-3.0.1-py3-none-any.whl (136 kB)
#9 26.65 Downloading werkzeug-2.3.7-py3-none-any.whl (242 kB)
#9 26.73 Downloading Jinja2-3.1.2-py3-none-any.whl (133 kB)
#9 26.81 Downloading click-8.1.7-py3-none-any.whl (97 kB)
#9 26.89 Downloading itsdangerous-2.1.2-py3-none-any.whl (15 kB)
#9 26.95 Downloading MarkupSafe-2.1.3-cp311-cp311-manylinux_2_17_x86_64.manylinux2014_x86_64.whl (28 kB)
#9 27.02 Downloading blinker-1.6.2-py3-none-any.whl (13 kB)
#9 27.10 Downloading SQLAlchemy-2.0.21-cp311-cp311-manylinux_2_17_x86_64.manylinux2014_x86_64.whl (3.2 MB)
#9 27.28    ΓöüΓöüΓöüΓöüΓöüΓöüΓöüΓöüΓöüΓöüΓöüΓöüΓöüΓöüΓöüΓöüΓöüΓöüΓöüΓöüΓöüΓöüΓöüΓöüΓöüΓöüΓöüΓöüΓöüΓöüΓöüΓöüΓöüΓöüΓöüΓöüΓöüΓöüΓöüΓöü 
3.2/3.2 MB 16.9 MB/s  0:00:00
#9 27.35 Downloading psycopg2_binary-2.9.9-cp311-cp311-manylinux_2_17_x86_64.manylinux2014_x86_64.whl (3.0 MB)
#9 27.52    ΓöüΓöüΓöüΓöüΓöüΓöüΓöüΓöüΓöüΓöüΓöüΓöüΓöüΓöüΓöüΓöüΓöüΓöüΓöüΓöüΓöüΓöüΓöüΓöüΓöüΓöüΓöüΓöüΓöüΓöüΓöüΓöüΓöüΓöüΓöüΓöüΓöüΓöüΓöüΓöü 
3.0/3.0 MB 17.2 MB/s  0:00:00
#9 27.60 Downloading alembic-1.12.1-py3-none-any.whl (226 kB)
#9 27.69 Downloading face_recognition-1.3.0-py2.py3-none-any.whl (15 kB)
#9 27.76 Downloading opencv_python-4.8.1.78-cp37-abi3-manylinux_2_17_x86_64.manylinux2014_x86_64.whl (61.7 MB)
#9 31.38    ΓöüΓöüΓöüΓöüΓöüΓöüΓöüΓöüΓöüΓöüΓöüΓöüΓöüΓöüΓöüΓöüΓöüΓöüΓöüΓöüΓöüΓöüΓöüΓöüΓöüΓöüΓöüΓöüΓöüΓöüΓöüΓöüΓöüΓöüΓöüΓöüΓöüΓöüΓöüΓöü 
61.7/61.7 MB 17.0 MB/s  0:00:03
#9 31.45 Downloading cmake-3.27.7-py2.py3-none-manylinux2014_x86_64.manylinux_2_17_x86_64.whl (26.0 MB)
#9 33.00    ΓöüΓöüΓöüΓöüΓöüΓöüΓöüΓöüΓöüΓöüΓöüΓöüΓöüΓöüΓöüΓöüΓöüΓöüΓöüΓöüΓöüΓöüΓöüΓöüΓöüΓöüΓöüΓöüΓöüΓöüΓöüΓöüΓöüΓöüΓöüΓöüΓöüΓöüΓöüΓöü 
26.0/26.0 MB 16.7 MB/s  0:00:01
#9 33.07 Downloading scikit_learn-1.3.2-cp311-cp311-manylinux_2_17_x86_64.manylinux2014_x86_64.whl (10.9 MB)
#9 33.72    ΓöüΓöüΓöüΓöüΓöüΓöüΓöüΓöüΓöüΓöüΓöüΓöüΓöüΓöüΓöüΓöüΓöüΓöüΓöüΓöüΓöüΓöüΓöüΓöüΓöüΓöüΓöüΓöüΓöüΓöüΓöüΓöüΓöüΓöüΓöüΓöüΓöüΓöüΓöüΓöü 
10.9/10.9 MB 16.7 MB/s  0:00:00
#9 33.79 Downloading numpy-1.24.3-cp311-cp311-manylinux_2_17_x86_64.manylinux2014_x86_64.whl (17.3 MB)
#9 34.83    ΓöüΓöüΓöüΓöüΓöüΓöüΓöüΓöüΓöüΓöüΓöüΓöüΓöüΓöüΓöüΓöüΓöüΓöüΓöüΓöüΓöüΓöüΓöüΓöüΓöüΓöüΓöüΓöüΓöüΓöüΓöüΓöüΓöüΓöüΓöüΓöüΓöüΓöüΓöüΓöü 
17.3/17.3 MB 16.6 MB/s  0:00:01
#9 34.90 Downloading Pillow-10.0.1-cp311-cp311-manylinux_2_28_x86_64.whl (3.6 MB)
#9 35.11    ΓöüΓöüΓöüΓöüΓöüΓöüΓöüΓöüΓöüΓöüΓöüΓöüΓöüΓöüΓöüΓöüΓöüΓöüΓöüΓöüΓöüΓöüΓöüΓöüΓöüΓöüΓöüΓöüΓöüΓöüΓöüΓöüΓöüΓöüΓöüΓöüΓöüΓöüΓöüΓöü 
3.6/3.6 MB 17.0 MB/s  0:00:00
#9 35.17 Downloading python_dateutil-2.8.2-py2.py3-none-any.whl (247 kB)
#9 35.26 Downloading pandas-2.1.1-cp311-cp311-manylinux_2_17_x86_64.manylinux2014_x86_64.whl (12.2 MB)
#9 36.00    ΓöüΓöüΓöüΓöüΓöüΓöüΓöüΓöüΓöüΓöüΓöüΓöüΓöüΓöüΓöüΓöüΓöüΓöüΓöüΓöüΓöüΓöüΓöüΓöüΓöüΓöüΓöüΓöüΓöüΓöüΓöüΓöüΓöüΓöüΓöüΓöüΓöüΓöüΓöüΓöü 
12.2/12.2 MB 16.7 MB/s  0:00:00
#9 36.06 Downloading python_dotenv-1.0.0-py3-none-any.whl (19 kB)
#9 36.13 Downloading pytz-2023.3-py2.py3-none-any.whl (502 kB)
#9 36.24 Downloading openpyxl-3.1.2-py2.py3-none-any.whl (249 kB)
#9 36.33 Downloading greenlet-3.5.2-cp311-cp311-manylinux_2_24_x86_64.manylinux_2_28_x86_64.whl (616 kB)
#9 36.37    ΓöüΓöüΓöüΓöüΓöüΓöüΓöüΓöüΓöüΓöüΓöüΓöüΓöüΓöüΓöüΓöüΓöüΓöüΓöüΓöüΓöüΓöüΓöüΓöüΓöüΓöüΓöüΓöüΓöüΓöüΓöüΓöüΓöüΓöüΓöüΓöüΓöüΓöüΓöüΓöü 
616.9/616.9 kB 15.3 MB/s  0:00:00
#9 36.45 Downloading joblib-1.5.3-py3-none-any.whl (309 kB)
#9 36.55 Downloading scipy-1.15.3-cp311-cp311-manylinux_2_17_x86_64.manylinux2014_x86_64.whl (37.7 MB)
#9 38.81    ΓöüΓöüΓöüΓöüΓöüΓöüΓöüΓöüΓöüΓöüΓöüΓöüΓöüΓöüΓöüΓöüΓöüΓöüΓöüΓöüΓöüΓöüΓöüΓöüΓöüΓöüΓöüΓöüΓöüΓöüΓöüΓöüΓöüΓöüΓöüΓöüΓöüΓöüΓöüΓöü 
37.7/37.7 MB 16.7 MB/s  0:00:02
#9 38.87 Downloading six-1.17.0-py2.py3-none-any.whl (11 kB)
#9 38.94 Downloading threadpoolctl-3.6.0-py3-none-any.whl (18 kB)
#9 39.01 Downloading typing_extensions-4.15.0-py3-none-any.whl (44 kB)
#9 39.08 Downloading tzdata-2026.2-py2.py3-none-any.whl (349 kB)
#9 39.16 Downloading et_xmlfile-2.0.0-py3-none-any.whl (18 kB)
#9 39.23 Downloading mako-1.3.12-py3-none-any.whl (78 kB)
#9 39.36 Building wheels for collected packages: dlib, face-recognition-models
#9 39.36   Building wheel for dlib (pyproject.toml): started
#9 39.69   Building wheel for dlib (pyproject.toml): finished with status 'error'
#9 39.70   error: subprocess-exited-with-error
#9 39.70   
#9 39.70   ├ù Building wheel for dlib (pyproject.toml) did not run successfully.
#9 39.70   Γöé exit code: 1
#9 39.70   Γò░ΓöÇ> [105 lines of output]
#9 39.70       <string>:190: SetuptoolsDeprecationWarning: The test command is disabled and references to it are deprecated.
#9 39.70       !!
#9 39.70       
#9 39.70               ********************************************************************************
#9 39.70               Please remove any references to `setuptools.command.test` in all supported versions of the affected package.
#9 39.70       
#9 39.70               This deprecation is overdue, please update your project and remove deprecated
#9 39.70               calls to avoid build errors in the future.
#9 39.70               ********************************************************************************
#9 39.70       
#9 39.70       !!
#9 39.70       /tmp/pip-build-env-8tnzadwq/overlay/lib/python3.11/site-packages/setuptools/_distutils/dist.py:287: UserWarning: Unknown 
distribution option: 'tests_require'
#9 39.70         warnings.warn(msg)
#9 39.70       running bdist_wheel
#9 39.70       running build
#9 39.70       running build_ext
#9 39.70       Building extension for Python 3.11.15 (main, Jun 11 2026, 01:09:01) [GCC 14.2.0]
#9 39.70       Invoking CMake setup: 'cmake /tmp/pip-install-0ahxd_x8/dlib_1719b158cede4df48ba06217a4f80783/tools/python 
-DCMAKE_LIBRARY_OUTPUT_DIRECTORY=/tmp/pip-install-0ahxd_x8/dlib_1719b158cede4df48ba06217a4f80783/build/lib.linux-x86_64-cpython-311 
-DPYTHON_EXECUTABLE=/usr/local/bin/python3.11 -DCMAKE_BUILD_TYPE=Release'
#9 39.70       CMake Deprecation Warning at CMakeLists.txt:2 (CMAKE_MINIMUM_REQUIRED):
#9 39.70         Compatibility with CMake < 3.10 will be removed from a future version of
#9 39.70         CMake.
#9 39.70       
#9 39.70         Update the VERSION argument <min> value.  Or, use the <min>...<max> syntax
#9 39.70         to tell CMake that the project requires at least <min> but has been updated
#9 39.70         to work with policies introduced by <max> or earlier.
#9 39.70       
#9 39.70       
#9 39.70       -- The C compiler identification is GNU 14.2.0
#9 39.70       -- The CXX compiler identification is GNU 14.2.0
#9 39.70       -- Detecting C compiler ABI info
#9 39.70       -- Detecting C compiler ABI info - done
#9 39.70       -- Check for working C compiler: /usr/bin/cc - skipped
#9 39.70       -- Detecting C compile features
#9 39.70       -- Detecting C compile features - done
#9 39.70       -- Detecting CXX compiler ABI info
#9 39.70       -- Detecting CXX compiler ABI info - done
#9 39.70       -- Check for working CXX compiler: /usr/bin/c++ - skipped
#9 39.70       -- Detecting CXX compile features
#9 39.70       -- Detecting CXX compile features - done
#9 39.70       CMake Error at /tmp/pip-install-0ahxd_x8/dlib_1719b158cede4df48ba06217a4f80783/dlib/external/pybind11/CMakeLists.txt:8 
(cmake_minimum_required):
#9 39.70         Compatibility with CMake < 3.5 has been removed from CMake.
#9 39.70       
#9 39.70         Update the VERSION argument <min> value.  Or, use the <min>...<max> syntax
#9 39.70         to tell CMake that the project requires at least <min> but has been updated
#9 39.70         to work with policies introduced by <max> or earlier.
#9 39.70       
#9 39.70         Or, add -DCMAKE_POLICY_VERSION_MINIMUM=3.5 to try configuring anyway.
#9 39.70       
#9 39.70       
#9 39.70       -- Configuring incomplete, errors occurred!
#9 39.70       Traceback (most recent call last):
#9 39.70         File "/usr/local/lib/python3.11/site-packages/pip/_vendor/pyproject_hooks/_in_process/_in_process.py", line 389, in 
<module>
#9 39.70           main()
#9 39.70         File "/usr/local/lib/python3.11/site-packages/pip/_vendor/pyproject_hooks/_in_process/_in_process.py", line 373, in 
main
#9 39.70           json_out["return_val"] = hook(**hook_input["kwargs"])
#9 39.70                                    ^^^^^^^^^^^^^^^^^^^^^^^^^^^^
#9 39.70         File "/usr/local/lib/python3.11/site-packages/pip/_vendor/pyproject_hooks/_in_process/_in_process.py", line 280, in 
build_wheel
#9 39.70           return _build_backend().build_wheel(
#9 39.70                  ^^^^^^^^^^^^^^^^^^^^^^^^^^^^^
#9 39.70         File "/tmp/pip-build-env-8tnzadwq/overlay/lib/python3.11/site-packages/setuptools/build_meta.py", line 441, in 
build_wheel
#9 39.70           return _build(['bdist_wheel', '--dist-info-dir', str(metadata_directory)])
#9 39.70                  ^^^^^^^^^^^^^^^^^^^^^^^^^^^^^^^^^^^^^^^^^^^^^^^^^^^^^^^^^^^^^^^^^^^
#9 39.70         File "/tmp/pip-build-env-8tnzadwq/overlay/lib/python3.11/site-packages/setuptools/build_meta.py", line 429, in _build
#9 39.70           return self._build_with_temp_dir(
#9 39.70                  ^^^^^^^^^^^^^^^^^^^^^^^^^^
#9 39.70         File "/tmp/pip-build-env-8tnzadwq/overlay/lib/python3.11/site-packages/setuptools/build_meta.py", line 410, in 
_build_with_temp_dir
#9 39.70           self.run_setup()
#9 39.70         File "/tmp/pip-build-env-8tnzadwq/overlay/lib/python3.11/site-packages/setuptools/build_meta.py", line 317, in 
run_setup
#9 39.70           exec(code, locals())
#9 39.70         File "<string>", line 218, in <module>
#9 39.70         File "/tmp/pip-build-env-8tnzadwq/overlay/lib/python3.11/site-packages/setuptools/__init__.py", line 117, in setup
#9 39.70           return distutils.core.setup(**attrs)  # type: ignore[return-value]
#9 39.70                  ^^^^^^^^^^^^^^^^^^^^^^^^^^^^^
#9 39.70         File "/tmp/pip-build-env-8tnzadwq/overlay/lib/python3.11/site-packages/setuptools/_distutils/core.py", line 186, in 
setup
#9 39.70           return run_commands(dist)
#9 39.70                  ^^^^^^^^^^^^^^^^^^
#9 39.70         File "/tmp/pip-build-env-8tnzadwq/overlay/lib/python3.11/site-packages/setuptools/_distutils/core.py", line 202, in 
run_commands
#9 39.70           dist.run_commands()
#9 39.70         File "/tmp/pip-build-env-8tnzadwq/overlay/lib/python3.11/site-packages/setuptools/_distutils/dist.py", line 1000, in 
run_commands
#9 39.70           self.run_command(cmd)
#9 39.70         File "/tmp/pip-build-env-8tnzadwq/overlay/lib/python3.11/site-packages/setuptools/dist.py", line 1107, in run_command
#9 39.70           super().run_command(command)
#9 39.70         File "/tmp/pip-build-env-8tnzadwq/overlay/lib/python3.11/site-packages/setuptools/_distutils/dist.py", line 1019, in 
run_command
#9 39.70           cmd_obj.run()
#9 39.70         File "/tmp/pip-build-env-8tnzadwq/overlay/lib/python3.11/site-packages/setuptools/command/bdist_wheel.py", line 370, 
in run
#9 39.70           self.run_command("build")
#9 39.70         File "/tmp/pip-build-env-8tnzadwq/overlay/lib/python3.11/site-packages/setuptools/_distutils/cmd.py", line 341, in 
run_command
#9 39.70           self.distribution.run_command(command)
#9 39.70         File "/tmp/pip-build-env-8tnzadwq/overlay/lib/python3.11/site-packages/setuptools/dist.py", line 1107, in run_command
#9 39.70           super().run_command(command)
#9 39.70         File "/tmp/pip-build-env-8tnzadwq/overlay/lib/python3.11/site-packages/setuptools/_distutils/dist.py", line 1019, in 
run_command
#9 39.70           cmd_obj.run()
#9 39.70         File "/tmp/pip-build-env-8tnzadwq/overlay/lib/python3.11/site-packages/setuptools/_distutils/command/build.py", line 
135, in run
#9 39.70           self.run_command(cmd_name)
#9 39.70         File "/tmp/pip-build-env-8tnzadwq/overlay/lib/python3.11/site-packages/setuptools/_distutils/cmd.py", line 341, in 
run_command
#9 39.70           self.distribution.run_command(command)
#9 39.70         File "/tmp/pip-build-env-8tnzadwq/overlay/lib/python3.11/site-packages/setuptools/dist.py", line 1107, in run_command
#9 39.70           super().run_command(command)
#9 39.70         File "/tmp/pip-build-env-8tnzadwq/overlay/lib/python3.11/site-packages/setuptools/_distutils/dist.py", line 1019, in 
run_command
#9 39.70           cmd_obj.run()
#9 39.70         File "<string>", line 130, in run
#9 39.70         File "<string>", line 167, in build_extension
#9 39.70         File "/usr/local/lib/python3.11/subprocess.py", line 413, in check_call
#9 39.70           raise CalledProcessError(retcode, cmd)
#9 39.70       subprocess.CalledProcessError: Command '['cmake', 
'/tmp/pip-install-0ahxd_x8/dlib_1719b158cede4df48ba06217a4f80783/tools/python', 
'-DCMAKE_LIBRARY_OUTPUT_DIRECTORY=/tmp/pip-install-0ahxd_x8/dlib_1719b158cede4df48ba06217a4f80783/build/lib.linux-x86_64-cpython-311', 
'-DPYTHON_EXECUTABLE=/usr/local/bin/python3.11', '-DCMAKE_BUILD_TYPE=Release']' returned non-zero exit status 1.
#9 39.70       [end of output]
#9 39.70   
#9 39.70   note: This error originates from a subprocess, and is likely not a problem with pip.
#9 39.70   ERROR: Failed building wheel for dlib
#9 39.70   Building wheel for face-recognition-models (pyproject.toml): started
#9 46.22   Building wheel for face-recognition-models (pyproject.toml): finished with status 'done'
#9 46.27   Created wheel for face-recognition-models: filename=face_recognition_models-0.3.0-py2.py3-none-any.whl size=100566241 
sha256=3a276ab98c37319fc2a9d77690e754b3793540f8613d531a225c9f6c9f20cd51
#9 46.27   Stored in directory: /root/.cache/pip/wheels/04/52/ec/9355da79c29f160b038a20c784db2803c2f9fa2c8a462c176a
#9 46.27 Successfully built face-recognition-models
#9 46.27 Failed to build dlib
#9 46.27 error: failed-wheel-build-for-install
#9 46.27 
#9 46.27 ├ù Failed to build installable wheels for some pyproject.toml based projects
#9 46.27 Γò░ΓöÇ> dlib
#9 ERROR: process "/bin/sh -c pip install --upgrade pip     && pip install -r requirements.txt" did not complete successfully: exit 
code: 1
------
 > [5/6] RUN pip install --upgrade pip     && pip install -r requirements.txt:
39.70   Building wheel for face-recognition-models (pyproject.toml): started
46.22   Building wheel for face-recognition-models (pyproject.toml): finished with status 'done'
46.27   Created wheel for face-recognition-models: filename=face_recognition_models-0.3.0-py2.py3-none-any.whl size=100566241 
sha256=3a276ab98c37319fc2a9d77690e754b3793540f8613d531a225c9f6c9f20cd51
46.27   Stored in directory: /root/.cache/pip/wheels/04/52/ec/9355da79c29f160b038a20c784db2803c2f9fa2c8a462c176a
46.27 Successfully built face-recognition-models
46.27 Failed to build dlib
46.27 error: failed-wheel-build-for-install
46.27 
46.27 ├ù Failed to build installable wheels for some pyproject.toml based projects
46.27 Γò░ΓöÇ> dlib
------
Dockerfile:24
--------------------
  23 |     COPY requirements.txt ./
  24 | >>> RUN pip install --upgrade pip \
  25 | >>>     && pip install -r requirements.txt
  26 |     
--------------------
ERROR: failed to build: failed to solve: process "/bin/sh -c pip install --upgrade pip     && pip install -r requirements.txt" did not 
complete successfully: exit code: 1

View build details: docker-desktop://dashboard/build/desktop-linux/desktop-linux/djq2or7t16i5y2h0x79uam6fq
